/home/dubin/TOMAS/fluid_TO/fluid_fe.py:63: UserWarning: Creating a tensor from a list of numpy.ndarrays is extremely slow. Please consider converting the list to a single numpy.ndarray with numpy.array() before converting to a tensor. (Triggered internally at ../torch/csrc/utils/tensor_new.cpp:261.)
  assembled_A_matrix =  torch.sparse_coo_tensor(
/home/dubin/TOMAS/fluid_TO/plot.py:56: UserWarning: FigureCanvasAgg is non-interactive, and thus cannot be shown
  plt.show()
/home/dubin/TOMAS/fluid_TO/plot.py:57: UserWarning: FigureCanvasAgg is non-interactive, and thus cannot be shown
  plt.pause(0.01)
Loaded VAE + normalisation tensors.
Adam optimizer
Iter   0 J: 3.91E+01 perimeter: 177.11
Saved /home/dubin/TOMAS/output/klfix_bent_pipe/design_epoch_0000.png
Iter   1 J: 3.20E+01 perimeter: 152.64
Iter   2 J: 3.09E+01 perimeter: 136.39
Iter   3 J: 2.87E+01 perimeter: 128.82
Iter   4 J: 2.63E+01 perimeter: 124.06
Iter   5 J: 2.58E+01 perimeter: 118.70
Iter   6 J: 2.57E+01 perimeter: 114.67
Iter   7 J: 2.36E+01 perimeter: 111.22
Iter   8 J: 2.21E+01 perimeter: 106.06
Iter   9 J: 1.98E+01 perimeter: 101.24
Iter  10 J: 1.90E+01 perimeter: 97.72
Iter  11 J: 1.75E+01 perimeter: 95.01
Iter  12 J: 1.60E+01 perimeter: 92.66
Iter  13 J: 1.54E+01 perimeter: 91.09
Iter  14 J: 1.45E+01 perimeter: 89.02
Iter  15 J: 1.39E+01 perimeter: 87.01
Iter  16 J: 1.34E+01 perimeter: 83.95
Iter  17 J: 1.28E+01 perimeter: 81.81
Iter  18 J: 1.26E+01 perimeter: 80.32
Iter  19 J: 1.23E+01 perimeter: 79.23
Iter  20 J: 1.21E+01 perimeter: 78.49
Saved /home/dubin/TOMAS/output/klfix_bent_pipe/design_epoch_0020.png
Iter  21 J: 1.19E+01 perimeter: 77.42
Iter  22 J: 1.16E+01 perimeter: 75.55
Iter  23 J: 1.15E+01 perimeter: 74.11
Iter  24 J: 1.13E+01 perimeter: 73.47
Iter  25 J: 1.12E+01 perimeter: 73.92
Iter  26 J: 1.10E+01 perimeter: 74.08
Iter  27 J: 1.10E+01 perimeter: 74.58
Iter  28 J: 1.09E+01 perimeter: 74.82
Iter  29 J: 1.10E+01 perimeter: 74.85
Iter  30 J: 1.08E+01 perimeter: 73.98
Iter  31 J: 1.06E+01 perimeter: 73.66
Iter  32 J: 1.05E+01 perimeter: 72.99
Iter  33 J: 1.04E+01 perimeter: 72.56
Iter  34 J: 1.04E+01 perimeter: 72.76
Iter  35 J: 1.03E+01 perimeter: 73.48
Iter  36 J: 1.03E+01 perimeter: 74.24
Iter  37 J: 1.03E+01 perimeter: 74.49
Iter  38 J: 1.01E+01 perimeter: 73.53
Iter  39 J: 1.02E+01 perimeter: 73.35
Iter  40 J: 1.01E+01 perimeter: 73.64
Saved /home/dubin/TOMAS/output/klfix_bent_pipe/design_epoch_0040.png
Iter  41 J: 1.01E+01 perimeter: 73.91
Iter  42 J: 1.01E+01 perimeter: 74.22
Iter  43 J: 1.00E+01 perimeter: 74.60
Iter  44 J: 1.01E+01 perimeter: 74.62
Iter  45 J: 9.99E+00 perimeter: 74.81
Iter  46 J: 9.92E+00 perimeter: 74.41
Iter  47 J: 9.98E+00 perimeter: 74.30
Iter  48 J: 9.90E+00 perimeter: 74.27
Iter  49 J: 9.81E+00 perimeter: 74.01
Iter  50 J: 9.81E+00 perimeter: 74.25
Iter  51 J: 9.77E+00 perimeter: 74.24
Iter  52 J: 9.82E+00 perimeter: 74.70
Iter  53 J: 9.88E+00 perimeter: 75.21
Iter  54 J: 9.84E+00 perimeter: 75.63
Iter  55 J: 9.78E+00 perimeter: 75.35
Iter  56 J: 9.70E+00 perimeter: 74.71
Iter  57 J: 9.72E+00 perimeter: 74.08
Iter  58 J: 9.68E+00 perimeter: 73.76
Iter  59 J: 9.64E+00 perimeter: 74.14
Iter  60 J: 9.64E+00 perimeter: 75.02
Saved /home/dubin/TOMAS/output/klfix_bent_pipe/design_epoch_0060.png
Iter  61 J: 9.60E+00 perimeter: 75.00
Iter  62 J: 9.57E+00 perimeter: 75.22
Iter  63 J: 9.54E+00 perimeter: 75.05
Iter  64 J: 9.51E+00 perimeter: 75.18
Iter  65 J: 9.50E+00 perimeter: 74.90
Iter  66 J: 9.53E+00 perimeter: 74.97
Iter  67 J: 9.52E+00 perimeter: 75.29
Iter  68 J: 9.46E+00 perimeter: 74.71
Iter  69 J: 9.53E+00 perimeter: 74.63
Iter  70 J: 9.51E+00 perimeter: 74.75
Iter  71 J: 9.44E+00 perimeter: 74.96
Iter  72 J: 9.50E+00 perimeter: 75.75
Iter  73 J: 9.50E+00 perimeter: 75.26
Iter  74 J: 9.43E+00 perimeter: 74.49
Iter  75 J: 9.45E+00 perimeter: 74.71
Iter  76 J: 9.43E+00 perimeter: 75.28
Iter  77 J: 9.41E+00 perimeter: 75.61
Iter  78 J: 9.40E+00 perimeter: 75.34
Iter  79 J: 9.42E+00 perimeter: 75.24
Iter  80 J: 9.38E+00 perimeter: 75.24
Saved /home/dubin/TOMAS/output/klfix_bent_pipe/design_epoch_0080.png
Iter  81 J: 9.33E+00 perimeter: 75.26
Iter  82 J: 9.38E+00 perimeter: 75.23
Iter  83 J: 9.36E+00 perimeter: 74.88
Iter  84 J: 9.33E+00 perimeter: 74.82
Iter  85 J: 9.30E+00 perimeter: 75.18
Iter  86 J: 9.32E+00 perimeter: 75.03
Iter  87 J: 9.33E+00 perimeter: 75.28
Iter  88 J: 9.30E+00 perimeter: 75.10
Iter  89 J: 9.37E+00 perimeter: 74.73
Iter  90 J: 9.33E+00 perimeter: 74.45
Iter  91 J: 9.32E+00 perimeter: 75.01
Iter  92 J: 9.31E+00 perimeter: 75.49
Iter  93 J: 9.30E+00 perimeter: 75.20
Iter  94 J: 9.25E+00 perimeter: 74.97
Iter  95 J: 9.25E+00 perimeter: 75.35
Iter  96 J: 9.25E+00 perimeter: 75.71
Iter  97 J: 9.21E+00 perimeter: 75.43
Iter  98 J: 9.24E+00 perimeter: 75.30
Iter  99 J: 9.20E+00 perimeter: 74.91
Iter 100 J: 9.21E+00 perimeter: 75.16
Saved /home/dubin/TOMAS/output/klfix_bent_pipe/design_epoch_0100.png
Iter 101 J: 9.21E+00 perimeter: 75.81
Iter 102 J: 9.19E+00 perimeter: 75.83
Iter 103 J: 9.19E+00 perimeter: 75.21
Iter 104 J: 9.16E+00 perimeter: 74.95
Iter 105 J: 9.15E+00 perimeter: 75.55
Iter 106 J: 9.19E+00 perimeter: 75.49
Iter 107 J: 9.14E+00 perimeter: 75.21
Iter 108 J: 9.29E+00 perimeter: 75.76
Iter 109 J: 9.27E+00 perimeter: 75.62
Iter 110 J: 9.17E+00 perimeter: 75.12
Iter 111 J: 9.20E+00 perimeter: 75.17
Iter 112 J: 9.15E+00 perimeter: 75.38
Iter 113 J: 9.23E+00 perimeter: 76.14
Iter 114 J: 9.24E+00 perimeter: 75.86
Iter 115 J: 9.18E+00 perimeter: 74.73
Iter 116 J: 9.17E+00 perimeter: 75.07
Iter 117 J: 9.18E+00 perimeter: 75.45
Iter 118 J: 9.16E+00 perimeter: 75.24
Iter 119 J: 9.10E+00 perimeter: 74.96
Iter 120 J: 9.21E+00 perimeter: 75.69
Saved /home/dubin/TOMAS/output/klfix_bent_pipe/design_epoch_0120.png
Iter 121 J: 9.16E+00 perimeter: 76.16
Iter 122 J: 9.12E+00 perimeter: 75.83
Iter 123 J: 9.13E+00 perimeter: 75.14
Iter 124 J: 9.09E+00 perimeter: 74.42
Iter 125 J: 9.10E+00 perimeter: 75.05
Iter 126 J: 9.11E+00 perimeter: 75.91
Iter 127 J: 9.09E+00 perimeter: 75.45
Iter 128 J: 9.08E+00 perimeter: 75.01
Iter 129 J: 9.07E+00 perimeter: 75.31
Iter 130 J: 9.07E+00 perimeter: 75.46
Iter 131 J: 9.13E+00 perimeter: 75.89
Iter 132 J: 9.10E+00 perimeter: 75.56
Iter 133 J: 9.06E+00 perimeter: 75.08
Iter 134 J: 9.09E+00 perimeter: 75.53
Iter 135 J: 9.06E+00 perimeter: 75.63
Iter 136 J: 9.04E+00 perimeter: 75.22
Iter 137 J: 9.07E+00 perimeter: 75.38
Iter 138 J: 9.02E+00 perimeter: 75.55
Iter 139 J: 9.01E+00 perimeter: 75.18
Iter 140 J: 9.01E+00 perimeter: 75.18
Saved /home/dubin/TOMAS/output/klfix_bent_pipe/design_epoch_0140.png
Iter 141 J: 9.08E+00 perimeter: 76.00
Iter 142 J: 9.01E+00 perimeter: 75.97
Iter 143 J: 9.08E+00 perimeter: 75.51
Iter 144 J: 9.08E+00 perimeter: 74.71
Iter 145 J: 9.07E+00 perimeter: 74.83
Iter 146 J: 9.05E+00 perimeter: 75.50
Iter 147 J: 9.10E+00 perimeter: 76.39
Iter 148 J: 9.08E+00 perimeter: 75.94
Iter 149 J: 9.08E+00 perimeter: 75.32
Iter 150 J: 9.02E+00 perimeter: 74.66
Iter 151 J: 9.03E+00 perimeter: 75.45
Iter 152 J: 9.04E+00 perimeter: 76.02
Iter 153 J: 8.99E+00 perimeter: 74.80
Iter 154 J: 9.05E+00 perimeter: 74.99
Iter 155 J: 9.06E+00 perimeter: 76.33
Iter 156 J: 8.99E+00 perimeter: 75.77
Iter 157 J: 9.06E+00 perimeter: 74.69
Iter 158 J: 9.13E+00 perimeter: 75.59
Iter 159 J: 9.10E+00 perimeter: 75.73
Iter 160 J: 8.97E+00 perimeter: 75.01
Saved /home/dubin/TOMAS/output/klfix_bent_pipe/design_epoch_0160.png
Iter 161 J: 9.03E+00 perimeter: 76.45
Iter 162 J: 9.07E+00 perimeter: 76.80
Iter 163 J: 8.96E+00 perimeter: 75.03
Iter 164 J: 8.97E+00 perimeter: 75.06
Iter 165 J: 9.00E+00 perimeter: 75.80
Iter 166 J: 8.95E+00 perimeter: 75.23
Iter 167 J: 9.00E+00 perimeter: 75.65
Iter 168 J: 9.00E+00 perimeter: 75.88
Iter 169 J: 8.95E+00 perimeter: 75.56
Iter 170 J: 8.98E+00 perimeter: 75.49
Iter 171 J: 8.96E+00 perimeter: 74.79
Iter 172 J: 8.91E+00 perimeter: 75.23
Iter 173 J: 8.99E+00 perimeter: 76.45
Iter 174 J: 9.03E+00 perimeter: 76.85
Iter 175 J: 8.95E+00 perimeter: 75.44
Iter 176 J: 8.95E+00 perimeter: 74.97
Iter 177 J: 8.97E+00 perimeter: 75.26
Iter 178 J: 8.93E+00 perimeter: 75.16
Iter 179 J: 8.90E+00 perimeter: 75.45
Iter 180 J: 8.92E+00 perimeter: 76.08
Saved /home/dubin/TOMAS/output/klfix_bent_pipe/design_epoch_0180.png
Iter 181 J: 8.90E+00 perimeter: 76.05
Iter 182 J: 8.91E+00 perimeter: 75.06
Iter 183 J: 8.88E+00 perimeter: 75.29
Iter 184 J: 8.91E+00 perimeter: 75.68
Iter 185 J: 8.89E+00 perimeter: 75.84
Iter 186 J: 8.95E+00 perimeter: 75.62
Iter 187 J: 8.97E+00 perimeter: 75.26
Iter 188 J: 8.89E+00 perimeter: 74.96
Iter 189 J: 8.92E+00 perimeter: 76.03
Iter 190 J: 8.90E+00 perimeter: 75.67
Iter 191 J: 8.86E+00 perimeter: 75.26
Iter 192 J: 8.91E+00 perimeter: 75.88
Iter 193 J: 8.91E+00 perimeter: 75.80
Iter 194 J: 8.88E+00 perimeter: 75.27
Iter 195 J: 8.93E+00 perimeter: 75.48
Iter 196 J: 8.90E+00 perimeter: 75.22
Iter 197 J: 8.88E+00 perimeter: 75.83
Iter 198 J: 8.87E+00 perimeter: 75.18
Iter 199 J: 8.90E+00 perimeter: 75.86
Iter 200 J: 8.86E+00 perimeter: 75.64
Saved /home/dubin/TOMAS/output/klfix_bent_pipe/design_epoch_0200.png
Iter 201 J: 8.96E+00 perimeter: 75.07
Iter 202 J: 8.92E+00 perimeter: 75.29
Iter 203 J: 8.96E+00 perimeter: 76.33
Iter 204 J: 8.95E+00 perimeter: 75.90
Iter 205 J: 8.84E+00 perimeter: 74.99
Iter 206 J: 8.98E+00 perimeter: 76.33
Iter 207 J: 8.90E+00 perimeter: 76.13
Iter 208 J: 8.84E+00 perimeter: 75.00
Iter 209 J: 8.84E+00 perimeter: 75.62
Iter 210 J: 8.82E+00 perimeter: 75.13
Iter 211 J: 8.83E+00 perimeter: 75.74
Iter 212 J: 8.85E+00 perimeter: 76.03
Iter 213 J: 8.82E+00 perimeter: 75.50
Iter 214 J: 8.85E+00 perimeter: 75.33
Iter 215 J: 8.81E+00 perimeter: 75.31
Iter 216 J: 8.82E+00 perimeter: 75.90
Iter 217 J: 8.84E+00 perimeter: 75.87
Iter 218 J: 8.81E+00 perimeter: 74.93
Iter 219 J: 8.81E+00 perimeter: 76.02
Iter 220 J: 8.78E+00 perimeter: 75.98
Saved /home/dubin/TOMAS/output/klfix_bent_pipe/design_epoch_0220.png
Iter 221 J: 8.77E+00 perimeter: 74.88
Iter 222 J: 8.80E+00 perimeter: 76.03
Iter 223 J: 8.79E+00 perimeter: 75.33
Iter 224 J: 8.79E+00 perimeter: 75.29
Iter 225 J: 8.82E+00 perimeter: 76.39
Iter 226 J: 8.76E+00 perimeter: 75.84
Iter 227 J: 8.81E+00 perimeter: 74.74
Iter 228 J: 8.82E+00 perimeter: 75.10
Iter 229 J: 8.83E+00 perimeter: 76.54
Iter 230 J: 8.84E+00 perimeter: 76.26
Iter 231 J: 8.74E+00 perimeter: 74.68
Iter 232 J: 8.80E+00 perimeter: 75.60
Iter 233 J: 8.73E+00 perimeter: 76.19
Iter 234 J: 8.74E+00 perimeter: 75.70
Iter 235 J: 8.72E+00 perimeter: 74.85
Iter 236 J: 8.74E+00 perimeter: 75.58
Iter 237 J: 8.76E+00 perimeter: 75.87
Iter 238 J: 8.70E+00 perimeter: 75.65
Iter 239 J: 8.75E+00 perimeter: 75.40
Iter 240 J: 8.72E+00 perimeter: 75.69
Saved /home/dubin/TOMAS/output/klfix_bent_pipe/design_epoch_0240.png
Iter 241 J: 8.78E+00 perimeter: 75.96
Iter 242 J: 8.79E+00 perimeter: 75.37
Iter 243 J: 8.78E+00 perimeter: 75.52
Iter 244 J: 8.74E+00 perimeter: 75.50
Iter 245 J: 8.82E+00 perimeter: 75.67
Iter 246 J: 8.85E+00 perimeter: 75.96
Iter 247 J: 8.81E+00 perimeter: 75.16
Iter 248 J: 8.78E+00 perimeter: 75.66
Iter 249 J: 8.79E+00 perimeter: 76.13
Iter 250 J: 8.82E+00 perimeter: 75.43
Iter 251 J: 8.76E+00 perimeter: 74.87
Iter 252 J: 8.77E+00 perimeter: 76.41
Iter 253 J: 8.74E+00 perimeter: 75.83
Iter 254 J: 8.83E+00 perimeter: 74.74
Iter 255 J: 8.91E+00 perimeter: 75.73
Iter 256 J: 8.75E+00 perimeter: 75.96
Iter 257 J: 8.73E+00 perimeter: 75.60
Iter 258 J: 8.71E+00 perimeter: 75.19
Iter 259 J: 8.69E+00 perimeter: 76.01
Iter 260 J: 8.72E+00 perimeter: 75.32
Saved /home/dubin/TOMAS/output/klfix_bent_pipe/design_epoch_0260.png
Iter 261 J: 8.74E+00 perimeter: 76.16
Iter 262 J: 8.70E+00 perimeter: 75.37
Iter 263 J: 8.71E+00 perimeter: 75.59
Iter 264 J: 8.68E+00 perimeter: 75.35
Iter 265 J: 8.72E+00 perimeter: 75.75
Iter 266 J: 8.70E+00 perimeter: 75.41
Iter 267 J: 8.69E+00 perimeter: 75.90
Iter 268 J: 8.71E+00 perimeter: 75.45
Iter 269 J: 8.68E+00 perimeter: 75.26
Iter 270 J: 8.70E+00 perimeter: 76.07
Iter 271 J: 8.68E+00 perimeter: 75.70
Iter 272 J: 8.69E+00 perimeter: 74.93
Iter 273 J: 8.71E+00 perimeter: 76.04
Iter 274 J: 8.67E+00 perimeter: 76.04
Iter 275 J: 8.66E+00 perimeter: 75.20
Iter 276 J: 8.72E+00 perimeter: 75.96
Iter 277 J: 8.67E+00 perimeter: 75.59
Iter 278 J: 8.75E+00 perimeter: 75.68
Iter 279 J: 8.76E+00 perimeter: 75.61
Iter 280 J: 8.68E+00 perimeter: 74.76
Saved /home/dubin/TOMAS/output/klfix_bent_pipe/design_epoch_0280.png
Iter 281 J: 8.77E+00 perimeter: 76.39
Iter 282 J: 8.69E+00 perimeter: 76.14
Iter 283 J: 8.74E+00 perimeter: 75.44
Iter 284 J: 8.71E+00 perimeter: 75.26
Iter 285 J: 8.67E+00 perimeter: 75.29
Iter 286 J: 8.70E+00 perimeter: 76.30
Iter 287 J: 8.71E+00 perimeter: 75.62
Iter 288 J: 8.64E+00 perimeter: 74.97
Iter 289 J: 8.72E+00 perimeter: 76.29
Iter 290 J: 8.73E+00 perimeter: 75.84
Iter 291 J: 8.67E+00 perimeter: 74.81
Iter 292 J: 8.75E+00 perimeter: 76.91
Iter 293 J: 8.73E+00 perimeter: 76.48
Iter 294 J: 8.67E+00 perimeter: 75.42
Iter 295 J: 8.70E+00 perimeter: 75.40
Iter 296 J: 8.68E+00 perimeter: 75.38
Iter 297 J: 8.65E+00 perimeter: 75.65
Iter 298 J: 8.73E+00 perimeter: 75.71
Iter 299 J: 8.74E+00 perimeter: 75.28
Iter 300 J: 8.71E+00 perimeter: 75.61
Saved /home/dubin/TOMAS/output/klfix_bent_pipe/design_epoch_0300.png

Optimization done in 813.3 s
Saved /home/dubin/TOMAS/output/klfix_bent_pipe/convergence.png
