/home/dubin/TOMAS/fluid_TO/fluid_fe.py:63: UserWarning: Creating a tensor from a list of numpy.ndarrays is extremely slow. Please consider converting the list to a single numpy.ndarray with numpy.array() before converting to a tensor. (Triggered internally at ../torch/csrc/utils/tensor_new.cpp:261.)
  assembled_A_matrix =  torch.sparse_coo_tensor(
/home/dubin/TOMAS/fluid_TO/plot.py:56: UserWarning: FigureCanvasAgg is non-interactive, and thus cannot be shown
  plt.show()
/home/dubin/TOMAS/fluid_TO/plot.py:57: UserWarning: FigureCanvasAgg is non-interactive, and thus cannot be shown
  plt.pause(0.01)
Loaded VAE + normalisation tensors.
Adam optimizer
Iter   0 J: 1.15E+02 perimeter: 108.82
Saved /home/dubin/TOMAS/output/klfix_kl1e5_diffuser/design_epoch_0000.png
Iter   1 J: 8.93E+01 perimeter: 100.76
Iter   2 J: 7.59E+01 perimeter: 91.58
Iter   3 J: 7.23E+01 perimeter: 90.04
Iter   4 J: 7.25E+01 perimeter: 86.77
Iter   5 J: 6.98E+01 perimeter: 81.85
Iter   6 J: 6.69E+01 perimeter: 78.31
Iter   7 J: 6.31E+01 perimeter: 76.17
Iter   8 J: 6.50E+01 perimeter: 74.28
Iter   9 J: 6.54E+01 perimeter: 72.29
Iter  10 J: 6.04E+01 perimeter: 70.01
Iter  11 J: 5.60E+01 perimeter: 68.22
Iter  12 J: 5.48E+01 perimeter: 67.12
Iter  13 J: 5.40E+01 perimeter: 67.35
Iter  14 J: 5.32E+01 perimeter: 66.85
Iter  15 J: 5.21E+01 perimeter: 65.32
Iter  16 J: 5.05E+01 perimeter: 62.52
Iter  17 J: 5.05E+01 perimeter: 61.05
Iter  18 J: 4.92E+01 perimeter: 60.38
Iter  19 J: 4.88E+01 perimeter: 61.92
Iter  20 J: 4.82E+01 perimeter: 62.32
Saved /home/dubin/TOMAS/output/klfix_kl1e5_diffuser/design_epoch_0020.png
Iter  21 J: 4.72E+01 perimeter: 61.09
Iter  22 J: 4.62E+01 perimeter: 60.72
Iter  23 J: 4.48E+01 perimeter: 60.21
Iter  24 J: 4.46E+01 perimeter: 59.85
Iter  25 J: 4.36E+01 perimeter: 58.21
Iter  26 J: 4.35E+01 perimeter: 58.41
Iter  27 J: 4.29E+01 perimeter: 59.43
Iter  28 J: 4.26E+01 perimeter: 60.20
Iter  29 J: 4.21E+01 perimeter: 60.03
Iter  30 J: 4.16E+01 perimeter: 60.26
Iter  31 J: 4.12E+01 perimeter: 59.98
Iter  32 J: 4.09E+01 perimeter: 60.38
Iter  33 J: 4.06E+01 perimeter: 59.72
Iter  34 J: 4.01E+01 perimeter: 59.44
Iter  35 J: 3.99E+01 perimeter: 58.12
Iter  36 J: 3.98E+01 perimeter: 59.08
Iter  37 J: 3.99E+01 perimeter: 60.41
Iter  38 J: 3.96E+01 perimeter: 59.60
Iter  39 J: 3.93E+01 perimeter: 59.35
Iter  40 J: 3.90E+01 perimeter: 58.56
Saved /home/dubin/TOMAS/output/klfix_kl1e5_diffuser/design_epoch_0040.png
Iter  41 J: 3.89E+01 perimeter: 59.17
Iter  42 J: 3.88E+01 perimeter: 58.82
Iter  43 J: 3.85E+01 perimeter: 58.96
Iter  44 J: 3.81E+01 perimeter: 58.82
Iter  45 J: 3.83E+01 perimeter: 60.21
Iter  46 J: 3.81E+01 perimeter: 60.04
Iter  47 J: 3.86E+01 perimeter: 59.03
Iter  48 J: 3.84E+01 perimeter: 59.12
Iter  49 J: 3.80E+01 perimeter: 60.44
Iter  50 J: 3.82E+01 perimeter: 60.12
Iter  51 J: 3.80E+01 perimeter: 58.16
Iter  52 J: 3.78E+01 perimeter: 58.20
Iter  53 J: 3.79E+01 perimeter: 60.14
Iter  54 J: 3.72E+01 perimeter: 59.78
Iter  55 J: 3.74E+01 perimeter: 57.97
Iter  56 J: 3.73E+01 perimeter: 58.07
Iter  57 J: 3.75E+01 perimeter: 60.01
Iter  58 J: 3.71E+01 perimeter: 59.75
Iter  59 J: 3.69E+01 perimeter: 58.10
Iter  60 J: 3.70E+01 perimeter: 58.76
Saved /home/dubin/TOMAS/output/klfix_kl1e5_diffuser/design_epoch_0060.png
Iter  61 J: 3.70E+01 perimeter: 61.12
Iter  62 J: 3.69E+01 perimeter: 61.08
Iter  63 J: 3.69E+01 perimeter: 59.42
Iter  64 J: 3.66E+01 perimeter: 58.62
Iter  65 J: 3.64E+01 perimeter: 59.53
Iter  66 J: 3.62E+01 perimeter: 59.53
Iter  67 J: 3.61E+01 perimeter: 59.35
Iter  68 J: 3.60E+01 perimeter: 58.39
Iter  69 J: 3.62E+01 perimeter: 59.28
Iter  70 J: 3.62E+01 perimeter: 60.00
Iter  71 J: 3.60E+01 perimeter: 59.48
Iter  72 J: 3.59E+01 perimeter: 58.43
Iter  73 J: 3.60E+01 perimeter: 59.48
Iter  74 J: 3.57E+01 perimeter: 59.35
Iter  75 J: 3.57E+01 perimeter: 59.63
Iter  76 J: 3.56E+01 perimeter: 59.34
Iter  77 J: 3.60E+01 perimeter: 60.63
Iter  78 J: 3.57E+01 perimeter: 59.96
Iter  79 J: 3.54E+01 perimeter: 58.74
Iter  80 J: 3.61E+01 perimeter: 59.89
Saved /home/dubin/TOMAS/output/klfix_kl1e5_diffuser/design_epoch_0080.png
Iter  81 J: 3.57E+01 perimeter: 58.92
Iter  82 J: 3.54E+01 perimeter: 58.23
Iter  83 J: 3.57E+01 perimeter: 59.58
Iter  84 J: 3.55E+01 perimeter: 59.96
Iter  85 J: 3.54E+01 perimeter: 59.41
Iter  86 J: 3.54E+01 perimeter: 60.20
Iter  87 J: 3.52E+01 perimeter: 59.35
Iter  88 J: 3.53E+01 perimeter: 60.06
Iter  89 J: 3.52E+01 perimeter: 59.05
Iter  90 J: 3.50E+01 perimeter: 58.36
Iter  91 J: 3.51E+01 perimeter: 59.37
Iter  92 J: 3.58E+01 perimeter: 61.31
Iter  93 J: 3.59E+01 perimeter: 61.11
Iter  94 J: 3.52E+01 perimeter: 59.13
Iter  95 J: 3.50E+01 perimeter: 58.82
Iter  96 J: 3.50E+01 perimeter: 59.85
Iter  97 J: 3.49E+01 perimeter: 59.31
Iter  98 J: 3.51E+01 perimeter: 59.71
Iter  99 J: 3.50E+01 perimeter: 59.06
Iter 100 J: 3.49E+01 perimeter: 59.90
Saved /home/dubin/TOMAS/output/klfix_kl1e5_diffuser/design_epoch_0100.png
Iter 101 J: 3.48E+01 perimeter: 59.54
Iter 102 J: 3.48E+01 perimeter: 59.75
Iter 103 J: 3.46E+01 perimeter: 59.04
Iter 104 J: 3.46E+01 perimeter: 59.47
Iter 105 J: 3.47E+01 perimeter: 59.45
Iter 106 J: 3.48E+01 perimeter: 59.97
Iter 107 J: 3.46E+01 perimeter: 59.02
Iter 108 J: 3.45E+01 perimeter: 59.50
Iter 109 J: 3.47E+01 perimeter: 59.85
Iter 110 J: 3.46E+01 perimeter: 59.71
Iter 111 J: 3.45E+01 perimeter: 59.07
Iter 112 J: 3.44E+01 perimeter: 59.09
Iter 113 J: 3.46E+01 perimeter: 60.37
Iter 114 J: 3.45E+01 perimeter: 60.14
Iter 115 J: 3.43E+01 perimeter: 59.29
Iter 116 J: 3.46E+01 perimeter: 60.27
Iter 117 J: 3.44E+01 perimeter: 59.47
Iter 118 J: 3.43E+01 perimeter: 58.69
Iter 119 J: 3.43E+01 perimeter: 59.38
Iter 120 J: 3.46E+01 perimeter: 60.70
Saved /home/dubin/TOMAS/output/klfix_kl1e5_diffuser/design_epoch_0120.png
Iter 121 J: 3.44E+01 perimeter: 60.15
Iter 122 J: 3.43E+01 perimeter: 58.65
Iter 123 J: 3.43E+01 perimeter: 58.91
Iter 124 J: 3.50E+01 perimeter: 61.07
Iter 125 J: 3.49E+01 perimeter: 60.91
Iter 126 J: 3.43E+01 perimeter: 59.37
Iter 127 J: 3.43E+01 perimeter: 59.46
Iter 128 J: 3.43E+01 perimeter: 59.90
Iter 129 J: 3.41E+01 perimeter: 59.42
Iter 130 J: 3.41E+01 perimeter: 58.67
Iter 131 J: 3.42E+01 perimeter: 59.39
Iter 132 J: 3.45E+01 perimeter: 61.01
Iter 133 J: 3.48E+01 perimeter: 60.56
Iter 134 J: 3.47E+01 perimeter: 58.98
Iter 135 J: 3.43E+01 perimeter: 59.43
Iter 136 J: 3.45E+01 perimeter: 60.10
Iter 137 J: 3.47E+01 perimeter: 59.46
Iter 138 J: 3.48E+01 perimeter: 58.41
Iter 139 J: 3.50E+01 perimeter: 58.92
Iter 140 J: 3.48E+01 perimeter: 60.05
Saved /home/dubin/TOMAS/output/klfix_kl1e5_diffuser/design_epoch_0140.png
Iter 141 J: 3.48E+01 perimeter: 60.63
Iter 142 J: 3.45E+01 perimeter: 59.43
Iter 143 J: 3.42E+01 perimeter: 58.82
Iter 144 J: 3.51E+01 perimeter: 60.62
Iter 145 J: 3.52E+01 perimeter: 60.44
Iter 146 J: 3.43E+01 perimeter: 58.94
Iter 147 J: 3.40E+01 perimeter: 58.53
Iter 148 J: 3.48E+01 perimeter: 60.40
Iter 149 J: 3.47E+01 perimeter: 60.75
Iter 150 J: 3.43E+01 perimeter: 60.01
Iter 151 J: 3.41E+01 perimeter: 59.59
Iter 152 J: 3.40E+01 perimeter: 59.92
Iter 153 J: 3.39E+01 perimeter: 59.66
Iter 154 J: 3.38E+01 perimeter: 58.65
Iter 155 J: 3.38E+01 perimeter: 58.96
Iter 156 J: 3.40E+01 perimeter: 60.58
Iter 157 J: 3.40E+01 perimeter: 60.39
Iter 158 J: 3.37E+01 perimeter: 59.11
Iter 159 J: 3.38E+01 perimeter: 59.29
Iter 160 J: 3.41E+01 perimeter: 60.31
Saved /home/dubin/TOMAS/output/klfix_kl1e5_diffuser/design_epoch_0160.png
Iter 161 J: 3.38E+01 perimeter: 59.48
Iter 162 J: 3.39E+01 perimeter: 58.61
Iter 163 J: 3.42E+01 perimeter: 59.06
Iter 164 J: 3.40E+01 perimeter: 59.92
Iter 165 J: 3.38E+01 perimeter: 60.22
Iter 166 J: 3.37E+01 perimeter: 59.46
Iter 167 J: 3.38E+01 perimeter: 59.10
Iter 168 J: 3.40E+01 perimeter: 59.89
Iter 169 J: 3.38E+01 perimeter: 59.77
Iter 170 J: 3.36E+01 perimeter: 58.95
Iter 171 J: 3.37E+01 perimeter: 59.82
Iter 172 J: 3.37E+01 perimeter: 60.10
Iter 173 J: 3.36E+01 perimeter: 59.34
Iter 174 J: 3.35E+01 perimeter: 59.44
Iter 175 J: 3.41E+01 perimeter: 60.47
Iter 176 J: 3.41E+01 perimeter: 60.13
Iter 177 J: 3.37E+01 perimeter: 58.79
Iter 178 J: 3.37E+01 perimeter: 59.26
Iter 179 J: 3.37E+01 perimeter: 60.42
Iter 180 J: 3.36E+01 perimeter: 60.28
Saved /home/dubin/TOMAS/output/klfix_kl1e5_diffuser/design_epoch_0180.png
Iter 181 J: 3.35E+01 perimeter: 59.17
Iter 182 J: 3.35E+01 perimeter: 59.27
Iter 183 J: 3.38E+01 perimeter: 60.54
Iter 184 J: 3.38E+01 perimeter: 60.33
Iter 185 J: 3.35E+01 perimeter: 58.82
Iter 186 J: 3.35E+01 perimeter: 58.99
Iter 187 J: 3.37E+01 perimeter: 60.48
Iter 188 J: 3.35E+01 perimeter: 60.35
Iter 189 J: 3.34E+01 perimeter: 59.25
Iter 190 J: 3.35E+01 perimeter: 59.72
Iter 191 J: 3.33E+01 perimeter: 59.31
Iter 192 J: 3.33E+01 perimeter: 59.65
Iter 193 J: 3.34E+01 perimeter: 59.87
Iter 194 J: 3.32E+01 perimeter: 59.26
Iter 195 J: 3.32E+01 perimeter: 59.76
Iter 196 J: 3.33E+01 perimeter: 59.65
Iter 197 J: 3.33E+01 perimeter: 59.31
Iter 198 J: 3.36E+01 perimeter: 60.42
Iter 199 J: 3.35E+01 perimeter: 59.91
Iter 200 J: 3.32E+01 perimeter: 59.41
Saved /home/dubin/TOMAS/output/klfix_kl1e5_diffuser/design_epoch_0200.png
Iter 201 J: 3.33E+01 perimeter: 59.67
Iter 202 J: 3.35E+01 perimeter: 60.40
Iter 203 J: 3.35E+01 perimeter: 59.85
Iter 204 J: 3.34E+01 perimeter: 59.16
Iter 205 J: 3.34E+01 perimeter: 59.61
Iter 206 J: 3.32E+01 perimeter: 60.35
Iter 207 J: 3.33E+01 perimeter: 59.79
Iter 208 J: 3.32E+01 perimeter: 58.97
Iter 209 J: 3.31E+01 perimeter: 59.54
Iter 210 J: 3.34E+01 perimeter: 60.49
Iter 211 J: 3.36E+01 perimeter: 60.03
Iter 212 J: 3.35E+01 perimeter: 59.60
Iter 213 J: 3.34E+01 perimeter: 59.28
Iter 214 J: 3.35E+01 perimeter: 59.80
Iter 215 J: 3.31E+01 perimeter: 59.67
Iter 216 J: 3.35E+01 perimeter: 59.12
Iter 217 J: 3.37E+01 perimeter: 59.59
Iter 218 J: 3.33E+01 perimeter: 60.10
Iter 219 J: 3.34E+01 perimeter: 59.53
Iter 220 J: 3.34E+01 perimeter: 59.95
Saved /home/dubin/TOMAS/output/klfix_kl1e5_diffuser/design_epoch_0220.png
Iter 221 J: 3.31E+01 perimeter: 59.47
Iter 222 J: 3.31E+01 perimeter: 60.15
Iter 223 J: 3.33E+01 perimeter: 59.29
Iter 224 J: 3.34E+01 perimeter: 59.47
Iter 225 J: 3.34E+01 perimeter: 60.51
Iter 226 J: 3.32E+01 perimeter: 60.21
Iter 227 J: 3.31E+01 perimeter: 59.37
Iter 228 J: 3.30E+01 perimeter: 59.58
Iter 229 J: 3.31E+01 perimeter: 60.24
Iter 230 J: 3.30E+01 perimeter: 59.55
Iter 231 J: 3.28E+01 perimeter: 59.09
Iter 232 J: 3.29E+01 perimeter: 59.55
Iter 233 J: 3.29E+01 perimeter: 60.13
Iter 234 J: 3.29E+01 perimeter: 59.89
Iter 235 J: 3.29E+01 perimeter: 59.13
Iter 236 J: 3.30E+01 perimeter: 59.63
Iter 237 J: 3.29E+01 perimeter: 60.25
Iter 238 J: 3.30E+01 perimeter: 59.72
Iter 239 J: 3.28E+01 perimeter: 59.42
Iter 240 J: 3.31E+01 perimeter: 60.31
Saved /home/dubin/TOMAS/output/klfix_kl1e5_diffuser/design_epoch_0240.png
Iter 241 J: 3.31E+01 perimeter: 59.89
Iter 242 J: 3.28E+01 perimeter: 59.35
Iter 243 J: 3.30E+01 perimeter: 59.78
Iter 244 J: 3.28E+01 perimeter: 59.88
Iter 245 J: 3.31E+01 perimeter: 59.51
Iter 246 J: 3.32E+01 perimeter: 59.79
Iter 247 J: 3.30E+01 perimeter: 59.61
Iter 248 J: 3.30E+01 perimeter: 59.70
Iter 249 J: 3.29E+01 perimeter: 60.13
Iter 250 J: 3.29E+01 perimeter: 59.48
Iter 251 J: 3.29E+01 perimeter: 59.55
Iter 252 J: 3.31E+01 perimeter: 60.33
Iter 253 J: 3.30E+01 perimeter: 60.18
Iter 254 J: 3.28E+01 perimeter: 59.04
Iter 255 J: 3.29E+01 perimeter: 59.55
Iter 256 J: 3.30E+01 perimeter: 60.28
Iter 257 J: 3.29E+01 perimeter: 60.07
Iter 258 J: 3.26E+01 perimeter: 59.13
Iter 259 J: 3.27E+01 perimeter: 59.58
Iter 260 J: 3.26E+01 perimeter: 59.69
Saved /home/dubin/TOMAS/output/klfix_kl1e5_diffuser/design_epoch_0260.png
Iter 261 J: 3.28E+01 perimeter: 60.07
Iter 262 J: 3.29E+01 perimeter: 59.44
Iter 263 J: 3.28E+01 perimeter: 59.53
Iter 264 J: 3.28E+01 perimeter: 60.24
Iter 265 J: 3.30E+01 perimeter: 59.69
Iter 266 J: 3.28E+01 perimeter: 59.57
Iter 267 J: 3.27E+01 perimeter: 59.78
Iter 268 J: 3.28E+01 perimeter: 59.94
Iter 269 J: 3.29E+01 perimeter: 60.26
Iter 270 J: 3.26E+01 perimeter: 59.58
Iter 271 J: 3.30E+01 perimeter: 60.37
Iter 272 J: 3.31E+01 perimeter: 60.13
Iter 273 J: 3.28E+01 perimeter: 58.92
Iter 274 J: 3.29E+01 perimeter: 59.13
Iter 275 J: 3.30E+01 perimeter: 60.20
Iter 276 J: 3.28E+01 perimeter: 60.19
Iter 277 J: 3.27E+01 perimeter: 59.39
Iter 278 J: 3.27E+01 perimeter: 59.89
Iter 279 J: 3.27E+01 perimeter: 60.02
Iter 280 J: 3.26E+01 perimeter: 59.35
Saved /home/dubin/TOMAS/output/klfix_kl1e5_diffuser/design_epoch_0280.png
Iter 281 J: 3.27E+01 perimeter: 60.13
Iter 282 J: 3.26E+01 perimeter: 59.49
Iter 283 J: 3.26E+01 perimeter: 59.88
Iter 284 J: 3.25E+01 perimeter: 59.45
Iter 285 J: 3.29E+01 perimeter: 60.35
Iter 286 J: 3.31E+01 perimeter: 60.06
Iter 287 J: 3.26E+01 perimeter: 59.48
Iter 288 J: 3.27E+01 perimeter: 59.78
Iter 289 J: 3.27E+01 perimeter: 60.01
Iter 290 J: 3.25E+01 perimeter: 59.45
Iter 291 J: 3.27E+01 perimeter: 60.04
Iter 292 J: 3.27E+01 perimeter: 59.72
Iter 293 J: 3.25E+01 perimeter: 59.63
Iter 294 J: 3.25E+01 perimeter: 59.97
Iter 295 J: 3.24E+01 perimeter: 59.65
Iter 296 J: 3.23E+01 perimeter: 59.51
Iter 297 J: 3.25E+01 perimeter: 60.42
Iter 298 J: 3.27E+01 perimeter: 59.92
Iter 299 J: 3.24E+01 perimeter: 59.61
Iter 300 J: 3.27E+01 perimeter: 60.33
Saved /home/dubin/TOMAS/output/klfix_kl1e5_diffuser/design_epoch_0300.png

Optimization done in 63.2 s
Saved /home/dubin/TOMAS/output/klfix_kl1e5_diffuser/convergence.png
