/home/dubin/TOMAS/fluid_TO/fluid_fe.py:63: UserWarning: Creating a tensor from a list of numpy.ndarrays is extremely slow. Please consider converting the list to a single numpy.ndarray with numpy.array() before converting to a tensor. (Triggered internally at ../torch/csrc/utils/tensor_new.cpp:261.)
  assembled_A_matrix =  torch.sparse_coo_tensor(
/home/dubin/TOMAS/fluid_TO/plot.py:56: UserWarning: FigureCanvasAgg is non-interactive, and thus cannot be shown
  plt.show()
/home/dubin/TOMAS/fluid_TO/plot.py:57: UserWarning: FigureCanvasAgg is non-interactive, and thus cannot be shown
  plt.pause(0.01)
Loaded VAE + normalisation tensors.
Adam optimizer
Iter   0 J: 2.02E+02 perimeter: 81.08
Saved /home/dubin/TOMAS/output/klfix_diffuser/design_epoch_0000.png
Iter   1 J: 1.57E+02 perimeter: 75.05
Iter   2 J: 1.39E+02 perimeter: 72.52
Iter   3 J: 1.67E+02 perimeter: 68.56
Iter   4 J: 1.48E+02 perimeter: 67.63
Iter   5 J: 1.29E+02 perimeter: 68.69
Iter   6 J: 1.27E+02 perimeter: 67.50
Iter   7 J: 1.31E+02 perimeter: 66.22
Iter   8 J: 1.17E+02 perimeter: 65.90
Iter   9 J: 1.07E+02 perimeter: 63.94
Iter  10 J: 1.04E+02 perimeter: 63.74
Iter  11 J: 9.91E+01 perimeter: 64.00
Iter  12 J: 1.01E+02 perimeter: 64.32
Iter  13 J: 1.02E+02 perimeter: 64.69
Iter  14 J: 9.42E+01 perimeter: 64.02
Iter  15 J: 9.25E+01 perimeter: 63.85
Iter  16 J: 9.45E+01 perimeter: 64.87
Iter  17 J: 9.05E+01 perimeter: 63.74
Iter  18 J: 8.97E+01 perimeter: 63.15
Iter  19 J: 8.68E+01 perimeter: 62.19
Iter  20 J: 8.71E+01 perimeter: 61.34
Saved /home/dubin/TOMAS/output/klfix_diffuser/design_epoch_0020.png
Iter  21 J: 8.69E+01 perimeter: 60.99
Iter  22 J: 8.68E+01 perimeter: 61.48
Iter  23 J: 8.42E+01 perimeter: 61.49
Iter  24 J: 8.39E+01 perimeter: 61.34
Iter  25 J: 8.40E+01 perimeter: 60.75
Iter  26 J: 8.30E+01 perimeter: 59.80
Iter  27 J: 8.36E+01 perimeter: 59.70
Iter  28 J: 8.47E+01 perimeter: 61.14
Iter  29 J: 8.34E+01 perimeter: 61.38
Iter  30 J: 8.30E+01 perimeter: 60.63
Iter  31 J: 8.20E+01 perimeter: 59.90
Iter  32 J: 8.17E+01 perimeter: 59.33
Iter  33 J: 8.25E+01 perimeter: 58.63
Iter  34 J: 8.19E+01 perimeter: 58.20
Iter  35 J: 8.11E+01 perimeter: 57.73
Iter  36 J: 7.97E+01 perimeter: 58.36
Iter  37 J: 7.90E+01 perimeter: 58.58
Iter  38 J: 8.28E+01 perimeter: 59.93
Iter  39 J: 8.38E+01 perimeter: 60.46
Iter  40 J: 8.42E+01 perimeter: 61.12
Saved /home/dubin/TOMAS/output/klfix_diffuser/design_epoch_0040.png
Iter  41 J: 8.45E+01 perimeter: 61.49
Iter  42 J: 8.28E+01 perimeter: 60.91
Iter  43 J: 8.03E+01 perimeter: 60.15
Iter  44 J: 8.33E+01 perimeter: 60.19
Iter  45 J: 8.38E+01 perimeter: 60.00
Iter  46 J: 8.17E+01 perimeter: 59.52
Iter  47 J: 8.07E+01 perimeter: 59.61
Iter  48 J: 7.97E+01 perimeter: 59.98
Iter  49 J: 7.75E+01 perimeter: 60.00
Iter  50 J: 7.84E+01 perimeter: 60.42
Iter  51 J: 7.79E+01 perimeter: 59.90
Iter  52 J: 7.73E+01 perimeter: 59.22
Iter  53 J: 7.65E+01 perimeter: 59.86
Iter  54 J: 7.63E+01 perimeter: 59.46
Iter  55 J: 7.44E+01 perimeter: 59.09
Iter  56 J: 7.46E+01 perimeter: 60.32
Iter  57 J: 7.27E+01 perimeter: 59.83
Iter  58 J: 7.36E+01 perimeter: 59.68
Iter  59 J: 7.37E+01 perimeter: 58.96
Iter  60 J: 7.23E+01 perimeter: 59.25
Saved /home/dubin/TOMAS/output/klfix_diffuser/design_epoch_0060.png
Iter  61 J: 7.29E+01 perimeter: 61.08
Iter  62 J: 7.22E+01 perimeter: 59.73
Iter  63 J: 7.15E+01 perimeter: 58.62
Iter  64 J: 7.13E+01 perimeter: 58.18
Iter  65 J: 7.07E+01 perimeter: 60.45
Iter  66 J: 7.03E+01 perimeter: 61.51
Iter  67 J: 6.96E+01 perimeter: 58.78
Iter  68 J: 6.93E+01 perimeter: 58.33
Iter  69 J: 6.82E+01 perimeter: 58.27
Iter  70 J: 7.13E+01 perimeter: 61.63
Iter  71 J: 7.08E+01 perimeter: 61.89
Iter  72 J: 6.93E+01 perimeter: 59.89
Iter  73 J: 6.95E+01 perimeter: 59.16
Iter  74 J: 6.96E+01 perimeter: 59.51
Iter  75 J: 6.68E+01 perimeter: 59.37
Iter  76 J: 7.16E+01 perimeter: 60.30
Iter  77 J: 7.39E+01 perimeter: 61.53
Iter  78 J: 7.01E+01 perimeter: 61.42
Iter  79 J: 6.82E+01 perimeter: 60.78
Iter  80 J: 6.88E+01 perimeter: 59.54
Saved /home/dubin/TOMAS/output/klfix_diffuser/design_epoch_0080.png
Iter  81 J: 6.96E+01 perimeter: 59.26
Iter  82 J: 6.91E+01 perimeter: 59.11
Iter  83 J: 6.57E+01 perimeter: 58.21
Iter  84 J: 6.69E+01 perimeter: 58.62
Iter  85 J: 6.68E+01 perimeter: 59.66
Iter  86 J: 6.88E+01 perimeter: 59.63
Iter  87 J: 6.80E+01 perimeter: 59.83
Iter  88 J: 6.60E+01 perimeter: 60.32
Iter  89 J: 6.58E+01 perimeter: 59.93
Iter  90 J: 6.36E+01 perimeter: 58.96
Iter  91 J: 6.31E+01 perimeter: 59.34
Iter  92 J: 6.45E+01 perimeter: 60.55
Iter  93 J: 6.37E+01 perimeter: 60.83
Iter  94 J: 6.32E+01 perimeter: 59.41
Iter  95 J: 6.25E+01 perimeter: 58.60
Iter  96 J: 6.37E+01 perimeter: 58.26
Iter  97 J: 6.43E+01 perimeter: 59.01
Iter  98 J: 6.30E+01 perimeter: 59.33
Iter  99 J: 6.44E+01 perimeter: 59.77
Iter 100 J: 6.48E+01 perimeter: 59.91
Saved /home/dubin/TOMAS/output/klfix_diffuser/design_epoch_0100.png
Iter 101 J: 6.60E+01 perimeter: 60.61
Iter 102 J: 6.41E+01 perimeter: 60.66
Iter 103 J: 6.30E+01 perimeter: 59.62
Iter 104 J: 6.31E+01 perimeter: 59.22
Iter 105 J: 6.55E+01 perimeter: 59.99
Iter 106 J: 6.57E+01 perimeter: 60.00
Iter 107 J: 6.45E+01 perimeter: 60.11
Iter 108 J: 6.39E+01 perimeter: 59.96
Iter 109 J: 6.15E+01 perimeter: 59.45
Iter 110 J: 6.66E+01 perimeter: 61.20
Iter 111 J: 6.62E+01 perimeter: 60.65
Iter 112 J: 6.30E+01 perimeter: 59.12
Iter 113 J: 6.22E+01 perimeter: 58.92
Iter 114 J: 6.32E+01 perimeter: 59.30
Iter 115 J: 6.34E+01 perimeter: 60.02
Iter 116 J: 6.42E+01 perimeter: 60.29
Iter 117 J: 6.34E+01 perimeter: 60.21
Iter 118 J: 6.19E+01 perimeter: 60.12
Iter 119 J: 6.12E+01 perimeter: 59.83
Iter 120 J: 6.24E+01 perimeter: 59.36
Saved /home/dubin/TOMAS/output/klfix_diffuser/design_epoch_0120.png
Iter 121 J: 6.25E+01 perimeter: 59.69
Iter 122 J: 6.25E+01 perimeter: 59.69
Iter 123 J: 6.08E+01 perimeter: 59.12
Iter 124 J: 6.27E+01 perimeter: 59.25
Iter 125 J: 6.30E+01 perimeter: 59.63
Iter 126 J: 6.01E+01 perimeter: 59.90
Iter 127 J: 6.21E+01 perimeter: 59.95
Iter 128 J: 6.25E+01 perimeter: 59.58
Iter 129 J: 6.15E+01 perimeter: 59.52
Iter 130 J: 6.09E+01 perimeter: 59.55
Iter 131 J: 6.12E+01 perimeter: 60.31
Iter 132 J: 6.05E+01 perimeter: 60.49
Iter 133 J: 6.09E+01 perimeter: 59.32
Iter 134 J: 6.02E+01 perimeter: 58.74
Iter 135 J: 5.93E+01 perimeter: 59.22
Iter 136 J: 6.18E+01 perimeter: 61.00
Iter 137 J: 6.25E+01 perimeter: 61.00
Iter 138 J: 6.15E+01 perimeter: 60.04
Iter 139 J: 6.23E+01 perimeter: 59.42
Iter 140 J: 6.25E+01 perimeter: 59.48
Saved /home/dubin/TOMAS/output/klfix_diffuser/design_epoch_0140.png
Iter 141 J: 5.99E+01 perimeter: 59.39
Iter 142 J: 6.12E+01 perimeter: 60.19
Iter 143 J: 6.32E+01 perimeter: 60.32
Iter 144 J: 6.09E+01 perimeter: 59.41
Iter 145 J: 6.14E+01 perimeter: 60.15
Iter 146 J: 6.11E+01 perimeter: 60.20
Iter 147 J: 6.06E+01 perimeter: 60.06
Iter 148 J: 6.27E+01 perimeter: 60.70
Iter 149 J: 6.21E+01 perimeter: 60.37
Iter 150 J: 6.12E+01 perimeter: 59.03
Iter 151 J: 5.97E+01 perimeter: 58.67
Iter 152 J: 6.48E+01 perimeter: 60.31
Iter 153 J: 6.63E+01 perimeter: 60.93
Iter 154 J: 6.17E+01 perimeter: 59.77
Iter 155 J: 6.08E+01 perimeter: 59.14
Iter 156 J: 6.16E+01 perimeter: 59.40
Iter 157 J: 6.07E+01 perimeter: 59.69
Iter 158 J: 5.99E+01 perimeter: 59.79
Iter 159 J: 6.00E+01 perimeter: 59.73
Iter 160 J: 6.03E+01 perimeter: 59.50
Saved /home/dubin/TOMAS/output/klfix_diffuser/design_epoch_0160.png
Iter 161 J: 6.08E+01 perimeter: 59.76
Iter 162 J: 6.16E+01 perimeter: 60.12
Iter 163 J: 6.03E+01 perimeter: 60.50
Iter 164 J: 6.22E+01 perimeter: 60.15
Iter 165 J: 6.16E+01 perimeter: 59.29
Iter 166 J: 6.02E+01 perimeter: 59.71
Iter 167 J: 6.12E+01 perimeter: 59.71
Iter 168 J: 5.97E+01 perimeter: 59.26
Iter 169 J: 6.23E+01 perimeter: 60.36
Iter 170 J: 6.29E+01 perimeter: 60.59
Iter 171 J: 6.03E+01 perimeter: 59.85
Iter 172 J: 6.10E+01 perimeter: 59.44
Iter 173 J: 6.13E+01 perimeter: 59.06
Iter 174 J: 6.27E+01 perimeter: 59.64
Iter 175 J: 6.09E+01 perimeter: 59.93
Iter 176 J: 6.00E+01 perimeter: 60.17
Iter 177 J: 6.04E+01 perimeter: 60.30
Iter 178 J: 5.89E+01 perimeter: 60.10
Iter 179 J: 6.03E+01 perimeter: 59.29
Iter 180 J: 6.12E+01 perimeter: 59.38
Saved /home/dubin/TOMAS/output/klfix_diffuser/design_epoch_0180.png
Iter 181 J: 5.97E+01 perimeter: 59.65
Iter 182 J: 5.99E+01 perimeter: 59.93
Iter 183 J: 6.20E+01 perimeter: 60.47
Iter 184 J: 6.09E+01 perimeter: 60.38
Iter 185 J: 5.90E+01 perimeter: 59.80
Iter 186 J: 5.98E+01 perimeter: 59.79
Iter 187 J: 5.93E+01 perimeter: 59.68
Iter 188 J: 5.99E+01 perimeter: 59.67
Iter 189 J: 5.98E+01 perimeter: 59.43
Iter 190 J: 5.96E+01 perimeter: 59.84
Iter 191 J: 5.89E+01 perimeter: 59.88
Iter 192 J: 5.80E+01 perimeter: 60.22
Iter 193 J: 5.88E+01 perimeter: 60.90
Iter 194 J: 5.80E+01 perimeter: 59.80
Iter 195 J: 5.87E+01 perimeter: 59.14
Iter 196 J: 5.87E+01 perimeter: 59.28
Iter 197 J: 5.83E+01 perimeter: 59.94
Iter 198 J: 5.93E+01 perimeter: 60.89
Iter 199 J: 5.82E+01 perimeter: 59.97
Iter 200 J: 5.82E+01 perimeter: 59.59
Saved /home/dubin/TOMAS/output/klfix_diffuser/design_epoch_0200.png
Iter 201 J: 5.82E+01 perimeter: 59.48
Iter 202 J: 6.07E+01 perimeter: 60.33
Iter 203 J: 6.03E+01 perimeter: 60.82
Iter 204 J: 5.89E+01 perimeter: 60.84
Iter 205 J: 6.00E+01 perimeter: 59.25
Iter 206 J: 6.10E+01 perimeter: 59.11
Iter 207 J: 6.01E+01 perimeter: 59.40
Iter 208 J: 5.85E+01 perimeter: 59.03
Iter 209 J: 5.91E+01 perimeter: 59.90
Iter 210 J: 5.75E+01 perimeter: 60.11
Iter 211 J: 5.91E+01 perimeter: 60.36
Iter 212 J: 5.80E+01 perimeter: 59.97
Iter 213 J: 5.83E+01 perimeter: 60.02
Iter 214 J: 6.05E+01 perimeter: 60.68
Iter 215 J: 5.99E+01 perimeter: 60.16
Iter 216 J: 5.78E+01 perimeter: 59.33
Iter 217 J: 5.90E+01 perimeter: 59.77
Iter 218 J: 6.07E+01 perimeter: 60.51
Iter 219 J: 5.98E+01 perimeter: 60.00
Iter 220 J: 5.71E+01 perimeter: 59.29
Saved /home/dubin/TOMAS/output/klfix_diffuser/design_epoch_0220.png
Iter 221 J: 5.97E+01 perimeter: 60.40
Iter 222 J: 6.03E+01 perimeter: 60.25
Iter 223 J: 5.79E+01 perimeter: 59.38
Iter 224 J: 5.79E+01 perimeter: 60.12
Iter 225 J: 5.95E+01 perimeter: 60.54
Iter 226 J: 5.90E+01 perimeter: 60.04
Iter 227 J: 5.71E+01 perimeter: 59.28
Iter 228 J: 6.04E+01 perimeter: 60.91
Iter 229 J: 6.10E+01 perimeter: 60.86
Iter 230 J: 6.16E+01 perimeter: 59.94
Iter 231 J: 6.01E+01 perimeter: 58.67
Iter 232 J: 5.71E+01 perimeter: 58.37
Iter 233 J: 5.87E+01 perimeter: 60.52
Iter 234 J: 6.01E+01 perimeter: 61.89
Iter 235 J: 6.03E+01 perimeter: 61.09
Iter 236 J: 5.83E+01 perimeter: 60.24
Iter 237 J: 6.14E+01 perimeter: 59.66
Iter 238 J: 6.25E+01 perimeter: 59.32
Iter 239 J: 6.29E+01 perimeter: 59.50
Iter 240 J: 6.35E+01 perimeter: 59.80
Saved /home/dubin/TOMAS/output/klfix_diffuser/design_epoch_0240.png
Iter 241 J: 6.41E+01 perimeter: 60.55
Iter 242 J: 6.18E+01 perimeter: 60.99
Iter 243 J: 6.04E+01 perimeter: 60.54
Iter 244 J: 6.07E+01 perimeter: 59.89
Iter 245 J: 6.04E+01 perimeter: 59.59
Iter 246 J: 6.02E+01 perimeter: 59.80
Iter 247 J: 6.09E+01 perimeter: 60.06
Iter 248 J: 6.05E+01 perimeter: 59.62
Iter 249 J: 5.98E+01 perimeter: 59.57
Iter 250 J: 6.16E+01 perimeter: 60.63
Iter 251 J: 6.13E+01 perimeter: 60.27
Iter 252 J: 5.90E+01 perimeter: 59.13
Iter 253 J: 6.35E+01 perimeter: 60.66
Iter 254 J: 6.57E+01 perimeter: 61.30
Iter 255 J: 6.22E+01 perimeter: 60.20
Iter 256 J: 6.07E+01 perimeter: 59.15
Iter 257 J: 6.26E+01 perimeter: 59.93
Iter 258 J: 6.22E+01 perimeter: 60.64
Iter 259 J: 6.04E+01 perimeter: 59.61
Iter 260 J: 6.06E+01 perimeter: 59.59
Saved /home/dubin/TOMAS/output/klfix_diffuser/design_epoch_0260.png
Iter 261 J: 5.98E+01 perimeter: 59.66
Iter 262 J: 6.09E+01 perimeter: 59.95
Iter 263 J: 5.99E+01 perimeter: 60.47
Iter 264 J: 5.87E+01 perimeter: 60.51
Iter 265 J: 6.29E+01 perimeter: 59.56
Iter 266 J: 6.21E+01 perimeter: 58.60
Iter 267 J: 5.90E+01 perimeter: 58.45
Iter 268 J: 5.90E+01 perimeter: 60.43
Iter 269 J: 5.93E+01 perimeter: 61.28
Iter 270 J: 5.83E+01 perimeter: 60.99
Iter 271 J: 5.95E+01 perimeter: 60.03
Iter 272 J: 5.87E+01 perimeter: 59.46
Iter 273 J: 5.84E+01 perimeter: 59.78
Iter 274 J: 5.82E+01 perimeter: 59.74
Iter 275 J: 5.72E+01 perimeter: 59.59
Iter 276 J: 5.75E+01 perimeter: 59.74
Iter 277 J: 5.76E+01 perimeter: 59.77
Iter 278 J: 5.69E+01 perimeter: 60.16
Iter 279 J: 5.70E+01 perimeter: 61.02
Iter 280 J: 5.67E+01 perimeter: 60.57
Saved /home/dubin/TOMAS/output/klfix_diffuser/design_epoch_0280.png
Iter 281 J: 5.72E+01 perimeter: 59.55
Iter 282 J: 5.64E+01 perimeter: 59.40
Iter 283 J: 5.85E+01 perimeter: 60.63
Iter 284 J: 5.82E+01 perimeter: 60.28
Iter 285 J: 5.74E+01 perimeter: 59.36
Iter 286 J: 5.73E+01 perimeter: 59.52
Iter 287 J: 5.66E+01 perimeter: 59.88
Iter 288 J: 5.65E+01 perimeter: 60.54
Iter 289 J: 5.73E+01 perimeter: 60.50
Iter 290 J: 5.68E+01 perimeter: 60.21
Iter 291 J: 5.76E+01 perimeter: 59.50
Iter 292 J: 5.71E+01 perimeter: 59.18
Iter 293 J: 5.75E+01 perimeter: 59.24
Iter 294 J: 5.75E+01 perimeter: 59.94
Iter 295 J: 5.65E+01 perimeter: 60.54
Iter 296 J: 5.64E+01 perimeter: 60.10
Iter 297 J: 5.72E+01 perimeter: 60.15
Iter 298 J: 5.66E+01 perimeter: 59.90
Iter 299 J: 5.71E+01 perimeter: 60.04
Iter 300 J: 5.73E+01 perimeter: 60.65
Saved /home/dubin/TOMAS/output/klfix_diffuser/design_epoch_0300.png

Optimization done in 67.2 s
Saved /home/dubin/TOMAS/output/klfix_diffuser/convergence.png
