/home/dubin/TOMAS/fluid_TO/fluid_fe.py:63: UserWarning: Creating a tensor from a list of numpy.ndarrays is extremely slow. Please consider converting the list to a single numpy.ndarray with numpy.array() before converting to a tensor. (Triggered internally at ../torch/csrc/utils/tensor_new.cpp:261.)
  assembled_A_matrix =  torch.sparse_coo_tensor(
/home/dubin/TOMAS/fluid_TO/plot.py:56: UserWarning: FigureCanvasAgg is non-interactive, and thus cannot be shown
  plt.show()
/home/dubin/TOMAS/fluid_TO/plot.py:57: UserWarning: FigureCanvasAgg is non-interactive, and thus cannot be shown
  plt.pause(0.01)
Loaded VAE + normalisation tensors.
Adam optimizer
Iter   0 J: 3.04E+01 perimeter: 195.64
Saved /home/dubin/TOMAS/output/klfix_kl1e5_bent_pipe/design_epoch_0000.png
Iter   1 J: 2.91E+01 perimeter: 182.55
Iter   2 J: 2.66E+01 perimeter: 171.21
Iter   3 J: 2.48E+01 perimeter: 158.60
Iter   4 J: 2.51E+01 perimeter: 153.82
Iter   5 J: 2.23E+01 perimeter: 145.36
Iter   6 J: 2.11E+01 perimeter: 144.24
Iter   7 J: 2.01E+01 perimeter: 140.21
Iter   8 J: 1.92E+01 perimeter: 135.36
Iter   9 J: 1.82E+01 perimeter: 131.42
Iter  10 J: 1.70E+01 perimeter: 126.74
Iter  11 J: 1.68E+01 perimeter: 123.24
Iter  12 J: 1.65E+01 perimeter: 120.27
Iter  13 J: 1.61E+01 perimeter: 117.72
Iter  14 J: 1.56E+01 perimeter: 115.66
Iter  15 J: 1.51E+01 perimeter: 112.91
Iter  16 J: 1.47E+01 perimeter: 110.51
Iter  17 J: 1.44E+01 perimeter: 108.71
Iter  18 J: 1.43E+01 perimeter: 106.52
Iter  19 J: 1.40E+01 perimeter: 104.53
Iter  20 J: 1.46E+01 perimeter: 102.33
Saved /home/dubin/TOMAS/output/klfix_kl1e5_bent_pipe/design_epoch_0020.png
Iter  21 J: 1.39E+01 perimeter: 101.06
Iter  22 J: 1.35E+01 perimeter: 99.49
Iter  23 J: 1.29E+01 perimeter: 97.03
Iter  24 J: 1.27E+01 perimeter: 95.34
Iter  25 J: 1.26E+01 perimeter: 93.60
Iter  26 J: 1.25E+01 perimeter: 91.93
Iter  27 J: 1.22E+01 perimeter: 91.08
Iter  28 J: 1.20E+01 perimeter: 90.17
Iter  29 J: 1.18E+01 perimeter: 89.25
Iter  30 J: 1.16E+01 perimeter: 88.15
Iter  31 J: 1.14E+01 perimeter: 87.68
Iter  32 J: 1.10E+01 perimeter: 86.19
Iter  33 J: 1.10E+01 perimeter: 85.16
Iter  34 J: 1.06E+01 perimeter: 83.47
Iter  35 J: 1.05E+01 perimeter: 82.95
Iter  36 J: 1.05E+01 perimeter: 81.44
Iter  37 J: 1.03E+01 perimeter: 80.24
Iter  38 J: 1.01E+01 perimeter: 79.70
Iter  39 J: 1.05E+01 perimeter: 79.18
Iter  40 J: 1.01E+01 perimeter: 79.23
Saved /home/dubin/TOMAS/output/klfix_kl1e5_bent_pipe/design_epoch_0040.png
Iter  41 J: 1.03E+01 perimeter: 79.45
Iter  42 J: 1.02E+01 perimeter: 78.82
Iter  43 J: 1.01E+01 perimeter: 78.85
Iter  44 J: 9.80E+00 perimeter: 78.66
Iter  45 J: 9.87E+00 perimeter: 77.32
Iter  46 J: 9.79E+00 perimeter: 76.14
Iter  47 J: 9.75E+00 perimeter: 76.09
Iter  48 J: 9.62E+00 perimeter: 76.05
Iter  49 J: 9.57E+00 perimeter: 76.20
Iter  50 J: 9.67E+00 perimeter: 76.24
Iter  51 J: 9.57E+00 perimeter: 76.28
Iter  52 J: 9.55E+00 perimeter: 75.26
Iter  53 J: 9.44E+00 perimeter: 74.75
Iter  54 J: 9.68E+00 perimeter: 75.30
Iter  55 J: 9.60E+00 perimeter: 75.45
Iter  56 J: 9.98E+00 perimeter: 75.62
Iter  57 J: 9.84E+00 perimeter: 76.13
Iter  58 J: 9.68E+00 perimeter: 76.44
Iter  59 J: 9.89E+00 perimeter: 75.69
Iter  60 J: 9.89E+00 perimeter: 75.44
Saved /home/dubin/TOMAS/output/klfix_kl1e5_bent_pipe/design_epoch_0060.png
Iter  61 J: 9.56E+00 perimeter: 75.01
Iter  62 J: 9.36E+00 perimeter: 74.59
Iter  63 J: 9.67E+00 perimeter: 75.26
Iter  64 J: 9.78E+00 perimeter: 75.32
Iter  65 J: 9.33E+00 perimeter: 75.51
Iter  66 J: 9.32E+00 perimeter: 75.98
Iter  67 J: 9.34E+00 perimeter: 75.92
Iter  68 J: 9.32E+00 perimeter: 75.62
Iter  69 J: 9.17E+00 perimeter: 75.06
Iter  70 J: 9.13E+00 perimeter: 74.76
Iter  71 J: 9.29E+00 perimeter: 75.54
Iter  72 J: 9.09E+00 perimeter: 76.21
Iter  73 J: 9.04E+00 perimeter: 74.45
Iter  74 J: 8.91E+00 perimeter: 74.75
Iter  75 J: 8.97E+00 perimeter: 75.95
Iter  76 J: 8.98E+00 perimeter: 76.43
Iter  77 J: 8.91E+00 perimeter: 75.90
Iter  78 J: 8.76E+00 perimeter: 75.36
Iter  79 J: 8.70E+00 perimeter: 75.66
Iter  80 J: 8.64E+00 perimeter: 75.15
Saved /home/dubin/TOMAS/output/klfix_kl1e5_bent_pipe/design_epoch_0080.png
Iter  81 J: 8.63E+00 perimeter: 75.96
Iter  82 J: 8.59E+00 perimeter: 75.76
Iter  83 J: 8.54E+00 perimeter: 74.89
Iter  84 J: 8.51E+00 perimeter: 75.41
Iter  85 J: 8.57E+00 perimeter: 76.70
Iter  86 J: 8.57E+00 perimeter: 76.05
Iter  87 J: 8.50E+00 perimeter: 74.57
Iter  88 J: 8.53E+00 perimeter: 75.80
Iter  89 J: 8.49E+00 perimeter: 75.99
Iter  90 J: 8.50E+00 perimeter: 74.91
Iter  91 J: 8.50E+00 perimeter: 75.45
Iter  92 J: 8.45E+00 perimeter: 75.58
Iter  93 J: 8.42E+00 perimeter: 76.03
Iter  94 J: 8.38E+00 perimeter: 74.73
Iter  95 J: 8.40E+00 perimeter: 75.63
Iter  96 J: 8.37E+00 perimeter: 75.71
Iter  97 J: 8.35E+00 perimeter: 75.37
Iter  98 J: 8.31E+00 perimeter: 75.76
Iter  99 J: 8.33E+00 perimeter: 75.48
Iter 100 J: 8.32E+00 perimeter: 74.92
Saved /home/dubin/TOMAS/output/klfix_kl1e5_bent_pipe/design_epoch_0100.png
Iter 101 J: 8.29E+00 perimeter: 75.75
Iter 102 J: 8.27E+00 perimeter: 75.41
Iter 103 J: 8.31E+00 perimeter: 76.41
Iter 104 J: 8.29E+00 perimeter: 75.31
Iter 105 J: 8.25E+00 perimeter: 75.14
Iter 106 J: 8.27E+00 perimeter: 76.96
Iter 107 J: 8.28E+00 perimeter: 76.15
Iter 108 J: 8.24E+00 perimeter: 74.37
Iter 109 J: 8.26E+00 perimeter: 75.41
Iter 110 J: 8.23E+00 perimeter: 76.49
Iter 111 J: 8.31E+00 perimeter: 75.44
Iter 112 J: 8.21E+00 perimeter: 74.62
Iter 113 J: 8.25E+00 perimeter: 76.82
Iter 114 J: 8.27E+00 perimeter: 76.42
Iter 115 J: 8.24E+00 perimeter: 73.64
Iter 116 J: 8.25E+00 perimeter: 74.35
Iter 117 J: 8.23E+00 perimeter: 76.82
Iter 118 J: 8.20E+00 perimeter: 75.88
Iter 119 J: 8.17E+00 perimeter: 75.66
Iter 120 J: 8.20E+00 perimeter: 74.71
Saved /home/dubin/TOMAS/output/klfix_kl1e5_bent_pipe/design_epoch_0120.png
Iter 121 J: 8.20E+00 perimeter: 75.55
Iter 122 J: 8.23E+00 perimeter: 75.90
Iter 123 J: 8.23E+00 perimeter: 75.31
Iter 124 J: 8.19E+00 perimeter: 75.35
Iter 125 J: 8.19E+00 perimeter: 76.50
Iter 126 J: 8.20E+00 perimeter: 75.44
Iter 127 J: 8.16E+00 perimeter: 75.20
Iter 128 J: 8.16E+00 perimeter: 76.59
Iter 129 J: 8.19E+00 perimeter: 75.61
Iter 130 J: 8.16E+00 perimeter: 74.75
Iter 131 J: 8.14E+00 perimeter: 75.69
Iter 132 J: 8.19E+00 perimeter: 76.13
Iter 133 J: 8.20E+00 perimeter: 75.78
Iter 134 J: 8.12E+00 perimeter: 74.90
Iter 135 J: 8.11E+00 perimeter: 75.73
Iter 136 J: 8.09E+00 perimeter: 76.01
Iter 137 J: 8.14E+00 perimeter: 75.50
Iter 138 J: 8.09E+00 perimeter: 75.09
Iter 139 J: 8.13E+00 perimeter: 76.38
Iter 140 J: 8.09E+00 perimeter: 75.83
Saved /home/dubin/TOMAS/output/klfix_kl1e5_bent_pipe/design_epoch_0140.png
Iter 141 J: 8.16E+00 perimeter: 74.99
Iter 142 J: 8.18E+00 perimeter: 74.77
Iter 143 J: 8.09E+00 perimeter: 75.39
Iter 144 J: 8.08E+00 perimeter: 76.55
Iter 145 J: 8.10E+00 perimeter: 75.63
Iter 146 J: 8.09E+00 perimeter: 75.00
Iter 147 J: 8.07E+00 perimeter: 75.72
Iter 148 J: 8.13E+00 perimeter: 75.22
Iter 149 J: 8.15E+00 perimeter: 76.23
Iter 150 J: 8.07E+00 perimeter: 75.43
Iter 151 J: 8.06E+00 perimeter: 75.37
Iter 152 J: 8.07E+00 perimeter: 75.82
Iter 153 J: 8.07E+00 perimeter: 75.47
Iter 154 J: 8.06E+00 perimeter: 75.47
Iter 155 J: 8.02E+00 perimeter: 76.29
Iter 156 J: 8.03E+00 perimeter: 75.03
Iter 157 J: 8.02E+00 perimeter: 76.05
Iter 158 J: 8.05E+00 perimeter: 75.45
Iter 159 J: 8.01E+00 perimeter: 75.39
Iter 160 J: 8.01E+00 perimeter: 76.21
Saved /home/dubin/TOMAS/output/klfix_kl1e5_bent_pipe/design_epoch_0160.png
Iter 161 J: 8.03E+00 perimeter: 75.13
Iter 162 J: 7.99E+00 perimeter: 75.70
Iter 163 J: 8.00E+00 perimeter: 75.94
Iter 164 J: 8.01E+00 perimeter: 74.64
Iter 165 J: 8.02E+00 perimeter: 75.95
Iter 166 J: 8.02E+00 perimeter: 75.60
Iter 167 J: 7.98E+00 perimeter: 75.46
Iter 168 J: 7.99E+00 perimeter: 76.41
Iter 169 J: 8.00E+00 perimeter: 75.48
Iter 170 J: 7.95E+00 perimeter: 74.99
Iter 171 J: 8.00E+00 perimeter: 77.36
Iter 172 J: 7.99E+00 perimeter: 76.44
Iter 173 J: 7.96E+00 perimeter: 73.62
Iter 174 J: 7.99E+00 perimeter: 74.01
Iter 175 J: 8.03E+00 perimeter: 76.61
Iter 176 J: 7.99E+00 perimeter: 77.04
Iter 177 J: 7.97E+00 perimeter: 75.25
Iter 178 J: 7.95E+00 perimeter: 75.48
Iter 179 J: 7.96E+00 perimeter: 76.42
Iter 180 J: 7.96E+00 perimeter: 75.28
Saved /home/dubin/TOMAS/output/klfix_kl1e5_bent_pipe/design_epoch_0180.png
Iter 181 J: 7.93E+00 perimeter: 74.95
Iter 182 J: 7.95E+00 perimeter: 76.50
Iter 183 J: 7.95E+00 perimeter: 75.95
Iter 184 J: 7.91E+00 perimeter: 74.49
Iter 185 J: 7.94E+00 perimeter: 75.50
Iter 186 J: 7.93E+00 perimeter: 76.34
Iter 187 J: 7.93E+00 perimeter: 76.08
Iter 188 J: 7.92E+00 perimeter: 74.69
Iter 189 J: 7.93E+00 perimeter: 75.65
Iter 190 J: 7.94E+00 perimeter: 76.57
Iter 191 J: 7.94E+00 perimeter: 75.25
Iter 192 J: 7.93E+00 perimeter: 75.64
Iter 193 J: 7.88E+00 perimeter: 75.54
Iter 194 J: 7.99E+00 perimeter: 75.85
Iter 195 J: 8.05E+00 perimeter: 76.15
Iter 196 J: 7.93E+00 perimeter: 75.41
Iter 197 J: 7.96E+00 perimeter: 75.55
Iter 198 J: 8.03E+00 perimeter: 76.23
Iter 199 J: 8.05E+00 perimeter: 75.30
Iter 200 J: 8.01E+00 perimeter: 75.08
Saved /home/dubin/TOMAS/output/klfix_kl1e5_bent_pipe/design_epoch_0200.png
Iter 201 J: 7.98E+00 perimeter: 75.99
Iter 202 J: 7.96E+00 perimeter: 75.73
Iter 203 J: 7.95E+00 perimeter: 75.65
Iter 204 J: 7.97E+00 perimeter: 75.55
Iter 205 J: 8.28E+00 perimeter: 75.68
Iter 206 J: 8.20E+00 perimeter: 75.71
Iter 207 J: 1.01E+01 perimeter: 76.21
Iter 208 J: 8.39E+00 perimeter: 76.53
Iter 209 J: 8.47E+00 perimeter: 74.29
Iter 210 J: 8.38E+00 perimeter: 74.97
Iter 211 J: 8.21E+00 perimeter: 77.00
Iter 212 J: 8.69E+00 perimeter: 76.29
Iter 213 J: 8.08E+00 perimeter: 74.59
Iter 214 J: 8.17E+00 perimeter: 75.79
Iter 215 J: 8.16E+00 perimeter: 76.18
Iter 216 J: 8.33E+00 perimeter: 75.07
Iter 217 J: 8.27E+00 perimeter: 75.08
Iter 218 J: 8.09E+00 perimeter: 75.68
Iter 219 J: 8.05E+00 perimeter: 76.02
Iter 220 J: 7.99E+00 perimeter: 74.24
Saved /home/dubin/TOMAS/output/klfix_kl1e5_bent_pipe/design_epoch_0220.png
Iter 221 J: 8.20E+00 perimeter: 75.97
Iter 222 J: 8.18E+00 perimeter: 77.08
Iter 223 J: 8.29E+00 perimeter: 76.32
Iter 224 J: 8.10E+00 perimeter: 74.75
Iter 225 J: 1.02E+01 perimeter: 75.39
Iter 226 J: 9.90E+00 perimeter: 75.97
Iter 227 J: 8.42E+00 perimeter: 76.29
Iter 228 J: 8.52E+00 perimeter: 75.56
Iter 229 J: 8.65E+00 perimeter: 74.77
Iter 230 J: 8.16E+00 perimeter: 74.38
Iter 231 J: 8.34E+00 perimeter: 77.10
Iter 232 J: 8.31E+00 perimeter: 78.63
Iter 233 J: 8.28E+00 perimeter: 77.85
Iter 234 J: 8.32E+00 perimeter: 74.94
Iter 235 J: 8.27E+00 perimeter: 74.10
Iter 236 J: 8.30E+00 perimeter: 75.91
Iter 237 J: 8.18E+00 perimeter: 75.66
Iter 238 J: 9.06E+00 perimeter: 76.84
Iter 239 J: 8.93E+00 perimeter: 78.51
Iter 240 J: 8.17E+00 perimeter: 78.80
Saved /home/dubin/TOMAS/output/klfix_kl1e5_bent_pipe/design_epoch_0240.png
Iter 241 J: 8.34E+00 perimeter: 77.10
Iter 242 J: 8.36E+00 perimeter: 74.77
Iter 243 J: 8.29E+00 perimeter: 73.90
Iter 244 J: 8.46E+00 perimeter: 74.95
Iter 245 J: 8.33E+00 perimeter: 75.87
Iter 246 J: 8.22E+00 perimeter: 75.85
Iter 247 J: 8.37E+00 perimeter: 75.42
Iter 248 J: 8.28E+00 perimeter: 75.23
Iter 249 J: 8.21E+00 perimeter: 76.28
Iter 250 J: 8.15E+00 perimeter: 76.53
Iter 251 J: 8.39E+00 perimeter: 74.73
Iter 252 J: 8.27E+00 perimeter: 74.04
Iter 253 J: 8.29E+00 perimeter: 75.47
Iter 254 J: 8.18E+00 perimeter: 76.95
Iter 255 J: 8.17E+00 perimeter: 76.18
Iter 256 J: 8.13E+00 perimeter: 74.31
Iter 257 J: 8.15E+00 perimeter: 74.60
Iter 258 J: 8.17E+00 perimeter: 76.66
Iter 259 J: 8.12E+00 perimeter: 75.92
Iter 260 J: 8.07E+00 perimeter: 75.59
Saved /home/dubin/TOMAS/output/klfix_kl1e5_bent_pipe/design_epoch_0260.png
Iter 261 J: 8.03E+00 perimeter: 75.13
Iter 262 J: 8.02E+00 perimeter: 76.95
Iter 263 J: 8.09E+00 perimeter: 76.39
Iter 264 J: 8.03E+00 perimeter: 74.57
Iter 265 J: 8.14E+00 perimeter: 76.01
Iter 266 J: 8.11E+00 perimeter: 75.31
Iter 267 J: 8.09E+00 perimeter: 76.27
Iter 268 J: 8.04E+00 perimeter: 75.28
Iter 269 J: 8.02E+00 perimeter: 76.07
Iter 270 J: 8.03E+00 perimeter: 74.60
Iter 271 J: 8.03E+00 perimeter: 75.45
Iter 272 J: 8.03E+00 perimeter: 76.26
Iter 273 J: 8.01E+00 perimeter: 75.35
Iter 274 J: 7.99E+00 perimeter: 76.46
Iter 275 J: 7.99E+00 perimeter: 75.23
Iter 276 J: 8.01E+00 perimeter: 75.80
Iter 277 J: 7.97E+00 perimeter: 75.61
Iter 278 J: 7.98E+00 perimeter: 75.64
Iter 279 J: 7.98E+00 perimeter: 75.64
Iter 280 J: 7.98E+00 perimeter: 74.94
Saved /home/dubin/TOMAS/output/klfix_kl1e5_bent_pipe/design_epoch_0280.png
Iter 281 J: 8.11E+00 perimeter: 75.99
Iter 282 J: 8.06E+00 perimeter: 75.18
Iter 283 J: 7.98E+00 perimeter: 76.13
Iter 284 J: 7.98E+00 perimeter: 74.94
Iter 285 J: 8.00E+00 perimeter: 76.10
Iter 286 J: 7.95E+00 perimeter: 75.74
Iter 287 J: 7.91E+00 perimeter: 75.07
Iter 288 J: 8.00E+00 perimeter: 77.01
Iter 289 J: 7.99E+00 perimeter: 76.53
Iter 290 J: 7.92E+00 perimeter: 74.32
Iter 291 J: 7.96E+00 perimeter: 74.81
Iter 292 J: 7.98E+00 perimeter: 76.67
Iter 293 J: 7.93E+00 perimeter: 76.46
Iter 294 J: 7.96E+00 perimeter: 74.68
Iter 295 J: 7.94E+00 perimeter: 74.68
Iter 296 J: 7.95E+00 perimeter: 76.38
Iter 297 J: 7.93E+00 perimeter: 76.14
Iter 298 J: 7.89E+00 perimeter: 74.86
Iter 299 J: 7.93E+00 perimeter: 75.55
Iter 300 J: 7.88E+00 perimeter: 76.29
Saved /home/dubin/TOMAS/output/klfix_kl1e5_bent_pipe/design_epoch_0300.png

Optimization done in 850.5 s
Saved /home/dubin/TOMAS/output/klfix_kl1e5_bent_pipe/convergence.png
