/workspace/fluid_TO/fluid_fe.py:29: UserWarning: Sparse invariant checks are implicitly disabled. Memory errors (e.g. SEGFAULT) will occur when operating on a sparse tensor which violates the invariants, but checks incur performance overhead. To silence this warning, explicitly opt in or out. See `torch.sparse.check_sparse_tensor_invariants.__doc__` for guidance.  (Triggered internally at /pytorch/aten/src/ATen/Context.cpp:760.)
  fixture_const*torch.sparse_coo_tensor(indices, values, V.size())
Loaded VAE + normalisation tensors.
Adam optimizer
/workspace/fluid_TO/fluid_fe.py:63: UserWarning: Creating a tensor from a list of numpy.ndarrays is extremely slow. Please consider converting the list to a single numpy.ndarray with numpy.array() before converting to a tensor. (Triggered internally at /pytorch/torch/csrc/utils/tensor_new.cpp:253.)
  assembled_A_matrix =  torch.sparse_coo_tensor(
Iter   0 J: 2.28E+01 perimeter: 165.32
/workspace/fluid_TO/plot.py:56: UserWarning: FigureCanvasAgg is non-interactive, and thus cannot be shown
  plt.show()
/workspace/fluid_TO/plot.py:57: UserWarning: FigureCanvasAgg is non-interactive, and thus cannot be shown
  plt.pause(0.01)
Saved /workspace/output/n500_bent_pipe/design_epoch_0000.png
Iter   1 J: 1.91E+01 perimeter: 144.72
Iter   2 J: 1.77E+01 perimeter: 132.50
Iter   3 J: 1.68E+01 perimeter: 122.19
Iter   4 J: 1.64E+01 perimeter: 118.61
Iter   5 J: 1.59E+01 perimeter: 114.50
Iter   6 J: 1.52E+01 perimeter: 109.03
Iter   7 J: 1.44E+01 perimeter: 103.54
Iter   8 J: 1.40E+01 perimeter: 99.20
Iter   9 J: 1.32E+01 perimeter: 94.96
Iter  10 J: 1.28E+01 perimeter: 90.99
Iter  11 J: 1.22E+01 perimeter: 88.11
Iter  12 J: 1.19E+01 perimeter: 85.75
Iter  13 J: 1.16E+01 perimeter: 83.15
Iter  14 J: 1.14E+01 perimeter: 81.17
Iter  15 J: 1.11E+01 perimeter: 79.67
Iter  16 J: 1.08E+01 perimeter: 78.34
Iter  17 J: 1.06E+01 perimeter: 77.83
Iter  18 J: 1.05E+01 perimeter: 76.23
Iter  19 J: 1.04E+01 perimeter: 74.83
Iter  20 J: 1.03E+01 perimeter: 74.16
Saved /workspace/output/n500_bent_pipe/design_epoch_0020.png
Iter  21 J: 1.02E+01 perimeter: 73.56
Iter  22 J: 1.00E+01 perimeter: 73.37
Iter  23 J: 9.88E+00 perimeter: 72.94
Iter  24 J: 9.85E+00 perimeter: 73.91
Iter  25 J: 9.89E+00 perimeter: 75.05
Iter  26 J: 9.80E+00 perimeter: 74.82
Iter  27 J: 9.48E+00 perimeter: 73.49
Iter  28 J: 9.35E+00 perimeter: 72.55
Iter  29 J: 9.20E+00 perimeter: 71.58
Iter  30 J: 9.20E+00 perimeter: 72.10
Iter  31 J: 9.28E+00 perimeter: 72.91
Iter  32 J: 9.25E+00 perimeter: 73.34
Iter  33 J: 9.19E+00 perimeter: 73.54
Iter  34 J: 9.04E+00 perimeter: 73.45
Iter  35 J: 9.07E+00 perimeter: 74.58
Iter  36 J: 9.00E+00 perimeter: 73.85
Iter  37 J: 8.84E+00 perimeter: 72.40
Iter  38 J: 8.82E+00 perimeter: 73.04
Iter  39 J: 8.60E+00 perimeter: 73.05
Iter  40 J: 8.51E+00 perimeter: 73.31
Saved /workspace/output/n500_bent_pipe/design_epoch_0040.png
Iter  41 J: 8.44E+00 perimeter: 75.06
Iter  42 J: 8.38E+00 perimeter: 76.09
Iter  43 J: 8.31E+00 perimeter: 74.77
Iter  44 J: 8.22E+00 perimeter: 74.12
Iter  45 J: 8.16E+00 perimeter: 74.07
Iter  46 J: 8.17E+00 perimeter: 75.26
Iter  47 J: 8.15E+00 perimeter: 75.10
Iter  48 J: 8.09E+00 perimeter: 74.57
Iter  49 J: 8.06E+00 perimeter: 74.67
Iter  50 J: 8.00E+00 perimeter: 74.67
Iter  51 J: 8.01E+00 perimeter: 75.25
Iter  52 J: 8.02E+00 perimeter: 75.54
Iter  53 J: 7.93E+00 perimeter: 75.23
Iter  54 J: 7.89E+00 perimeter: 74.60
Iter  55 J: 7.88E+00 perimeter: 74.38
Iter  56 J: 7.83E+00 perimeter: 74.21
Iter  57 J: 7.83E+00 perimeter: 75.13
Iter  58 J: 7.82E+00 perimeter: 74.96
Iter  59 J: 7.78E+00 perimeter: 75.27
Iter  60 J: 7.75E+00 perimeter: 74.23
Saved /workspace/output/n500_bent_pipe/design_epoch_0060.png
Iter  61 J: 7.75E+00 perimeter: 74.93
Iter  62 J: 7.71E+00 perimeter: 74.69
Iter  63 J: 7.72E+00 perimeter: 75.71
Iter  64 J: 7.67E+00 perimeter: 73.85
Iter  65 J: 7.68E+00 perimeter: 75.14
Iter  66 J: 7.65E+00 perimeter: 74.60
Iter  67 J: 7.64E+00 perimeter: 76.15
Iter  68 J: 7.64E+00 perimeter: 75.06
Iter  69 J: 7.63E+00 perimeter: 75.06
Iter  70 J: 7.58E+00 perimeter: 74.81
Iter  71 J: 7.61E+00 perimeter: 75.16
Iter  72 J: 7.59E+00 perimeter: 74.83
Iter  73 J: 7.58E+00 perimeter: 74.87
Iter  74 J: 7.57E+00 perimeter: 75.17
Iter  75 J: 7.55E+00 perimeter: 75.54
Iter  76 J: 7.53E+00 perimeter: 74.98
Iter  77 J: 7.53E+00 perimeter: 75.63
Iter  78 J: 7.51E+00 perimeter: 74.47
Iter  79 J: 7.52E+00 perimeter: 75.95
Iter  80 J: 7.48E+00 perimeter: 72.03
Saved /workspace/output/n500_bent_pipe/design_epoch_0080.png
Iter  81 J: 7.49E+00 perimeter: 73.10
Iter  82 J: 7.51E+00 perimeter: 75.68
Iter  83 J: 7.50E+00 perimeter: 72.24
Iter  84 J: 7.55E+00 perimeter: 73.56
Iter  85 J: 7.55E+00 perimeter: 76.54
Iter  86 J: 7.52E+00 perimeter: 74.83
Iter  87 J: 7.49E+00 perimeter: 74.66
Iter  88 J: 7.48E+00 perimeter: 75.85
Iter  89 J: 7.47E+00 perimeter: 75.27
Iter  90 J: 7.49E+00 perimeter: 74.97
Iter  91 J: 7.46E+00 perimeter: 74.94
Iter  92 J: 7.48E+00 perimeter: 75.88
Iter  93 J: 7.46E+00 perimeter: 75.39
Iter  94 J: 7.44E+00 perimeter: 74.67
Iter  95 J: 7.44E+00 perimeter: 75.79
Iter  96 J: 7.43E+00 perimeter: 75.75
Iter  97 J: 7.41E+00 perimeter: 74.78
Iter  98 J: 7.42E+00 perimeter: 75.38
Iter  99 J: 7.40E+00 perimeter: 74.98
Iter 100 J: 7.40E+00 perimeter: 75.87
Saved /workspace/output/n500_bent_pipe/design_epoch_0100.png
Iter 101 J: 7.43E+00 perimeter: 75.63
Iter 102 J: 7.42E+00 perimeter: 74.91
Iter 103 J: 7.39E+00 perimeter: 75.77
Iter 104 J: 7.43E+00 perimeter: 75.99
Iter 105 J: 7.42E+00 perimeter: 74.50
Iter 106 J: 7.42E+00 perimeter: 75.41
Iter 107 J: 7.39E+00 perimeter: 75.29
Iter 108 J: 7.38E+00 perimeter: 75.50
Iter 109 J: 7.37E+00 perimeter: 75.16
Iter 110 J: 7.39E+00 perimeter: 76.30
Iter 111 J: 7.37E+00 perimeter: 75.05
Iter 112 J: 7.36E+00 perimeter: 76.04
Iter 113 J: 7.34E+00 perimeter: 74.39
Iter 114 J: 7.36E+00 perimeter: 76.04
Iter 115 J: 7.34E+00 perimeter: 74.10
Iter 116 J: 7.36E+00 perimeter: 76.75
Iter 117 J: 7.34E+00 perimeter: 75.89
Iter 118 J: 7.34E+00 perimeter: 74.09
Iter 119 J: 7.39E+00 perimeter: 74.78
Iter 120 J: 7.37E+00 perimeter: 76.22
Saved /workspace/output/n500_bent_pipe/design_epoch_0120.png
Iter 121 J: 7.34E+00 perimeter: 75.29
Iter 122 J: 7.37E+00 perimeter: 76.79
Iter 123 J: 7.35E+00 perimeter: 74.81
Iter 124 J: 7.35E+00 perimeter: 75.57
Iter 125 J: 7.32E+00 perimeter: 75.14
Iter 126 J: 7.33E+00 perimeter: 75.88
Iter 127 J: 7.31E+00 perimeter: 74.58
Iter 128 J: 7.40E+00 perimeter: 76.71
Iter 129 J: 7.41E+00 perimeter: 76.69
Iter 130 J: 7.32E+00 perimeter: 74.65
Iter 131 J: 7.34E+00 perimeter: 75.39
Iter 132 J: 7.32E+00 perimeter: 75.10
Iter 133 J: 7.33E+00 perimeter: 76.84
Iter 134 J: 7.30E+00 perimeter: 74.22
Iter 135 J: 7.30E+00 perimeter: 75.30
Iter 136 J: 7.29E+00 perimeter: 76.15
Iter 137 J: 7.29E+00 perimeter: 72.47
Iter 138 J: 7.32E+00 perimeter: 73.61
Iter 139 J: 7.35E+00 perimeter: 77.14
Iter 140 J: 7.31E+00 perimeter: 73.76
Saved /workspace/output/n500_bent_pipe/design_epoch_0140.png
Iter 141 J: 7.31E+00 perimeter: 74.19
Iter 142 J: 7.36E+00 perimeter: 76.92
Iter 143 J: 7.34E+00 perimeter: 74.97
Iter 144 J: 7.33E+00 perimeter: 75.83
Iter 145 J: 7.30E+00 perimeter: 75.03
Iter 146 J: 7.30E+00 perimeter: 76.06
Iter 147 J: 7.30E+00 perimeter: 74.93
Iter 148 J: 7.29E+00 perimeter: 75.36
Iter 149 J: 7.30E+00 perimeter: 76.03
Iter 150 J: 7.30E+00 perimeter: 74.77
Iter 151 J: 7.29E+00 perimeter: 76.22
Iter 152 J: 7.28E+00 perimeter: 75.25
Iter 153 J: 7.26E+00 perimeter: 75.58
Iter 154 J: 7.28E+00 perimeter: 76.03
Iter 155 J: 7.27E+00 perimeter: 74.94
Iter 156 J: 7.28E+00 perimeter: 76.28
Iter 157 J: 7.25E+00 perimeter: 74.13
Iter 158 J: 7.30E+00 perimeter: 76.15
Iter 159 J: 7.27E+00 perimeter: 76.20
Iter 160 J: 7.24E+00 perimeter: 73.78
Saved /workspace/output/n500_bent_pipe/design_epoch_0160.png
Iter 161 J: 7.27E+00 perimeter: 75.79
Iter 162 J: 7.26E+00 perimeter: 75.59
Iter 163 J: 7.23E+00 perimeter: 75.15
Iter 164 J: 7.26E+00 perimeter: 76.65
Iter 165 J: 7.24E+00 perimeter: 74.57
Iter 166 J: 7.23E+00 perimeter: 75.71
Iter 167 J: 7.23E+00 perimeter: 74.62
Iter 168 J: 7.27E+00 perimeter: 76.91
Iter 169 J: 7.27E+00 perimeter: 75.12
Iter 170 J: 7.25E+00 perimeter: 75.84
Iter 171 J: 7.26E+00 perimeter: 75.18
Iter 172 J: 7.25E+00 perimeter: 76.09
Iter 173 J: 7.26E+00 perimeter: 74.02
Iter 174 J: 7.33E+00 perimeter: 76.63
Iter 175 J: 7.32E+00 perimeter: 74.97
Iter 176 J: 7.27E+00 perimeter: 75.41
Iter 177 J: 7.27E+00 perimeter: 77.37
Iter 178 J: 7.28E+00 perimeter: 74.77
Iter 179 J: 7.28E+00 perimeter: 74.59
Iter 180 J: 7.30E+00 perimeter: 77.20
Saved /workspace/output/n500_bent_pipe/design_epoch_0180.png
Iter 181 J: 7.27E+00 perimeter: 75.79
Iter 182 J: 7.25E+00 perimeter: 73.04
Iter 183 J: 7.32E+00 perimeter: 74.86
Iter 184 J: 7.34E+00 perimeter: 78.53
Iter 185 J: 7.30E+00 perimeter: 77.15
Iter 186 J: 7.26E+00 perimeter: 73.20
Iter 187 J: 7.33E+00 perimeter: 73.33
Iter 188 J: 7.42E+00 perimeter: 75.40
Iter 189 J: 7.35E+00 perimeter: 76.23
Iter 190 J: 7.30E+00 perimeter: 74.96
Iter 191 J: 7.33E+00 perimeter: 76.04
Iter 192 J: 7.33E+00 perimeter: 74.69
Iter 193 J: 7.34E+00 perimeter: 76.39
Iter 194 J: 7.32E+00 perimeter: 75.75
Iter 195 J: 7.29E+00 perimeter: 74.27
Iter 196 J: 7.30E+00 perimeter: 75.92
Iter 197 J: 7.28E+00 perimeter: 75.27
Iter 198 J: 7.29E+00 perimeter: 76.62
Iter 199 J: 7.30E+00 perimeter: 75.24
Iter 200 J: 7.27E+00 perimeter: 76.01
Saved /workspace/output/n500_bent_pipe/design_epoch_0200.png
Iter 201 J: 7.29E+00 perimeter: 74.64
Iter 202 J: 7.30E+00 perimeter: 75.51
Iter 203 J: 7.25E+00 perimeter: 75.50
Iter 204 J: 7.27E+00 perimeter: 75.77
Iter 205 J: 7.27E+00 perimeter: 75.33
Iter 206 J: 7.24E+00 perimeter: 75.85
Iter 207 J: 7.25E+00 perimeter: 74.85
Iter 208 J: 7.26E+00 perimeter: 75.62
Iter 209 J: 7.29E+00 perimeter: 75.97
Iter 210 J: 7.26E+00 perimeter: 74.77
Iter 211 J: 7.25E+00 perimeter: 75.86
Iter 212 J: 7.29E+00 perimeter: 76.05
Iter 213 J: 7.27E+00 perimeter: 75.36
Iter 214 J: 7.27E+00 perimeter: 75.30
Iter 215 J: 7.30E+00 perimeter: 76.98
Iter 216 J: 7.27E+00 perimeter: 76.06
Iter 217 J: 7.22E+00 perimeter: 73.82
Iter 218 J: 7.30E+00 perimeter: 74.94
Iter 219 J: 7.31E+00 perimeter: 76.29
Iter 220 J: 7.25E+00 perimeter: 75.96
Saved /workspace/output/n500_bent_pipe/design_epoch_0220.png
Iter 221 J: 7.30E+00 perimeter: 75.32
Iter 222 J: 7.31E+00 perimeter: 75.31
Iter 223 J: 7.24E+00 perimeter: 75.12
Iter 224 J: 7.27E+00 perimeter: 76.86
Iter 225 J: 7.27E+00 perimeter: 76.68
Iter 226 J: 7.20E+00 perimeter: 75.75
Iter 227 J: 7.24E+00 perimeter: 74.88
Iter 228 J: 7.30E+00 perimeter: 75.77
Iter 229 J: 7.26E+00 perimeter: 75.94
Iter 230 J: 7.24E+00 perimeter: 74.67
Iter 231 J: 7.27E+00 perimeter: 76.12
Iter 232 J: 7.25E+00 perimeter: 75.94
Iter 233 J: 7.26E+00 perimeter: 74.69
Iter 234 J: 7.34E+00 perimeter: 76.51
Iter 235 J: 7.31E+00 perimeter: 75.40
Iter 236 J: 7.28E+00 perimeter: 75.28
Iter 237 J: 7.25E+00 perimeter: 76.30
Iter 238 J: 7.21E+00 perimeter: 76.14
Iter 239 J: 7.24E+00 perimeter: 75.11
Iter 240 J: 7.24E+00 perimeter: 75.42
Saved /workspace/output/n500_bent_pipe/design_epoch_0240.png
Iter 241 J: 7.22E+00 perimeter: 75.63
Iter 242 J: 7.21E+00 perimeter: 75.80
Iter 243 J: 7.20E+00 perimeter: 75.53
Iter 244 J: 7.20E+00 perimeter: 75.52
Iter 245 J: 7.19E+00 perimeter: 75.65
Iter 246 J: 7.19E+00 perimeter: 75.84
Iter 247 J: 7.20E+00 perimeter: 75.30
Iter 248 J: 7.19E+00 perimeter: 75.68
Iter 249 J: 7.18E+00 perimeter: 75.35
Iter 250 J: 7.21E+00 perimeter: 76.13
Iter 251 J: 7.19E+00 perimeter: 73.93
Iter 252 J: 7.19E+00 perimeter: 74.97
Iter 253 J: 7.18E+00 perimeter: 76.68
Iter 254 J: 7.18E+00 perimeter: 73.78
Iter 255 J: 7.21E+00 perimeter: 73.85
Iter 256 J: 7.27E+00 perimeter: 77.30
Iter 257 J: 7.26E+00 perimeter: 76.74
Iter 258 J: 7.23E+00 perimeter: 74.13
Iter 259 J: 7.25E+00 perimeter: 74.74
Iter 260 J: 7.27E+00 perimeter: 77.24
Saved /workspace/output/n500_bent_pipe/design_epoch_0260.png
Iter 261 J: 7.27E+00 perimeter: 76.99
Iter 262 J: 7.25E+00 perimeter: 74.93
Iter 263 J: 7.22E+00 perimeter: 74.96
Iter 264 J: 7.20E+00 perimeter: 76.53
Iter 265 J: 7.22E+00 perimeter: 76.05
Iter 266 J: 7.21E+00 perimeter: 74.65
Iter 267 J: 7.20E+00 perimeter: 75.33
Iter 268 J: 7.19E+00 perimeter: 76.80
Iter 269 J: 7.21E+00 perimeter: 76.13
Iter 270 J: 7.20E+00 perimeter: 74.52
Iter 271 J: 7.21E+00 perimeter: 75.47
Iter 272 J: 7.19E+00 perimeter: 76.47
Iter 273 J: 7.21E+00 perimeter: 75.61
Iter 274 J: 7.19E+00 perimeter: 74.94
Iter 275 J: 7.20E+00 perimeter: 76.23
Iter 276 J: 7.20E+00 perimeter: 75.69
Iter 277 J: 7.17E+00 perimeter: 74.95
Iter 278 J: 7.22E+00 perimeter: 76.61
Iter 279 J: 7.19E+00 perimeter: 76.34
Iter 280 J: 7.18E+00 perimeter: 74.87
Saved /workspace/output/n500_bent_pipe/design_epoch_0280.png
Iter 281 J: 7.23E+00 perimeter: 75.81
Iter 282 J: 7.18E+00 perimeter: 75.49
Iter 283 J: 7.26E+00 perimeter: 76.18
Iter 284 J: 7.31E+00 perimeter: 76.18
Iter 285 J: 7.19E+00 perimeter: 75.26
Iter 286 J: 7.19E+00 perimeter: 75.70
Iter 287 J: 7.21E+00 perimeter: 75.81
Iter 288 J: 7.17E+00 perimeter: 75.12
Iter 289 J: 7.19E+00 perimeter: 76.46
Iter 290 J: 7.20E+00 perimeter: 76.12
Iter 291 J: 7.16E+00 perimeter: 75.05
Iter 292 J: 7.19E+00 perimeter: 76.58
Iter 293 J: 7.18E+00 perimeter: 75.94
Iter 294 J: 7.16E+00 perimeter: 74.33
Iter 295 J: 7.23E+00 perimeter: 75.75
Iter 296 J: 7.21E+00 perimeter: 75.94
Iter 297 J: 7.17E+00 perimeter: 75.16
Iter 298 J: 7.17E+00 perimeter: 76.22
Iter 299 J: 7.17E+00 perimeter: 75.71
Iter 300 J: 7.15E+00 perimeter: 74.59
Saved /workspace/output/n500_bent_pipe/design_epoch_0300.png

Optimization done in 1019.1 s
Saved /workspace/output/n500_bent_pipe/convergence.png
