/workspace/fluid_TO/fluid_fe.py:29: UserWarning: Sparse invariant checks are implicitly disabled. Memory errors (e.g. SEGFAULT) will occur when operating on a sparse tensor which violates the invariants, but checks incur performance overhead. To silence this warning, explicitly opt in or out. See `torch.sparse.check_sparse_tensor_invariants.__doc__` for guidance.  (Triggered internally at /pytorch/aten/src/ATen/Context.cpp:760.)
  fixture_const*torch.sparse_coo_tensor(indices, values, V.size())
Loaded VAE + normalisation tensors.
Adam optimizer
/workspace/fluid_TO/fluid_fe.py:63: UserWarning: Creating a tensor from a list of numpy.ndarrays is extremely slow. Please consider converting the list to a single numpy.ndarray with numpy.array() before converting to a tensor. (Triggered internally at /pytorch/torch/csrc/utils/tensor_new.cpp:253.)
  assembled_A_matrix =  torch.sparse_coo_tensor(
Iter   0 J: 9.24E+01 perimeter: 79.87
/workspace/fluid_TO/plot.py:56: UserWarning: FigureCanvasAgg is non-interactive, and thus cannot be shown
  plt.show()
/workspace/fluid_TO/plot.py:57: UserWarning: FigureCanvasAgg is non-interactive, and thus cannot be shown
  plt.pause(0.01)
Saved /workspace/output/n500_diffuser/design_epoch_0000.png
Iter   1 J: 8.66E+01 perimeter: 74.75
Iter   2 J: 7.87E+01 perimeter: 70.82
Iter   3 J: 7.52E+01 perimeter: 72.52
Iter   4 J: 7.02E+01 perimeter: 69.62
Iter   5 J: 6.81E+01 perimeter: 65.63
Iter   6 J: 6.42E+01 perimeter: 64.25
Iter   7 J: 6.05E+01 perimeter: 60.81
Iter   8 J: 5.89E+01 perimeter: 60.38
Iter   9 J: 5.61E+01 perimeter: 59.84
Iter  10 J: 5.52E+01 perimeter: 61.41
Iter  11 J: 5.43E+01 perimeter: 62.04
Iter  12 J: 5.31E+01 perimeter: 60.01
Iter  13 J: 5.24E+01 perimeter: 59.41
Iter  14 J: 5.21E+01 perimeter: 61.13
Iter  15 J: 4.92E+01 perimeter: 61.07
Iter  16 J: 4.94E+01 perimeter: 60.53
Iter  17 J: 4.89E+01 perimeter: 58.54
Iter  18 J: 4.76E+01 perimeter: 57.61
Iter  19 J: 4.72E+01 perimeter: 57.95
Iter  20 J: 4.56E+01 perimeter: 57.70
Saved /workspace/output/n500_diffuser/design_epoch_0020.png
Iter  21 J: 4.60E+01 perimeter: 58.39
Iter  22 J: 4.60E+01 perimeter: 58.15
Iter  23 J: 4.45E+01 perimeter: 60.92
Iter  24 J: 4.41E+01 perimeter: 65.11
Iter  25 J: 4.43E+01 perimeter: 64.27
Iter  26 J: 4.38E+01 perimeter: 61.97
Iter  27 J: 4.34E+01 perimeter: 59.79
Iter  28 J: 4.24E+01 perimeter: 58.22
Iter  29 J: 4.17E+01 perimeter: 58.47
Iter  30 J: 4.10E+01 perimeter: 58.56
Iter  31 J: 4.10E+01 perimeter: 59.39
Iter  32 J: 4.04E+01 perimeter: 58.40
Iter  33 J: 4.06E+01 perimeter: 58.23
Iter  34 J: 3.98E+01 perimeter: 57.44
Iter  35 J: 3.90E+01 perimeter: 56.24
Iter  36 J: 3.85E+01 perimeter: 56.65
Iter  37 J: 3.84E+01 perimeter: 57.74
Iter  38 J: 3.81E+01 perimeter: 58.30
Iter  39 J: 3.79E+01 perimeter: 57.33
Iter  40 J: 3.78E+01 perimeter: 57.92
Saved /workspace/output/n500_diffuser/design_epoch_0040.png
Iter  41 J: 3.69E+01 perimeter: 57.69
Iter  42 J: 3.68E+01 perimeter: 57.75
Iter  43 J: 3.68E+01 perimeter: 58.09
Iter  44 J: 3.64E+01 perimeter: 58.00
Iter  45 J: 3.57E+01 perimeter: 57.93
Iter  46 J: 3.57E+01 perimeter: 59.34
Iter  47 J: 3.55E+01 perimeter: 60.06
Iter  48 J: 3.51E+01 perimeter: 59.25
Iter  49 J: 3.49E+01 perimeter: 59.01
Iter  50 J: 3.48E+01 perimeter: 58.86
Iter  51 J: 3.49E+01 perimeter: 59.59
Iter  52 J: 3.46E+01 perimeter: 59.16
Iter  53 J: 3.43E+01 perimeter: 58.74
Iter  54 J: 3.40E+01 perimeter: 58.19
Iter  55 J: 3.34E+01 perimeter: 57.61
Iter  56 J: 3.33E+01 perimeter: 59.15
Iter  57 J: 3.34E+01 perimeter: 59.74
Iter  58 J: 3.29E+01 perimeter: 59.91
Iter  59 J: 3.29E+01 perimeter: 58.94
Iter  60 J: 3.23E+01 perimeter: 57.13
Saved /workspace/output/n500_diffuser/design_epoch_0060.png
Iter  61 J: 3.21E+01 perimeter: 57.83
Iter  62 J: 3.26E+01 perimeter: 60.12
Iter  63 J: 3.23E+01 perimeter: 59.14
Iter  64 J: 3.18E+01 perimeter: 57.76
Iter  65 J: 3.27E+01 perimeter: 60.11
Iter  66 J: 3.23E+01 perimeter: 59.13
Iter  67 J: 3.19E+01 perimeter: 57.25
Iter  68 J: 3.25E+01 perimeter: 59.18
Iter  69 J: 3.24E+01 perimeter: 59.92
Iter  70 J: 3.19E+01 perimeter: 59.24
Iter  71 J: 3.15E+01 perimeter: 58.37
Iter  72 J: 3.15E+01 perimeter: 58.70
Iter  73 J: 3.13E+01 perimeter: 58.81
Iter  74 J: 3.10E+01 perimeter: 59.07
Iter  75 J: 3.19E+01 perimeter: 61.12
Iter  76 J: 3.21E+01 perimeter: 59.72
Iter  77 J: 3.15E+01 perimeter: 57.52
Iter  78 J: 3.14E+01 perimeter: 58.73
Iter  79 J: 3.08E+01 perimeter: 58.98
Iter  80 J: 3.07E+01 perimeter: 59.45
Saved /workspace/output/n500_diffuser/design_epoch_0080.png
Iter  81 J: 3.09E+01 perimeter: 60.35
Iter  82 J: 3.07E+01 perimeter: 57.87
Iter  83 J: 3.05E+01 perimeter: 58.61
Iter  84 J: 3.02E+01 perimeter: 59.78
Iter  85 J: 2.99E+01 perimeter: 59.51
Iter  86 J: 2.98E+01 perimeter: 59.03
Iter  87 J: 3.04E+01 perimeter: 60.13
Iter  88 J: 2.98E+01 perimeter: 59.37
Iter  89 J: 3.04E+01 perimeter: 57.87
Iter  90 J: 3.02E+01 perimeter: 57.58
Iter  91 J: 2.96E+01 perimeter: 58.84
Iter  92 J: 2.98E+01 perimeter: 61.33
Iter  93 J: 2.97E+01 perimeter: 60.59
Iter  94 J: 2.96E+01 perimeter: 57.89
Iter  95 J: 3.02E+01 perimeter: 59.39
Iter  96 J: 2.98E+01 perimeter: 59.44
Iter  97 J: 2.99E+01 perimeter: 59.64
Iter  98 J: 3.00E+01 perimeter: 59.01
Iter  99 J: 2.94E+01 perimeter: 58.13
Iter 100 J: 2.99E+01 perimeter: 59.36
Saved /workspace/output/n500_diffuser/design_epoch_0100.png
Iter 101 J: 2.96E+01 perimeter: 59.21
Iter 102 J: 2.98E+01 perimeter: 60.12
Iter 103 J: 2.98E+01 perimeter: 60.24
Iter 104 J: 2.94E+01 perimeter: 59.07
Iter 105 J: 2.96E+01 perimeter: 58.92
Iter 106 J: 2.94E+01 perimeter: 59.65
Iter 107 J: 2.98E+01 perimeter: 60.19
Iter 108 J: 2.96E+01 perimeter: 59.28
Iter 109 J: 2.98E+01 perimeter: 59.36
Iter 110 J: 2.97E+01 perimeter: 59.41
Iter 111 J: 2.94E+01 perimeter: 58.46
Iter 112 J: 2.95E+01 perimeter: 60.07
Iter 113 J: 2.94E+01 perimeter: 59.00
Iter 114 J: 2.96E+01 perimeter: 60.57
Iter 115 J: 2.95E+01 perimeter: 59.09
Iter 116 J: 2.96E+01 perimeter: 58.81
Iter 117 J: 2.93E+01 perimeter: 59.76
Iter 118 J: 2.95E+01 perimeter: 59.16
Iter 119 J: 2.90E+01 perimeter: 58.53
Iter 120 J: 2.92E+01 perimeter: 59.72
Saved /workspace/output/n500_diffuser/design_epoch_0120.png
Iter 121 J: 2.92E+01 perimeter: 58.36
Iter 122 J: 2.96E+01 perimeter: 60.43
Iter 123 J: 2.95E+01 perimeter: 59.12
Iter 124 J: 2.92E+01 perimeter: 59.30
Iter 125 J: 2.98E+01 perimeter: 60.98
Iter 126 J: 2.96E+01 perimeter: 59.36
Iter 127 J: 2.95E+01 perimeter: 60.17
Iter 128 J: 2.90E+01 perimeter: 58.18
Iter 129 J: 2.94E+01 perimeter: 59.40
Iter 130 J: 2.90E+01 perimeter: 59.57
Iter 131 J: 2.91E+01 perimeter: 59.55
Iter 132 J: 2.91E+01 perimeter: 59.27
Iter 133 J: 2.88E+01 perimeter: 59.21
Iter 134 J: 2.93E+01 perimeter: 59.82
Iter 135 J: 2.92E+01 perimeter: 59.32
Iter 136 J: 2.89E+01 perimeter: 59.93
Iter 137 J: 2.95E+01 perimeter: 58.79
Iter 138 J: 2.91E+01 perimeter: 59.24
Iter 139 J: 2.88E+01 perimeter: 57.91
Iter 140 J: 3.00E+01 perimeter: 60.92
Saved /workspace/output/n500_diffuser/design_epoch_0140.png
Iter 141 J: 3.02E+01 perimeter: 60.68
Iter 142 J: 2.93E+01 perimeter: 58.97
Iter 143 J: 2.96E+01 perimeter: 61.26
Iter 144 J: 2.99E+01 perimeter: 60.47
Iter 145 J: 2.95E+01 perimeter: 58.53
Iter 146 J: 2.89E+01 perimeter: 58.73
Iter 147 J: 2.96E+01 perimeter: 61.19
Iter 148 J: 2.99E+01 perimeter: 59.62
Iter 149 J: 2.94E+01 perimeter: 58.18
Iter 150 J: 2.92E+01 perimeter: 60.05
Iter 151 J: 2.92E+01 perimeter: 59.27
Iter 152 J: 2.98E+01 perimeter: 61.55
Iter 153 J: 2.95E+01 perimeter: 59.09
Iter 154 J: 2.90E+01 perimeter: 58.88
Iter 155 J: 2.87E+01 perimeter: 60.15
Iter 156 J: 2.87E+01 perimeter: 59.18
Iter 157 J: 2.90E+01 perimeter: 59.66
Iter 158 J: 2.89E+01 perimeter: 59.15
Iter 159 J: 2.91E+01 perimeter: 60.63
Iter 160 J: 2.86E+01 perimeter: 59.16
Saved /workspace/output/n500_diffuser/design_epoch_0160.png
Iter 161 J: 2.86E+01 perimeter: 60.59
Iter 162 J: 2.88E+01 perimeter: 60.23
Iter 163 J: 2.86E+01 perimeter: 59.02
Iter 164 J: 2.91E+01 perimeter: 60.37
Iter 165 J: 2.87E+01 perimeter: 58.16
Iter 166 J: 2.93E+01 perimeter: 60.62
Iter 167 J: 2.90E+01 perimeter: 59.90
Iter 168 J: 2.85E+01 perimeter: 57.73
Iter 169 J: 2.90E+01 perimeter: 59.20
Iter 170 J: 2.89E+01 perimeter: 60.22
Iter 171 J: 2.87E+01 perimeter: 60.16
Iter 172 J: 2.89E+01 perimeter: 59.65
Iter 173 J: 2.86E+01 perimeter: 58.72
Iter 174 J: 2.92E+01 perimeter: 59.92
Iter 175 J: 2.88E+01 perimeter: 59.37
Iter 176 J: 2.88E+01 perimeter: 60.80
Iter 177 J: 2.85E+01 perimeter: 59.66
Iter 178 J: 2.82E+01 perimeter: 59.33
Iter 179 J: 2.85E+01 perimeter: 59.98
Iter 180 J: 2.85E+01 perimeter: 59.38
Saved /workspace/output/n500_diffuser/design_epoch_0180.png
Iter 181 J: 2.85E+01 perimeter: 60.74
Iter 182 J: 2.89E+01 perimeter: 59.72
Iter 183 J: 2.85E+01 perimeter: 59.11
Iter 184 J: 2.83E+01 perimeter: 59.88
Iter 185 J: 2.87E+01 perimeter: 59.27
Iter 186 J: 2.92E+01 perimeter: 60.30
Iter 187 J: 2.96E+01 perimeter: 58.54
Iter 188 J: 2.93E+01 perimeter: 59.45
Iter 189 J: 2.85E+01 perimeter: 57.54
Iter 190 J: 2.90E+01 perimeter: 56.69
Iter 191 J: 3.02E+01 perimeter: 60.42
Iter 192 J: 3.00E+01 perimeter: 60.61
Iter 193 J: 2.91E+01 perimeter: 58.99
Iter 194 J: 2.86E+01 perimeter: 59.80
Iter 195 J: 2.90E+01 perimeter: 60.91
Iter 196 J: 2.96E+01 perimeter: 58.71
Iter 197 J: 3.04E+01 perimeter: 59.57
Iter 198 J: 2.96E+01 perimeter: 59.46
Iter 199 J: 2.95E+01 perimeter: 59.29
Iter 200 J: 2.97E+01 perimeter: 60.50
Saved /workspace/output/n500_diffuser/design_epoch_0200.png
Iter 201 J: 2.95E+01 perimeter: 59.90
Iter 202 J: 2.92E+01 perimeter: 59.58
Iter 203 J: 2.88E+01 perimeter: 59.20
Iter 204 J: 2.87E+01 perimeter: 59.62
Iter 205 J: 2.93E+01 perimeter: 60.21
Iter 206 J: 2.91E+01 perimeter: 60.11
Iter 207 J: 2.89E+01 perimeter: 59.54
Iter 208 J: 2.90E+01 perimeter: 58.88
Iter 209 J: 2.85E+01 perimeter: 58.76
Iter 210 J: 2.88E+01 perimeter: 60.34
Iter 211 J: 2.86E+01 perimeter: 58.20
Iter 212 J: 2.89E+01 perimeter: 59.95
Iter 213 J: 2.90E+01 perimeter: 60.07
Iter 214 J: 2.90E+01 perimeter: 59.27
Iter 215 J: 2.86E+01 perimeter: 60.78
Iter 216 J: 2.88E+01 perimeter: 59.44
Iter 217 J: 2.89E+01 perimeter: 59.49
Iter 218 J: 2.83E+01 perimeter: 59.78
Iter 219 J: 2.87E+01 perimeter: 59.52
Iter 220 J: 2.91E+01 perimeter: 60.00
Saved /workspace/output/n500_diffuser/design_epoch_0220.png
Iter 221 J: 2.85E+01 perimeter: 60.16
Iter 222 J: 2.81E+01 perimeter: 59.83
Iter 223 J: 2.80E+01 perimeter: 59.60
Iter 224 J: 2.83E+01 perimeter: 59.82
Iter 225 J: 2.81E+01 perimeter: 59.56
Iter 226 J: 2.80E+01 perimeter: 59.73
Iter 227 J: 2.80E+01 perimeter: 59.52
Iter 228 J: 2.85E+01 perimeter: 60.97
Iter 229 J: 2.82E+01 perimeter: 59.83
Iter 230 J: 2.82E+01 perimeter: 58.91
Iter 231 J: 2.89E+01 perimeter: 60.46
Iter 232 J: 2.84E+01 perimeter: 60.73
Iter 233 J: 2.80E+01 perimeter: 59.75
Iter 234 J: 2.80E+01 perimeter: 59.62
Iter 235 J: 2.82E+01 perimeter: 59.25
Iter 236 J: 2.83E+01 perimeter: 60.34
Iter 237 J: 2.81E+01 perimeter: 58.85
Iter 238 J: 2.83E+01 perimeter: 59.59
Iter 239 J: 2.80E+01 perimeter: 60.62
Iter 240 J: 2.80E+01 perimeter: 59.79
Saved /workspace/output/n500_diffuser/design_epoch_0240.png
Iter 241 J: 2.79E+01 perimeter: 59.54
Iter 242 J: 2.83E+01 perimeter: 60.11
Iter 243 J: 2.82E+01 perimeter: 59.25
Iter 244 J: 2.85E+01 perimeter: 60.17
Iter 245 J: 2.81E+01 perimeter: 59.47
Iter 246 J: 2.82E+01 perimeter: 60.20
Iter 247 J: 2.83E+01 perimeter: 58.26
Iter 248 J: 2.84E+01 perimeter: 60.25
Iter 249 J: 2.82E+01 perimeter: 60.02
Iter 250 J: 2.79E+01 perimeter: 59.32
Iter 251 J: 2.82E+01 perimeter: 60.49
Iter 252 J: 2.80E+01 perimeter: 59.49
Iter 253 J: 2.81E+01 perimeter: 59.49
Iter 254 J: 2.82E+01 perimeter: 60.29
Iter 255 J: 2.79E+01 perimeter: 59.89
Iter 256 J: 2.79E+01 perimeter: 58.97
Iter 257 J: 2.83E+01 perimeter: 59.95
Iter 258 J: 2.83E+01 perimeter: 59.47
Iter 259 J: 2.80E+01 perimeter: 59.44
Iter 260 J: 2.83E+01 perimeter: 60.26
Saved /workspace/output/n500_diffuser/design_epoch_0260.png
Iter 261 J: 2.82E+01 perimeter: 60.18
Iter 262 J: 2.80E+01 perimeter: 59.49
Iter 263 J: 2.85E+01 perimeter: 60.32
Iter 264 J: 2.85E+01 perimeter: 59.87
Iter 265 J: 2.80E+01 perimeter: 58.40
Iter 266 J: 2.80E+01 perimeter: 59.57
Iter 267 J: 2.82E+01 perimeter: 60.76
Iter 268 J: 2.82E+01 perimeter: 57.84
Iter 269 J: 2.88E+01 perimeter: 58.28
Iter 270 J: 2.96E+01 perimeter: 60.97
Iter 271 J: 2.96E+01 perimeter: 60.25
Iter 272 J: 2.92E+01 perimeter: 58.45
Iter 273 J: 2.92E+01 perimeter: 60.01
Iter 274 J: 2.92E+01 perimeter: 59.55
Iter 275 J: 2.94E+01 perimeter: 60.61
Iter 276 J: 2.91E+01 perimeter: 59.32
Iter 277 J: 2.93E+01 perimeter: 59.89
Iter 278 J: 2.92E+01 perimeter: 59.06
Iter 279 J: 2.90E+01 perimeter: 59.58
Iter 280 J: 2.84E+01 perimeter: 58.94
Saved /workspace/output/n500_diffuser/design_epoch_0280.png
Iter 281 J: 2.86E+01 perimeter: 60.09
Iter 282 J: 2.85E+01 perimeter: 60.63
Iter 283 J: 2.85E+01 perimeter: 59.37
Iter 284 J: 2.86E+01 perimeter: 60.17
Iter 285 J: 2.83E+01 perimeter: 59.68
Iter 286 J: 2.82E+01 perimeter: 59.70
Iter 287 J: 2.81E+01 perimeter: 59.68
Iter 288 J: 2.85E+01 perimeter: 60.49
Iter 289 J: 2.85E+01 perimeter: 60.33
Iter 290 J: 2.84E+01 perimeter: 57.80
Iter 291 J: 2.84E+01 perimeter: 58.83
Iter 292 J: 2.96E+01 perimeter: 61.42
Iter 293 J: 2.95E+01 perimeter: 61.05
Iter 294 J: 2.86E+01 perimeter: 57.72
Iter 295 J: 2.88E+01 perimeter: 59.02
Iter 296 J: 2.86E+01 perimeter: 60.35
Iter 297 J: 2.89E+01 perimeter: 55.22
Iter 298 J: 2.95E+01 perimeter: 55.37
Iter 299 J: 3.03E+01 perimeter: 60.01
Iter 300 J: 3.00E+01 perimeter: 61.15
Saved /workspace/output/n500_diffuser/design_epoch_0300.png

Optimization done in 75.2 s
Saved /workspace/output/n500_diffuser/convergence.png
