/workspace/fluid_TO/fluid_fe.py:29: UserWarning: Sparse invariant checks are implicitly disabled. Memory errors (e.g. SEGFAULT) will occur when operating on a sparse tensor which violates the invariants, but checks incur performance overhead. To silence this warning, explicitly opt in or out. See `torch.sparse.check_sparse_tensor_invariants.__doc__` for guidance.  (Triggered internally at /pytorch/aten/src/ATen/Context.cpp:760.)
  fixture_const*torch.sparse_coo_tensor(indices, values, V.size())
/workspace/fluid_TO/fluid_fe.py:63: UserWarning: Creating a tensor from a list of numpy.ndarrays is extremely slow. Please consider converting the list to a single numpy.ndarray with numpy.array() before converting to a tensor. (Triggered internally at /pytorch/torch/csrc/utils/tensor_new.cpp:253.)
  assembled_A_matrix =  torch.sparse_coo_tensor(
/workspace/fluid_TO/plot.py:56: UserWarning: FigureCanvasAgg is non-interactive, and thus cannot be shown
  plt.show()
/workspace/fluid_TO/plot.py:57: UserWarning: FigureCanvasAgg is non-interactive, and thus cannot be shown
  plt.pause(0.01)
Loaded VAE + normalisation tensors.
Adam optimizer
Iter   0 J: 2.67E+01 perimeter: 142.01
Saved /workspace/output/config_bent_pipe/design_epoch_0000.png
Iter   1 J: 2.21E+01 perimeter: 125.12
Iter   2 J: 1.96E+01 perimeter: 109.87
Iter   3 J: 1.76E+01 perimeter: 100.04
Iter   4 J: 1.63E+01 perimeter: 94.83
Iter   5 J: 1.47E+01 perimeter: 89.10
Iter   6 J: 1.35E+01 perimeter: 84.78
Iter   7 J: 1.26E+01 perimeter: 81.89
Iter   8 J: 1.20E+01 perimeter: 79.27
Iter   9 J: 1.16E+01 perimeter: 78.54
Iter  10 J: 1.11E+01 perimeter: 74.08
Iter  11 J: 1.07E+01 perimeter: 74.93
Iter  12 J: 1.06E+01 perimeter: 76.52
Iter  13 J: 1.04E+01 perimeter: 75.61
Iter  14 J: 9.98E+00 perimeter: 73.73
Iter  15 J: 9.54E+00 perimeter: 71.75
Iter  16 J: 9.51E+00 perimeter: 72.88
Iter  17 J: 9.16E+00 perimeter: 74.56
Iter  18 J: 8.67E+00 perimeter: 77.25
Iter  19 J: 8.10E+00 perimeter: 75.50
Iter  20 J: 7.63E+00 perimeter: 71.20
Saved /workspace/output/config_bent_pipe/design_epoch_0020.png
Iter  21 J: 7.32E+00 perimeter: 69.79
Iter  22 J: 7.11E+00 perimeter: 71.51
Iter  23 J: 6.99E+00 perimeter: 73.46
Iter  24 J: 6.89E+00 perimeter: 75.37
Iter  25 J: 6.79E+00 perimeter: 75.72
Iter  26 J: 6.68E+00 perimeter: 72.31
Iter  27 J: 6.63E+00 perimeter: 72.62
Iter  28 J: 6.62E+00 perimeter: 74.28
Iter  29 J: 6.59E+00 perimeter: 74.14
Iter  30 J: 6.57E+00 perimeter: 75.69
Iter  31 J: 6.53E+00 perimeter: 73.14
Iter  32 J: 6.51E+00 perimeter: 75.02
Iter  33 J: 6.48E+00 perimeter: 75.29
Iter  34 J: 6.45E+00 perimeter: 71.56
Iter  35 J: 6.44E+00 perimeter: 70.88
Iter  36 J: 6.44E+00 perimeter: 74.09
Iter  37 J: 6.45E+00 perimeter: 78.27
Iter  38 J: 6.44E+00 perimeter: 76.47
Iter  39 J: 6.42E+00 perimeter: 70.69
Iter  40 J: 6.41E+00 perimeter: 69.25
Saved /workspace/output/config_bent_pipe/design_epoch_0040.png
Iter  41 J: 6.42E+00 perimeter: 71.79
Iter  42 J: 6.45E+00 perimeter: 77.32
Iter  43 J: 6.46E+00 perimeter: 78.53
Iter  44 J: 6.44E+00 perimeter: 76.66
Iter  45 J: 6.41E+00 perimeter: 71.46
Iter  46 J: 6.39E+00 perimeter: 70.48
Iter  47 J: 6.40E+00 perimeter: 73.35
Iter  48 J: 6.42E+00 perimeter: 77.69
Iter  49 J: 6.41E+00 perimeter: 78.17
Iter  50 J: 6.38E+00 perimeter: 76.03
Iter  51 J: 6.34E+00 perimeter: 70.86
Iter  52 J: 6.33E+00 perimeter: 68.35
Iter  53 J: 6.33E+00 perimeter: 68.81
Iter  54 J: 6.34E+00 perimeter: 70.96
Iter  55 J: 6.37E+00 perimeter: 73.99
Iter  56 J: 6.39E+00 perimeter: 77.60
Iter  57 J: 6.40E+00 perimeter: 78.27
Iter  58 J: 6.40E+00 perimeter: 76.27
Iter  59 J: 6.38E+00 perimeter: 71.22
Iter  60 J: 6.35E+00 perimeter: 69.65
Saved /workspace/output/config_bent_pipe/design_epoch_0060.png
Iter  61 J: 6.34E+00 perimeter: 70.10
Iter  62 J: 6.32E+00 perimeter: 71.25
Iter  63 J: 6.33E+00 perimeter: 73.59
Iter  64 J: 6.34E+00 perimeter: 76.24
Iter  65 J: 6.34E+00 perimeter: 73.69
Iter  66 J: 6.35E+00 perimeter: 73.22
Iter  67 J: 6.36E+00 perimeter: 75.88
Iter  68 J: 6.36E+00 perimeter: 75.32
Iter  69 J: 6.35E+00 perimeter: 77.16
Iter  70 J: 6.33E+00 perimeter: 74.95
Iter  71 J: 6.32E+00 perimeter: 75.40
Iter  72 J: 6.30E+00 perimeter: 74.69
Iter  73 J: 6.31E+00 perimeter: 75.51
Iter  74 J: 6.30E+00 perimeter: 74.77
Iter  75 J: 6.32E+00 perimeter: 76.24
Iter  76 J: 6.31E+00 perimeter: 73.77
Iter  77 J: 6.32E+00 perimeter: 75.38
Iter  78 J: 6.32E+00 perimeter: 77.68
Iter  79 J: 6.30E+00 perimeter: 75.76
Iter  80 J: 6.28E+00 perimeter: 70.38
Saved /workspace/output/config_bent_pipe/design_epoch_0080.png
Iter  81 J: 6.27E+00 perimeter: 68.66
Iter  82 J: 6.27E+00 perimeter: 70.45
Iter  83 J: 6.29E+00 perimeter: 74.69
Iter  84 J: 6.32E+00 perimeter: 79.97
Iter  85 J: 6.33E+00 perimeter: 81.24
Iter  86 J: 6.32E+00 perimeter: 79.46
Iter  87 J: 6.31E+00 perimeter: 75.44
Iter  88 J: 6.29E+00 perimeter: 71.92
Iter  89 J: 6.29E+00 perimeter: 70.99
Iter  90 J: 6.29E+00 perimeter: 72.27
Iter  91 J: 6.31E+00 perimeter: 75.23
Iter  92 J: 6.32E+00 perimeter: 79.03
Iter  93 J: 6.33E+00 perimeter: 79.40
Iter  94 J: 6.32E+00 perimeter: 76.23
Iter  95 J: 6.30E+00 perimeter: 69.10
Iter  96 J: 6.29E+00 perimeter: 65.47
Iter  97 J: 6.29E+00 perimeter: 65.80
Iter  98 J: 6.29E+00 perimeter: 68.48
Iter  99 J: 6.30E+00 perimeter: 71.65
Iter 100 J: 6.31E+00 perimeter: 74.46
Saved /workspace/output/config_bent_pipe/design_epoch_0100.png
Iter 101 J: 6.33E+00 perimeter: 77.84
Iter 102 J: 6.35E+00 perimeter: 77.63
Iter 103 J: 6.35E+00 perimeter: 74.59
Iter 104 J: 6.36E+00 perimeter: 73.95
Iter 105 J: 6.37E+00 perimeter: 75.64
Iter 106 J: 6.36E+00 perimeter: 75.75
Iter 107 J: 6.34E+00 perimeter: 73.38
Iter 108 J: 6.33E+00 perimeter: 73.26
Iter 109 J: 6.33E+00 perimeter: 75.30
Iter 110 J: 6.33E+00 perimeter: 78.71
Iter 111 J: 6.32E+00 perimeter: 78.53
Iter 112 J: 6.30E+00 perimeter: 74.79
Iter 113 J: 6.29E+00 perimeter: 74.23
Iter 114 J: 6.30E+00 perimeter: 76.84
Iter 115 J: 6.30E+00 perimeter: 75.36
Iter 116 J: 6.30E+00 perimeter: 76.98
Iter 117 J: 6.29E+00 perimeter: 74.96
Iter 118 J: 6.29E+00 perimeter: 76.16
Iter 119 J: 6.29E+00 perimeter: 73.88
Iter 120 J: 6.29E+00 perimeter: 74.83
Saved /workspace/output/config_bent_pipe/design_epoch_0120.png
Iter 121 J: 6.30E+00 perimeter: 78.45
Iter 122 J: 6.30E+00 perimeter: 78.48
Iter 123 J: 6.29E+00 perimeter: 75.48
Iter 124 J: 6.28E+00 perimeter: 75.08
Iter 125 J: 6.29E+00 perimeter: 77.26
Iter 126 J: 6.28E+00 perimeter: 76.07
Iter 127 J: 6.27E+00 perimeter: 72.12
Iter 128 J: 6.26E+00 perimeter: 71.40
Iter 129 J: 6.27E+00 perimeter: 73.58
Iter 130 J: 6.28E+00 perimeter: 77.82
Iter 131 J: 6.29E+00 perimeter: 78.80
Iter 132 J: 6.28E+00 perimeter: 77.30
Iter 133 J: 6.27E+00 perimeter: 73.62
Iter 134 J: 6.27E+00 perimeter: 72.65
Iter 135 J: 6.27E+00 perimeter: 74.09
Iter 136 J: 6.28E+00 perimeter: 77.46
Iter 137 J: 6.29E+00 perimeter: 77.94
Iter 138 J: 6.28E+00 perimeter: 75.96
Iter 139 J: 6.27E+00 perimeter: 71.97
Iter 140 J: 6.26E+00 perimeter: 70.75
Saved /workspace/output/config_bent_pipe/design_epoch_0140.png
Iter 141 J: 6.27E+00 perimeter: 72.05
Iter 142 J: 6.28E+00 perimeter: 75.36
Iter 143 J: 6.30E+00 perimeter: 79.71
Iter 144 J: 6.30E+00 perimeter: 80.96
Iter 145 J: 6.30E+00 perimeter: 79.54
Iter 146 J: 6.29E+00 perimeter: 75.79
Iter 147 J: 6.27E+00 perimeter: 70.08
Iter 148 J: 6.26E+00 perimeter: 66.96
Iter 149 J: 6.26E+00 perimeter: 66.43
Iter 150 J: 6.26E+00 perimeter: 68.19
Iter 151 J: 6.27E+00 perimeter: 71.72
Iter 152 J: 6.29E+00 perimeter: 76.46
Iter 153 J: 6.29E+00 perimeter: 78.35
Iter 154 J: 6.29E+00 perimeter: 77.73
Iter 155 J: 6.28E+00 perimeter: 75.11
Iter 156 J: 6.27E+00 perimeter: 74.84
Iter 157 J: 6.28E+00 perimeter: 76.39
Iter 158 J: 6.28E+00 perimeter: 75.83
Iter 159 J: 6.27E+00 perimeter: 73.29
Iter 160 J: 6.26E+00 perimeter: 72.67
Saved /workspace/output/config_bent_pipe/design_epoch_0160.png
Iter 161 J: 6.27E+00 perimeter: 74.02
Iter 162 J: 6.28E+00 perimeter: 76.93
Iter 163 J: 6.28E+00 perimeter: 76.97
Iter 164 J: 6.27E+00 perimeter: 74.62
Iter 165 J: 6.27E+00 perimeter: 74.59
Iter 166 J: 6.28E+00 perimeter: 76.55
Iter 167 J: 6.28E+00 perimeter: 76.22
Iter 168 J: 6.27E+00 perimeter: 73.93
Iter 169 J: 6.27E+00 perimeter: 73.90
Iter 170 J: 6.27E+00 perimeter: 75.77
Iter 171 J: 6.27E+00 perimeter: 75.80
Iter 172 J: 6.26E+00 perimeter: 74.05
Iter 173 J: 6.26E+00 perimeter: 74.29
Iter 174 J: 6.27E+00 perimeter: 76.48
Iter 175 J: 6.27E+00 perimeter: 76.48
Iter 176 J: 6.26E+00 perimeter: 74.39
Iter 177 J: 6.26E+00 perimeter: 74.41
Iter 178 J: 6.27E+00 perimeter: 76.32
Iter 179 J: 6.27E+00 perimeter: 76.08
Iter 180 J: 6.26E+00 perimeter: 73.94
Saved /workspace/output/config_bent_pipe/design_epoch_0180.png
Iter 181 J: 6.26E+00 perimeter: 73.91
Iter 182 J: 6.27E+00 perimeter: 75.68
Iter 183 J: 6.27E+00 perimeter: 76.10
Iter 184 J: 6.26E+00 perimeter: 74.58
Iter 185 J: 6.26E+00 perimeter: 75.04
Iter 186 J: 6.27E+00 perimeter: 77.33
Iter 187 J: 6.27E+00 perimeter: 77.44
Iter 188 J: 6.26E+00 perimeter: 75.62
Iter 189 J: 6.26E+00 perimeter: 73.66
Iter 190 J: 6.26E+00 perimeter: 73.73
Iter 191 J: 6.26E+00 perimeter: 75.52
Iter 192 J: 6.27E+00 perimeter: 77.84
Iter 193 J: 6.27E+00 perimeter: 77.89
Iter 194 J: 6.27E+00 perimeter: 75.87
Iter 195 J: 6.25E+00 perimeter: 71.59
Iter 196 J: 6.25E+00 perimeter: 69.34
Iter 197 J: 6.25E+00 perimeter: 69.66
Iter 198 J: 6.25E+00 perimeter: 71.74
Iter 199 J: 6.26E+00 perimeter: 74.65
Iter 200 J: 6.28E+00 perimeter: 77.77
Saved /workspace/output/config_bent_pipe/design_epoch_0200.png
Iter 201 J: 6.29E+00 perimeter: 77.79
Iter 202 J: 6.29E+00 perimeter: 75.20
Iter 203 J: 6.30E+00 perimeter: 74.65
Iter 204 J: 6.31E+00 perimeter: 76.20
Iter 205 J: 6.30E+00 perimeter: 75.43
Iter 206 J: 6.30E+00 perimeter: 76.10
Iter 207 J: 6.30E+00 perimeter: 74.41
Iter 208 J: 6.29E+00 perimeter: 74.63
Iter 209 J: 6.30E+00 perimeter: 76.80
Iter 210 J: 6.29E+00 perimeter: 76.65
Iter 211 J: 6.29E+00 perimeter: 74.39
Iter 212 J: 6.28E+00 perimeter: 74.38
Iter 213 J: 6.29E+00 perimeter: 76.28
Iter 214 J: 6.28E+00 perimeter: 75.95
Iter 215 J: 6.27E+00 perimeter: 73.57
Iter 216 J: 6.27E+00 perimeter: 73.39
Iter 217 J: 6.27E+00 perimeter: 75.22
Iter 218 J: 6.28E+00 perimeter: 78.31
Iter 219 J: 6.28E+00 perimeter: 78.81
Iter 220 J: 6.27E+00 perimeter: 77.16
Saved /workspace/output/config_bent_pipe/design_epoch_0220.png
Iter 221 J: 6.25E+00 perimeter: 73.39
Iter 222 J: 6.25E+00 perimeter: 71.83
Iter 223 J: 6.25E+00 perimeter: 72.53
Iter 224 J: 6.26E+00 perimeter: 74.97
Iter 225 J: 6.28E+00 perimeter: 78.51
Iter 226 J: 6.28E+00 perimeter: 79.39
Iter 227 J: 6.28E+00 perimeter: 77.99
Iter 228 J: 6.27E+00 perimeter: 74.63
Iter 229 J: 6.27E+00 perimeter: 73.92
Iter 230 J: 6.27E+00 perimeter: 75.53
Iter 231 J: 6.28E+00 perimeter: 77.48
Iter 232 J: 6.27E+00 perimeter: 76.95
Iter 233 J: 6.26E+00 perimeter: 74.28
Iter 234 J: 6.26E+00 perimeter: 73.60
Iter 235 J: 6.26E+00 perimeter: 74.86
Iter 236 J: 6.28E+00 perimeter: 77.71
Iter 237 J: 6.28E+00 perimeter: 78.22
Iter 238 J: 6.27E+00 perimeter: 76.68
Iter 239 J: 6.26E+00 perimeter: 72.87
Iter 240 J: 6.25E+00 perimeter: 70.84
Saved /workspace/output/config_bent_pipe/design_epoch_0240.png
Iter 241 J: 6.25E+00 perimeter: 71.20
Iter 242 J: 6.26E+00 perimeter: 73.24
Iter 243 J: 6.27E+00 perimeter: 75.73
Iter 244 J: 6.27E+00 perimeter: 76.00
Iter 245 J: 6.26E+00 perimeter: 74.29
Iter 246 J: 6.26E+00 perimeter: 74.48
Iter 247 J: 6.27E+00 perimeter: 76.28
Iter 248 J: 6.27E+00 perimeter: 76.20
Iter 249 J: 6.26E+00 perimeter: 74.45
Iter 250 J: 6.26E+00 perimeter: 74.46
Iter 251 J: 6.27E+00 perimeter: 76.05
Iter 252 J: 6.27E+00 perimeter: 75.86
Iter 253 J: 6.26E+00 perimeter: 74.07
Iter 254 J: 6.26E+00 perimeter: 74.03
Iter 255 J: 6.26E+00 perimeter: 75.58
Iter 256 J: 6.27E+00 perimeter: 77.11
Iter 257 J: 6.27E+00 perimeter: 76.78
Iter 258 J: 6.26E+00 perimeter: 74.67
Iter 259 J: 6.26E+00 perimeter: 74.28
Iter 260 J: 6.26E+00 perimeter: 75.51
Saved /workspace/output/config_bent_pipe/design_epoch_0260.png
Iter 261 J: 6.27E+00 perimeter: 77.64
Iter 262 J: 6.27E+00 perimeter: 77.83
Iter 263 J: 6.26E+00 perimeter: 76.43
Iter 264 J: 6.25E+00 perimeter: 73.55
Iter 265 J: 6.25E+00 perimeter: 72.42
Iter 266 J: 6.25E+00 perimeter: 73.09
Iter 267 J: 6.26E+00 perimeter: 75.20
Iter 268 J: 6.27E+00 perimeter: 78.22
Iter 269 J: 6.28E+00 perimeter: 79.34
Iter 270 J: 6.28E+00 perimeter: 78.64
Iter 271 J: 6.27E+00 perimeter: 76.41
Iter 272 J: 6.26E+00 perimeter: 72.61
Iter 273 J: 6.25E+00 perimeter: 70.89
Iter 274 J: 6.26E+00 perimeter: 71.31
Iter 275 J: 6.26E+00 perimeter: 73.23
Iter 276 J: 6.28E+00 perimeter: 76.08
Iter 277 J: 6.28E+00 perimeter: 77.18
Iter 278 J: 6.28E+00 perimeter: 76.28
Iter 279 J: 6.28E+00 perimeter: 73.31
Iter 280 J: 6.28E+00 perimeter: 72.16
Saved /workspace/output/config_bent_pipe/design_epoch_0280.png
Iter 281 J: 6.28E+00 perimeter: 72.84
Iter 282 J: 6.29E+00 perimeter: 75.18
Iter 283 J: 6.30E+00 perimeter: 78.40
Iter 284 J: 6.30E+00 perimeter: 79.20
Iter 285 J: 6.30E+00 perimeter: 78.11
Iter 286 J: 6.28E+00 perimeter: 75.32
Iter 287 J: 6.28E+00 perimeter: 74.50
Iter 288 J: 6.28E+00 perimeter: 75.35
Iter 289 J: 6.28E+00 perimeter: 77.55
Iter 290 J: 6.28E+00 perimeter: 77.40
Iter 291 J: 6.27E+00 perimeter: 74.68
Iter 292 J: 6.27E+00 perimeter: 72.80
Iter 293 J: 6.28E+00 perimeter: 73.20
Iter 294 J: 6.28E+00 perimeter: 75.72
Iter 295 J: 6.28E+00 perimeter: 75.59
Iter 296 J: 6.28E+00 perimeter: 76.45
Iter 297 J: 6.26E+00 perimeter: 74.73
Iter 298 J: 6.26E+00 perimeter: 74.99
Iter 299 J: 6.27E+00 perimeter: 76.83
Iter 300 J: 6.27E+00 perimeter: 76.18
Saved /workspace/output/config_bent_pipe/design_epoch_0300.png

Optimization done in 991.2 s
Saved /workspace/output/config_bent_pipe/convergence.png
