/workspace/fluid_TO/fluid_fe.py:29: UserWarning: Sparse invariant checks are implicitly disabled. Memory errors (e.g. SEGFAULT) will occur when operating on a sparse tensor which violates the invariants, but checks incur performance overhead. To silence this warning, explicitly opt in or out. See `torch.sparse.check_sparse_tensor_invariants.__doc__` for guidance.  (Triggered internally at /pytorch/aten/src/ATen/Context.cpp:760.)
  fixture_const*torch.sparse_coo_tensor(indices, values, V.size())
/workspace/fluid_TO/fluid_fe.py:63: UserWarning: Creating a tensor from a list of numpy.ndarrays is extremely slow. Please consider converting the list to a single numpy.ndarray with numpy.array() before converting to a tensor. (Triggered internally at /pytorch/torch/csrc/utils/tensor_new.cpp:253.)
  assembled_A_matrix =  torch.sparse_coo_tensor(
/workspace/fluid_TO/plot.py:56: UserWarning: FigureCanvasAgg is non-interactive, and thus cannot be shown
  plt.show()
/workspace/fluid_TO/plot.py:57: UserWarning: FigureCanvasAgg is non-interactive, and thus cannot be shown
  plt.pause(0.01)
Loaded VAE + normalisation tensors.
Adam optimizer
Iter   0 J: 4.85E+01 perimeter: 87.99
Saved /workspace/output/config_biffurcated_pipe/design_epoch_0000.png
Iter   1 J: 4.26E+01 perimeter: 68.19
Iter   2 J: 3.71E+01 perimeter: 70.20
Iter   3 J: 3.32E+01 perimeter: 67.83
Iter   4 J: 2.95E+01 perimeter: 64.51
Iter   5 J: 2.79E+01 perimeter: 67.33
Iter   6 J: 2.64E+01 perimeter: 71.67
Iter   7 J: 2.55E+01 perimeter: 71.70
Iter   8 J: 2.46E+01 perimeter: 69.87
Iter   9 J: 2.43E+01 perimeter: 69.36
Iter  10 J: 2.39E+01 perimeter: 69.58
Saved /workspace/output/config_biffurcated_pipe/design_epoch_0010.png
Iter  11 J: 2.32E+01 perimeter: 67.04
Iter  12 J: 2.32E+01 perimeter: 68.18
Iter  13 J: 2.30E+01 perimeter: 70.15
Iter  14 J: 2.28E+01 perimeter: 70.20
Iter  15 J: 2.27E+01 perimeter: 70.71
Iter  16 J: 2.27E+01 perimeter: 70.34
Iter  17 J: 2.27E+01 perimeter: 72.48
Iter  18 J: 2.26E+01 perimeter: 71.38
Iter  19 J: 2.25E+01 perimeter: 69.52
Iter  20 J: 2.23E+01 perimeter: 66.97
Saved /workspace/output/config_biffurcated_pipe/design_epoch_0020.png
Iter  21 J: 2.22E+01 perimeter: 67.41
Iter  22 J: 2.23E+01 perimeter: 69.71
Iter  23 J: 2.23E+01 perimeter: 71.55
Iter  24 J: 2.22E+01 perimeter: 71.53
Iter  25 J: 2.21E+01 perimeter: 69.82
Iter  26 J: 2.21E+01 perimeter: 69.89
Iter  27 J: 2.21E+01 perimeter: 71.84
Iter  28 J: 2.21E+01 perimeter: 72.38
Iter  29 J: 2.21E+01 perimeter: 71.81
Iter  30 J: 2.20E+01 perimeter: 70.73
Saved /workspace/output/config_biffurcated_pipe/design_epoch_0030.png
Iter  31 J: 2.20E+01 perimeter: 70.33
Iter  32 J: 2.20E+01 perimeter: 71.66
Iter  33 J: 2.20E+01 perimeter: 72.11
Iter  34 J: 2.19E+01 perimeter: 71.28
Iter  35 J: 2.19E+01 perimeter: 71.93
Iter  36 J: 2.20E+01 perimeter: 72.78
Iter  37 J: 2.19E+01 perimeter: 71.92
Iter  38 J: 2.19E+01 perimeter: 72.32
Iter  39 J: 2.19E+01 perimeter: 73.54
Iter  40 J: 2.19E+01 perimeter: 72.37
Saved /workspace/output/config_biffurcated_pipe/design_epoch_0040.png
Iter  41 J: 2.18E+01 perimeter: 70.92
Iter  42 J: 2.19E+01 perimeter: 72.36
Iter  43 J: 2.19E+01 perimeter: 73.59
Iter  44 J: 2.19E+01 perimeter: 72.51
Iter  45 J: 2.18E+01 perimeter: 71.10
Iter  46 J: 2.18E+01 perimeter: 72.22
Iter  47 J: 2.19E+01 perimeter: 73.88
Iter  48 J: 2.18E+01 perimeter: 73.22
Iter  49 J: 2.18E+01 perimeter: 70.63
Iter  50 J: 2.18E+01 perimeter: 71.08
Saved /workspace/output/config_biffurcated_pipe/design_epoch_0050.png
Iter  51 J: 2.18E+01 perimeter: 72.78
Iter  52 J: 2.19E+01 perimeter: 74.38
Iter  53 J: 2.18E+01 perimeter: 72.14
Iter  54 J: 2.18E+01 perimeter: 73.12
Iter  55 J: 2.18E+01 perimeter: 72.65
Iter  56 J: 2.18E+01 perimeter: 72.46
Iter  57 J: 2.18E+01 perimeter: 73.15
Iter  58 J: 2.18E+01 perimeter: 74.57
Iter  59 J: 2.18E+01 perimeter: 72.76
Iter  60 J: 2.18E+01 perimeter: 72.95
Saved /workspace/output/config_biffurcated_pipe/design_epoch_0060.png
Iter  61 J: 2.18E+01 perimeter: 73.36
Iter  62 J: 2.17E+01 perimeter: 71.94
Iter  63 J: 2.18E+01 perimeter: 73.60
Iter  64 J: 2.18E+01 perimeter: 74.11
Iter  65 J: 2.17E+01 perimeter: 71.88
Iter  66 J: 2.17E+01 perimeter: 72.41
Iter  67 J: 2.18E+01 perimeter: 75.00
Iter  68 J: 2.18E+01 perimeter: 74.80
Iter  69 J: 2.17E+01 perimeter: 71.35
Iter  70 J: 2.17E+01 perimeter: 71.74
Saved /workspace/output/config_biffurcated_pipe/design_epoch_0070.png
Iter  71 J: 2.17E+01 perimeter: 73.19
Iter  72 J: 2.18E+01 perimeter: 74.83
Iter  73 J: 2.17E+01 perimeter: 73.90
Iter  74 J: 2.17E+01 perimeter: 70.29
Iter  75 J: 2.17E+01 perimeter: 71.03
Iter  76 J: 2.17E+01 perimeter: 72.90
Iter  77 J: 2.18E+01 perimeter: 74.53
Iter  78 J: 2.18E+01 perimeter: 74.03
Iter  79 J: 2.17E+01 perimeter: 70.66
Iter  80 J: 2.17E+01 perimeter: 70.33
Saved /workspace/output/config_biffurcated_pipe/design_epoch_0080.png
Iter  81 J: 2.17E+01 perimeter: 73.30
Iter  82 J: 2.18E+01 perimeter: 74.59
Iter  83 J: 2.17E+01 perimeter: 72.68
Iter  84 J: 2.17E+01 perimeter: 72.85
Iter  85 J: 2.17E+01 perimeter: 74.67
Iter  86 J: 2.17E+01 perimeter: 71.29
Iter  87 J: 2.17E+01 perimeter: 73.06
Iter  88 J: 2.18E+01 perimeter: 74.70
Iter  89 J: 2.18E+01 perimeter: 72.73
Iter  90 J: 2.17E+01 perimeter: 73.39
Saved /workspace/output/config_biffurcated_pipe/design_epoch_0090.png
Iter  91 J: 2.17E+01 perimeter: 73.05
Iter  92 J: 2.17E+01 perimeter: 74.03
Iter  93 J: 2.17E+01 perimeter: 73.45
Iter  94 J: 2.18E+01 perimeter: 74.61
Iter  95 J: 2.17E+01 perimeter: 73.86
Iter  96 J: 2.17E+01 perimeter: 72.80
Iter  97 J: 2.17E+01 perimeter: 73.34
Iter  98 J: 2.18E+01 perimeter: 75.80
Iter  99 J: 2.17E+01 perimeter: 74.78
Iter 100 J: 2.17E+01 perimeter: 71.44
Saved /workspace/output/config_biffurcated_pipe/design_epoch_0100.png
Iter 101 J: 2.17E+01 perimeter: 71.82
Iter 102 J: 2.17E+01 perimeter: 73.06
Iter 103 J: 2.18E+01 perimeter: 76.47
Iter 104 J: 2.18E+01 perimeter: 76.20
Iter 105 J: 2.18E+01 perimeter: 72.51
Iter 106 J: 2.17E+01 perimeter: 72.38
Iter 107 J: 2.18E+01 perimeter: 74.08
Iter 108 J: 2.17E+01 perimeter: 74.82
Iter 109 J: 2.17E+01 perimeter: 72.64
Iter 110 J: 2.17E+01 perimeter: 72.07
Saved /workspace/output/config_biffurcated_pipe/design_epoch_0110.png
Iter 111 J: 2.17E+01 perimeter: 74.31
Iter 112 J: 2.17E+01 perimeter: 74.69
Iter 113 J: 2.17E+01 perimeter: 72.68
Iter 114 J: 2.17E+01 perimeter: 72.71
Iter 115 J: 2.17E+01 perimeter: 74.32
Iter 116 J: 2.17E+01 perimeter: 74.64
Iter 117 J: 2.16E+01 perimeter: 72.68
Iter 118 J: 2.17E+01 perimeter: 73.58
Iter 119 J: 2.17E+01 perimeter: 74.37
Iter 120 J: 2.17E+01 perimeter: 72.14
Saved /workspace/output/config_biffurcated_pipe/design_epoch_0120.png
Iter 121 J: 2.17E+01 perimeter: 73.73
Iter 122 J: 2.17E+01 perimeter: 75.29
Iter 123 J: 2.17E+01 perimeter: 72.78
Iter 124 J: 2.17E+01 perimeter: 73.72
Iter 125 J: 2.18E+01 perimeter: 76.59
Iter 126 J: 2.17E+01 perimeter: 75.26
Iter 127 J: 2.17E+01 perimeter: 72.53
Iter 128 J: 2.17E+01 perimeter: 71.69
Iter 129 J: 2.17E+01 perimeter: 72.94
Iter 130 J: 2.17E+01 perimeter: 74.63
Saved /workspace/output/config_biffurcated_pipe/design_epoch_0130.png
Iter 131 J: 2.17E+01 perimeter: 74.84
Iter 132 J: 2.16E+01 perimeter: 72.50
Iter 133 J: 2.17E+01 perimeter: 72.66
Iter 134 J: 2.17E+01 perimeter: 74.85
Iter 135 J: 2.17E+01 perimeter: 74.39
Iter 136 J: 2.17E+01 perimeter: 72.89
Iter 137 J: 2.17E+01 perimeter: 73.48
Iter 138 J: 2.17E+01 perimeter: 75.74
Iter 139 J: 2.17E+01 perimeter: 74.59
Iter 140 J: 2.16E+01 perimeter: 72.98
Saved /workspace/output/config_biffurcated_pipe/design_epoch_0140.png
Iter 141 J: 2.17E+01 perimeter: 74.26
Iter 142 J: 2.17E+01 perimeter: 74.22
Iter 143 J: 2.16E+01 perimeter: 73.19
Iter 144 J: 2.17E+01 perimeter: 74.40
Iter 145 J: 2.16E+01 perimeter: 74.29
Iter 146 J: 2.16E+01 perimeter: 73.79
Iter 147 J: 2.16E+01 perimeter: 74.15
Iter 148 J: 2.16E+01 perimeter: 74.38
Iter 149 J: 2.16E+01 perimeter: 73.80
Iter 150 J: 2.16E+01 perimeter: 74.70
Saved /workspace/output/config_biffurcated_pipe/design_epoch_0150.png
Iter 151 J: 2.16E+01 perimeter: 73.46
Iter 152 J: 2.17E+01 perimeter: 74.83
Iter 153 J: 2.16E+01 perimeter: 73.29
Iter 154 J: 2.16E+01 perimeter: 73.58
Iter 155 J: 2.16E+01 perimeter: 74.41
Iter 156 J: 2.16E+01 perimeter: 73.21
Iter 157 J: 2.17E+01 perimeter: 76.07
Iter 158 J: 2.16E+01 perimeter: 74.82
Iter 159 J: 2.16E+01 perimeter: 71.74
Iter 160 J: 2.16E+01 perimeter: 71.48
Saved /workspace/output/config_biffurcated_pipe/design_epoch_0160.png
Iter 161 J: 2.16E+01 perimeter: 73.17
Iter 162 J: 2.17E+01 perimeter: 75.94
Iter 163 J: 2.17E+01 perimeter: 76.24
Iter 164 J: 2.17E+01 perimeter: 73.25
Iter 165 J: 2.17E+01 perimeter: 74.09
Iter 166 J: 2.17E+01 perimeter: 74.97
Iter 167 J: 2.16E+01 perimeter: 72.88
Iter 168 J: 2.16E+01 perimeter: 72.68
Iter 169 J: 2.17E+01 perimeter: 74.27
Iter 170 J: 2.17E+01 perimeter: 75.77
Saved /workspace/output/config_biffurcated_pipe/design_epoch_0170.png
Iter 171 J: 2.16E+01 perimeter: 75.00
Iter 172 J: 2.16E+01 perimeter: 70.03
Iter 173 J: 2.16E+01 perimeter: 70.21
Iter 174 J: 2.16E+01 perimeter: 72.23
Iter 175 J: 2.17E+01 perimeter: 74.53
Iter 176 J: 2.17E+01 perimeter: 75.40
Iter 177 J: 2.17E+01 perimeter: 73.60
Iter 178 J: 2.17E+01 perimeter: 74.50
Iter 179 J: 2.17E+01 perimeter: 73.83
Iter 180 J: 2.17E+01 perimeter: 75.80
Saved /workspace/output/config_biffurcated_pipe/design_epoch_0180.png
Iter 181 J: 2.17E+01 perimeter: 74.33
Iter 182 J: 2.16E+01 perimeter: 73.42
Iter 183 J: 2.16E+01 perimeter: 74.46
Iter 184 J: 2.16E+01 perimeter: 74.49
Iter 185 J: 2.16E+01 perimeter: 72.32
Iter 186 J: 2.16E+01 perimeter: 73.23
Iter 187 J: 2.17E+01 perimeter: 75.08
Iter 188 J: 2.17E+01 perimeter: 74.44
Iter 189 J: 2.16E+01 perimeter: 74.38
Iter 190 J: 2.16E+01 perimeter: 72.24
Saved /workspace/output/config_biffurcated_pipe/design_epoch_0190.png
Iter 191 J: 2.16E+01 perimeter: 72.31
Iter 192 J: 2.17E+01 perimeter: 75.25
Iter 193 J: 2.16E+01 perimeter: 74.51
Iter 194 J: 2.16E+01 perimeter: 72.73
Iter 195 J: 2.16E+01 perimeter: 73.24
Iter 196 J: 2.17E+01 perimeter: 75.40
Iter 197 J: 2.17E+01 perimeter: 74.89
Iter 198 J: 2.16E+01 perimeter: 71.21
Iter 199 J: 2.16E+01 perimeter: 72.61
Iter 200 J: 2.16E+01 perimeter: 73.86
Saved /workspace/output/config_biffurcated_pipe/design_epoch_0200.png
Iter 201 J: 2.17E+01 perimeter: 75.35
Iter 202 J: 2.17E+01 perimeter: 74.91
Iter 203 J: 2.16E+01 perimeter: 72.88
Iter 204 J: 2.16E+01 perimeter: 72.84
Iter 205 J: 2.16E+01 perimeter: 74.54
Iter 206 J: 2.17E+01 perimeter: 75.82
Iter 207 J: 2.16E+01 perimeter: 73.74
Iter 208 J: 2.17E+01 perimeter: 74.88
Iter 209 J: 2.16E+01 perimeter: 73.82
Iter 210 J: 2.16E+01 perimeter: 74.73
Saved /workspace/output/config_biffurcated_pipe/design_epoch_0210.png
Iter 211 J: 2.16E+01 perimeter: 73.81
Iter 212 J: 2.16E+01 perimeter: 74.24
Iter 213 J: 2.17E+01 perimeter: 75.61
Iter 214 J: 2.16E+01 perimeter: 74.46
Iter 215 J: 2.16E+01 perimeter: 74.04
Iter 216 J: 2.16E+01 perimeter: 74.20
Iter 217 J: 2.16E+01 perimeter: 75.46
Iter 218 J: 2.16E+01 perimeter: 72.72
Iter 219 J: 2.17E+01 perimeter: 75.19
Iter 220 J: 2.16E+01 perimeter: 73.73
Saved /workspace/output/config_biffurcated_pipe/design_epoch_0220.png
Iter 221 J: 2.16E+01 perimeter: 74.27
Iter 222 J: 2.16E+01 perimeter: 75.71
Iter 223 J: 2.16E+01 perimeter: 74.68
Iter 224 J: 2.16E+01 perimeter: 71.77
Iter 225 J: 2.16E+01 perimeter: 71.90
Iter 226 J: 2.16E+01 perimeter: 73.66
Iter 227 J: 2.17E+01 perimeter: 75.70
Iter 228 J: 2.17E+01 perimeter: 74.88
Iter 229 J: 2.17E+01 perimeter: 73.73
Iter 230 J: 2.17E+01 perimeter: 74.99
Saved /workspace/output/config_biffurcated_pipe/design_epoch_0230.png
Iter 231 J: 2.16E+01 perimeter: 73.27
Iter 232 J: 2.16E+01 perimeter: 73.08
Iter 233 J: 2.16E+01 perimeter: 74.32
Iter 234 J: 2.17E+01 perimeter: 76.22
Iter 235 J: 2.17E+01 perimeter: 74.42
Iter 236 J: 2.16E+01 perimeter: 73.81
Iter 237 J: 2.16E+01 perimeter: 74.59
Iter 238 J: 2.16E+01 perimeter: 73.60
Iter 239 J: 2.16E+01 perimeter: 73.15
Iter 240 J: 2.17E+01 perimeter: 76.19
Saved /workspace/output/config_biffurcated_pipe/design_epoch_0240.png
Iter 241 J: 2.17E+01 perimeter: 74.13
Iter 242 J: 2.17E+01 perimeter: 76.55
Iter 243 J: 2.17E+01 perimeter: 74.71
Iter 244 J: 2.16E+01 perimeter: 74.70
Iter 245 J: 2.16E+01 perimeter: 72.85
Iter 246 J: 2.15E+01 perimeter: 71.58
Iter 247 J: 2.16E+01 perimeter: 73.44
Iter 248 J: 2.17E+01 perimeter: 76.63
Iter 249 J: 2.17E+01 perimeter: 75.19
Iter 250 J: 2.17E+01 perimeter: 73.51
Saved /workspace/output/config_biffurcated_pipe/design_epoch_0250.png
Iter 251 J: 2.17E+01 perimeter: 74.12
Iter 252 J: 2.17E+01 perimeter: 74.86
Iter 253 J: 2.17E+01 perimeter: 74.03
Iter 254 J: 2.16E+01 perimeter: 73.58
Iter 255 J: 2.17E+01 perimeter: 74.85
Iter 256 J: 2.17E+01 perimeter: 74.09
Iter 257 J: 2.17E+01 perimeter: 75.15
Iter 258 J: 2.17E+01 perimeter: 73.89
Iter 259 J: 2.17E+01 perimeter: 75.08
Iter 260 J: 2.17E+01 perimeter: 73.46
Saved /workspace/output/config_biffurcated_pipe/design_epoch_0260.png
Iter 261 J: 2.16E+01 perimeter: 74.38
Iter 262 J: 2.17E+01 perimeter: 76.46
Iter 263 J: 2.17E+01 perimeter: 75.20
Iter 264 J: 2.17E+01 perimeter: 71.40
Iter 265 J: 2.17E+01 perimeter: 71.74
Iter 266 J: 2.17E+01 perimeter: 73.71
Iter 267 J: 2.17E+01 perimeter: 75.92
Iter 268 J: 2.17E+01 perimeter: 74.77
Iter 269 J: 2.16E+01 perimeter: 70.41
Iter 270 J: 2.16E+01 perimeter: 70.89
Saved /workspace/output/config_biffurcated_pipe/design_epoch_0270.png
Iter 271 J: 2.17E+01 perimeter: 73.37
Iter 272 J: 2.18E+01 perimeter: 75.08
Iter 273 J: 2.17E+01 perimeter: 74.72
Iter 274 J: 2.17E+01 perimeter: 74.64
Iter 275 J: 2.16E+01 perimeter: 73.11
Iter 276 J: 2.16E+01 perimeter: 72.90
Iter 277 J: 2.17E+01 perimeter: 75.17
Iter 278 J: 2.16E+01 perimeter: 74.31
Iter 279 J: 2.17E+01 perimeter: 75.02
Iter 280 J: 2.16E+01 perimeter: 73.15
Saved /workspace/output/config_biffurcated_pipe/design_epoch_0280.png
Iter 281 J: 2.16E+01 perimeter: 74.08
Iter 282 J: 2.17E+01 perimeter: 76.20
Iter 283 J: 2.17E+01 perimeter: 75.50
Iter 284 J: 2.17E+01 perimeter: 73.04
Iter 285 J: 2.17E+01 perimeter: 72.83
Iter 286 J: 2.17E+01 perimeter: 74.27
Iter 287 J: 2.17E+01 perimeter: 76.49
Iter 288 J: 2.17E+01 perimeter: 74.94
Iter 289 J: 2.16E+01 perimeter: 66.79
Iter 290 J: 2.16E+01 perimeter: 65.11
Saved /workspace/output/config_biffurcated_pipe/design_epoch_0290.png
Iter 291 J: 2.16E+01 perimeter: 70.25
Iter 292 J: 2.17E+01 perimeter: 73.87
Iter 293 J: 2.17E+01 perimeter: 74.92
Iter 294 J: 2.17E+01 perimeter: 74.64
Iter 295 J: 2.17E+01 perimeter: 75.09
Iter 296 J: 2.17E+01 perimeter: 74.50
Iter 297 J: 2.16E+01 perimeter: 73.24
Iter 298 J: 2.16E+01 perimeter: 73.59
Iter 299 J: 2.16E+01 perimeter: 75.01
Iter 300 J: 2.16E+01 perimeter: 73.29
Saved /workspace/output/config_biffurcated_pipe/design_epoch_0300.png
Iter 301 J: 2.17E+01 perimeter: 74.72
Iter 302 J: 2.17E+01 perimeter: 76.00
Iter 303 J: 2.16E+01 perimeter: 74.52
Iter 304 J: 2.16E+01 perimeter: 73.50
Iter 305 J: 2.16E+01 perimeter: 74.46
Iter 306 J: 2.16E+01 perimeter: 75.58
Iter 307 J: 2.16E+01 perimeter: 73.80
Iter 308 J: 2.16E+01 perimeter: 75.30
Iter 309 J: 2.16E+01 perimeter: 73.83
Iter 310 J: 2.16E+01 perimeter: 75.19
Saved /workspace/output/config_biffurcated_pipe/design_epoch_0310.png
Iter 311 J: 2.16E+01 perimeter: 73.82
Iter 312 J: 2.16E+01 perimeter: 74.16
Iter 313 J: 2.16E+01 perimeter: 76.02
Iter 314 J: 2.16E+01 perimeter: 75.90
Iter 315 J: 2.16E+01 perimeter: 74.31
Iter 316 J: 2.16E+01 perimeter: 74.26
Iter 317 J: 2.16E+01 perimeter: 75.69
Iter 318 J: 2.16E+01 perimeter: 75.27
Iter 319 J: 2.16E+01 perimeter: 73.24
Iter 320 J: 2.16E+01 perimeter: 73.20
Saved /workspace/output/config_biffurcated_pipe/design_epoch_0320.png
Iter 321 J: 2.16E+01 perimeter: 74.76
Iter 322 J: 2.16E+01 perimeter: 75.40
Iter 323 J: 2.16E+01 perimeter: 73.67
Iter 324 J: 2.16E+01 perimeter: 74.81
Iter 325 J: 2.16E+01 perimeter: 74.27
Iter 326 J: 2.16E+01 perimeter: 74.98
Iter 327 J: 2.16E+01 perimeter: 73.74
Iter 328 J: 2.16E+01 perimeter: 74.41
Iter 329 J: 2.16E+01 perimeter: 75.78
Iter 330 J: 2.16E+01 perimeter: 72.05
Saved /workspace/output/config_biffurcated_pipe/design_epoch_0330.png
Iter 331 J: 2.17E+01 perimeter: 72.24
Iter 332 J: 2.17E+01 perimeter: 76.54
Iter 333 J: 2.17E+01 perimeter: 76.28
Iter 334 J: 2.17E+01 perimeter: 72.85
Iter 335 J: 2.17E+01 perimeter: 73.64
Iter 336 J: 2.17E+01 perimeter: 75.78
Iter 337 J: 2.17E+01 perimeter: 74.40
Iter 338 J: 2.16E+01 perimeter: 74.17
Iter 339 J: 2.16E+01 perimeter: 74.67
Iter 340 J: 2.16E+01 perimeter: 74.10
Saved /workspace/output/config_biffurcated_pipe/design_epoch_0340.png
Iter 341 J: 2.16E+01 perimeter: 74.08
Iter 342 J: 2.17E+01 perimeter: 76.72
Iter 343 J: 2.17E+01 perimeter: 76.01
Iter 344 J: 2.16E+01 perimeter: 73.01
Iter 345 J: 2.16E+01 perimeter: 73.13
Iter 346 J: 2.17E+01 perimeter: 75.61
Iter 347 J: 2.17E+01 perimeter: 75.50
Iter 348 J: 2.16E+01 perimeter: 73.54
Iter 349 J: 2.16E+01 perimeter: 73.71
Iter 350 J: 2.17E+01 perimeter: 75.07
Saved /workspace/output/config_biffurcated_pipe/design_epoch_0350.png

Optimization done in 108.1 s
Saved /workspace/output/config_biffurcated_pipe/convergence.png
