/home/dubin/TOMAS/fluid_TO/fluid_fe.py:63: UserWarning: Creating a tensor from a list of numpy.ndarrays is extremely slow. Please consider converting the list to a single numpy.ndarray with numpy.array() before converting to a tensor. (Triggered internally at ../torch/csrc/utils/tensor_new.cpp:261.)
  assembled_A_matrix =  torch.sparse_coo_tensor(
/home/dubin/TOMAS/fluid_TO/plot.py:56: UserWarning: FigureCanvasAgg is non-interactive, and thus cannot be shown
  plt.show()
/home/dubin/TOMAS/fluid_TO/plot.py:57: UserWarning: FigureCanvasAgg is non-interactive, and thus cannot be shown
  plt.pause(0.01)
Loaded VAE + normalisation tensors.
Adam optimizer
Iter   0 J: 6.83E+01 perimeter: 62.63
Saved /home/dubin/TOMAS/output/wideZ_diffuser/design_epoch_0000.png
Iter   1 J: 5.65E+01 perimeter: 57.57
Iter   2 J: 4.87E+01 perimeter: 53.06
Iter   3 J: 4.33E+01 perimeter: 50.73
Iter   4 J: 4.10E+01 perimeter: 53.47
Iter   5 J: 3.87E+01 perimeter: 55.15
Iter   6 J: 3.68E+01 perimeter: 54.11
Iter   7 J: 3.44E+01 perimeter: 55.86
Iter   8 J: 3.15E+01 perimeter: 59.49
Iter   9 J: 2.90E+01 perimeter: 59.76
Iter  10 J: 2.72E+01 perimeter: 54.71
Iter  11 J: 2.67E+01 perimeter: 52.08
Iter  12 J: 2.68E+01 perimeter: 53.25
Iter  13 J: 2.60E+01 perimeter: 57.89
Iter  14 J: 2.53E+01 perimeter: 58.36
Iter  15 J: 2.46E+01 perimeter: 58.92
Iter  16 J: 2.44E+01 perimeter: 61.49
Iter  17 J: 2.42E+01 perimeter: 60.58
Iter  18 J: 2.33E+01 perimeter: 57.16
Iter  19 J: 2.24E+01 perimeter: 56.70
Iter  20 J: 2.20E+01 perimeter: 55.83
Saved /home/dubin/TOMAS/output/wideZ_diffuser/design_epoch_0020.png
Iter  21 J: 2.21E+01 perimeter: 59.49
Iter  22 J: 2.16E+01 perimeter: 56.89
Iter  23 J: 2.13E+01 perimeter: 57.03
Iter  24 J: 2.10E+01 perimeter: 57.52
Iter  25 J: 2.07E+01 perimeter: 58.12
Iter  26 J: 2.03E+01 perimeter: 55.46
Iter  27 J: 2.02E+01 perimeter: 54.78
Iter  28 J: 2.03E+01 perimeter: 56.64
Iter  29 J: 2.01E+01 perimeter: 56.09
Iter  30 J: 2.02E+01 perimeter: 57.44
Iter  31 J: 2.00E+01 perimeter: 57.93
Iter  32 J: 1.97E+01 perimeter: 57.84
Iter  33 J: 1.95E+01 perimeter: 57.82
Iter  34 J: 1.91E+01 perimeter: 56.79
Iter  35 J: 1.91E+01 perimeter: 59.40
Iter  36 J: 1.92E+01 perimeter: 58.15
Iter  37 J: 1.92E+01 perimeter: 59.98
Iter  38 J: 1.90E+01 perimeter: 57.03
Iter  39 J: 1.89E+01 perimeter: 56.82
Iter  40 J: 1.90E+01 perimeter: 58.89
Saved /home/dubin/TOMAS/output/wideZ_diffuser/design_epoch_0040.png
Iter  41 J: 1.89E+01 perimeter: 58.09
Iter  42 J: 1.89E+01 perimeter: 58.81
Iter  43 J: 1.88E+01 perimeter: 59.90
Iter  44 J: 1.87E+01 perimeter: 58.21
Iter  45 J: 1.87E+01 perimeter: 59.96
Iter  46 J: 1.85E+01 perimeter: 54.24
Iter  47 J: 1.85E+01 perimeter: 55.05
Iter  48 J: 1.86E+01 perimeter: 58.18
Iter  49 J: 1.86E+01 perimeter: 60.07
Iter  50 J: 1.86E+01 perimeter: 59.84
Iter  51 J: 1.89E+01 perimeter: 57.31
Iter  52 J: 1.87E+01 perimeter: 57.07
Iter  53 J: 1.85E+01 perimeter: 58.48
Iter  54 J: 1.83E+01 perimeter: 57.72
Iter  55 J: 1.84E+01 perimeter: 59.51
Iter  56 J: 1.84E+01 perimeter: 59.83
Iter  57 J: 1.82E+01 perimeter: 57.48
Iter  58 J: 1.81E+01 perimeter: 57.81
Iter  59 J: 1.81E+01 perimeter: 59.92
Iter  60 J: 1.81E+01 perimeter: 60.20
Saved /home/dubin/TOMAS/output/wideZ_diffuser/design_epoch_0060.png
Iter  61 J: 1.79E+01 perimeter: 57.53
Iter  62 J: 1.79E+01 perimeter: 58.12
Iter  63 J: 1.80E+01 perimeter: 59.92
Iter  64 J: 1.78E+01 perimeter: 58.70
Iter  65 J: 1.77E+01 perimeter: 59.30
Iter  66 J: 1.77E+01 perimeter: 59.60
Iter  67 J: 1.77E+01 perimeter: 60.05
Iter  68 J: 1.76E+01 perimeter: 58.21
Iter  69 J: 1.78E+01 perimeter: 60.35
Iter  70 J: 1.77E+01 perimeter: 58.91
Iter  71 J: 1.77E+01 perimeter: 59.34
Iter  72 J: 1.76E+01 perimeter: 59.43
Iter  73 J: 1.76E+01 perimeter: 60.25
Iter  74 J: 1.76E+01 perimeter: 59.34
Iter  75 J: 1.76E+01 perimeter: 59.33
Iter  76 J: 1.76E+01 perimeter: 59.67
Iter  77 J: 1.75E+01 perimeter: 59.58
Iter  78 J: 1.76E+01 perimeter: 61.04
Iter  79 J: 1.76E+01 perimeter: 60.01
Iter  80 J: 1.74E+01 perimeter: 58.13
Saved /home/dubin/TOMAS/output/wideZ_diffuser/design_epoch_0080.png
Iter  81 J: 1.75E+01 perimeter: 59.26
Iter  82 J: 1.76E+01 perimeter: 60.44
Iter  83 J: 1.75E+01 perimeter: 59.06
Iter  84 J: 1.75E+01 perimeter: 60.52
Iter  85 J: 1.75E+01 perimeter: 59.26
Iter  86 J: 1.76E+01 perimeter: 60.27
Iter  87 J: 1.74E+01 perimeter: 58.67
Iter  88 J: 1.74E+01 perimeter: 59.30
Iter  89 J: 1.74E+01 perimeter: 60.99
Iter  90 J: 1.74E+01 perimeter: 57.84
Iter  91 J: 1.74E+01 perimeter: 58.51
Iter  92 J: 1.75E+01 perimeter: 61.35
Iter  93 J: 1.75E+01 perimeter: 58.84
Iter  94 J: 1.75E+01 perimeter: 59.26
Iter  95 J: 1.74E+01 perimeter: 60.49
Iter  96 J: 1.75E+01 perimeter: 59.62
Iter  97 J: 1.74E+01 perimeter: 59.67
Iter  98 J: 1.73E+01 perimeter: 59.35
Iter  99 J: 1.73E+01 perimeter: 60.31
Iter 100 J: 1.74E+01 perimeter: 58.08
Saved /home/dubin/TOMAS/output/wideZ_diffuser/design_epoch_0100.png
Iter 101 J: 1.77E+01 perimeter: 59.51
Iter 102 J: 1.76E+01 perimeter: 60.03
Iter 103 J: 1.75E+01 perimeter: 59.98
Iter 104 J: 1.74E+01 perimeter: 58.28
Iter 105 J: 1.75E+01 perimeter: 60.54
Iter 106 J: 1.75E+01 perimeter: 61.25
Iter 107 J: 1.74E+01 perimeter: 59.53
Iter 108 J: 1.74E+01 perimeter: 60.91
Iter 109 J: 1.73E+01 perimeter: 58.17
Iter 110 J: 1.74E+01 perimeter: 59.00
Iter 111 J: 1.76E+01 perimeter: 62.51
Iter 112 J: 1.76E+01 perimeter: 61.72
Iter 113 J: 1.75E+01 perimeter: 58.44
Iter 114 J: 1.74E+01 perimeter: 58.08
Iter 115 J: 1.74E+01 perimeter: 59.59
Iter 116 J: 1.73E+01 perimeter: 60.65
Iter 117 J: 1.74E+01 perimeter: 60.02
Iter 118 J: 1.73E+01 perimeter: 59.71
Iter 119 J: 1.73E+01 perimeter: 60.62
Iter 120 J: 1.72E+01 perimeter: 58.71
Saved /home/dubin/TOMAS/output/wideZ_diffuser/design_epoch_0120.png
Iter 121 J: 1.72E+01 perimeter: 58.72
Iter 122 J: 1.73E+01 perimeter: 61.31
Iter 123 J: 1.73E+01 perimeter: 61.10
Iter 124 J: 1.72E+01 perimeter: 59.55
Iter 125 J: 1.72E+01 perimeter: 59.40
Iter 126 J: 1.72E+01 perimeter: 59.85
Iter 127 J: 1.72E+01 perimeter: 61.02
Iter 128 J: 1.72E+01 perimeter: 59.94
Iter 129 J: 1.72E+01 perimeter: 58.99
Iter 130 J: 1.74E+01 perimeter: 60.32
Iter 131 J: 1.73E+01 perimeter: 59.28
Iter 132 J: 1.72E+01 perimeter: 59.58
Iter 133 J: 1.72E+01 perimeter: 61.44
Iter 134 J: 1.73E+01 perimeter: 61.59
Iter 135 J: 1.73E+01 perimeter: 59.17
Iter 136 J: 1.73E+01 perimeter: 59.92
Iter 137 J: 1.72E+01 perimeter: 60.14
Iter 138 J: 1.72E+01 perimeter: 57.79
Iter 139 J: 1.74E+01 perimeter: 58.98
Iter 140 J: 1.76E+01 perimeter: 60.46
Saved /home/dubin/TOMAS/output/wideZ_diffuser/design_epoch_0140.png
Iter 141 J: 1.74E+01 perimeter: 58.04
Iter 142 J: 1.73E+01 perimeter: 58.95
Iter 143 J: 1.73E+01 perimeter: 61.67
Iter 144 J: 1.73E+01 perimeter: 63.22
Iter 145 J: 1.73E+01 perimeter: 62.18
Iter 146 J: 1.72E+01 perimeter: 58.75
Iter 147 J: 1.73E+01 perimeter: 59.38
Iter 148 J: 1.73E+01 perimeter: 60.84
Iter 149 J: 1.72E+01 perimeter: 60.17
Iter 150 J: 1.71E+01 perimeter: 58.24
Iter 151 J: 1.72E+01 perimeter: 59.64
Iter 152 J: 1.72E+01 perimeter: 61.18
Iter 153 J: 1.71E+01 perimeter: 60.37
Iter 154 J: 1.71E+01 perimeter: 57.82
Iter 155 J: 1.72E+01 perimeter: 58.61
Iter 156 J: 1.73E+01 perimeter: 61.20
Iter 157 J: 1.72E+01 perimeter: 61.03
Iter 158 J: 1.71E+01 perimeter: 57.33
Iter 159 J: 1.71E+01 perimeter: 57.73
Iter 160 J: 1.72E+01 perimeter: 60.38
Saved /home/dubin/TOMAS/output/wideZ_diffuser/design_epoch_0160.png
Iter 161 J: 1.72E+01 perimeter: 59.28
Iter 162 J: 1.72E+01 perimeter: 60.02
Iter 163 J: 1.71E+01 perimeter: 60.06
Iter 164 J: 1.71E+01 perimeter: 58.90
Iter 165 J: 1.71E+01 perimeter: 60.34
Iter 166 J: 1.71E+01 perimeter: 59.10
Iter 167 J: 1.72E+01 perimeter: 60.14
Iter 168 J: 1.72E+01 perimeter: 57.60
Iter 169 J: 1.72E+01 perimeter: 58.93
Iter 170 J: 1.73E+01 perimeter: 62.79
Iter 171 J: 1.73E+01 perimeter: 62.92
Iter 172 J: 1.72E+01 perimeter: 60.59
Iter 173 J: 1.71E+01 perimeter: 56.37
Iter 174 J: 1.71E+01 perimeter: 55.12
Iter 175 J: 1.71E+01 perimeter: 56.52
Iter 176 J: 1.72E+01 perimeter: 59.10
Iter 177 J: 1.73E+01 perimeter: 63.42
Iter 178 J: 1.74E+01 perimeter: 64.45
Iter 179 J: 1.75E+01 perimeter: 63.68
Iter 180 J: 1.75E+01 perimeter: 61.81
Saved /home/dubin/TOMAS/output/wideZ_diffuser/design_epoch_0180.png
Iter 181 J: 1.74E+01 perimeter: 59.23
Iter 182 J: 1.73E+01 perimeter: 57.57
Iter 183 J: 1.72E+01 perimeter: 57.98
Iter 184 J: 1.72E+01 perimeter: 59.56
Iter 185 J: 1.71E+01 perimeter: 60.95
Iter 186 J: 1.71E+01 perimeter: 59.69
Iter 187 J: 1.71E+01 perimeter: 60.54
Iter 188 J: 1.71E+01 perimeter: 59.70
Iter 189 J: 1.71E+01 perimeter: 60.79
Iter 190 J: 1.71E+01 perimeter: 59.01
Iter 191 J: 1.71E+01 perimeter: 59.97
Iter 192 J: 1.70E+01 perimeter: 60.72
Iter 193 J: 1.70E+01 perimeter: 59.08
Iter 194 J: 1.71E+01 perimeter: 59.97
Iter 195 J: 1.70E+01 perimeter: 60.50
Iter 196 J: 1.70E+01 perimeter: 58.21
Iter 197 J: 1.71E+01 perimeter: 59.40
Iter 198 J: 1.72E+01 perimeter: 62.38
Iter 199 J: 1.72E+01 perimeter: 61.91
Iter 200 J: 1.71E+01 perimeter: 59.73
Saved /home/dubin/TOMAS/output/wideZ_diffuser/design_epoch_0200.png
Iter 201 J: 1.70E+01 perimeter: 59.48
Iter 202 J: 1.71E+01 perimeter: 61.22
Iter 203 J: 1.71E+01 perimeter: 59.65
Iter 204 J: 1.70E+01 perimeter: 58.08
Iter 205 J: 1.71E+01 perimeter: 59.03
Iter 206 J: 1.73E+01 perimeter: 61.85
Iter 207 J: 1.73E+01 perimeter: 62.09
Iter 208 J: 1.74E+01 perimeter: 61.03
Iter 209 J: 1.73E+01 perimeter: 58.95
Iter 210 J: 1.74E+01 perimeter: 58.79
Iter 211 J: 1.74E+01 perimeter: 60.39
Iter 212 J: 1.73E+01 perimeter: 61.37
Iter 213 J: 1.72E+01 perimeter: 61.14
Iter 214 J: 1.71E+01 perimeter: 58.98
Iter 215 J: 1.71E+01 perimeter: 60.48
Iter 216 J: 1.70E+01 perimeter: 58.16
Iter 217 J: 1.71E+01 perimeter: 59.39
Iter 218 J: 1.71E+01 perimeter: 58.91
Iter 219 J: 1.71E+01 perimeter: 59.10
Iter 220 J: 1.72E+01 perimeter: 62.50
Saved /home/dubin/TOMAS/output/wideZ_diffuser/design_epoch_0220.png
Iter 221 J: 1.71E+01 perimeter: 62.09
Iter 222 J: 1.72E+01 perimeter: 60.64
Iter 223 J: 1.72E+01 perimeter: 60.01
Iter 224 J: 1.72E+01 perimeter: 58.40
Iter 225 J: 1.72E+01 perimeter: 59.59
Iter 226 J: 1.71E+01 perimeter: 59.69
Iter 227 J: 1.72E+01 perimeter: 60.81
Iter 228 J: 1.73E+01 perimeter: 61.19
Iter 229 J: 1.72E+01 perimeter: 60.23
Iter 230 J: 1.70E+01 perimeter: 58.75
Iter 231 J: 1.71E+01 perimeter: 58.78
Iter 232 J: 1.72E+01 perimeter: 59.59
Iter 233 J: 1.72E+01 perimeter: 61.06
Iter 234 J: 1.71E+01 perimeter: 60.27
Iter 235 J: 1.71E+01 perimeter: 61.52
Iter 236 J: 1.72E+01 perimeter: 60.32
Iter 237 J: 1.72E+01 perimeter: 56.86
Iter 238 J: 1.73E+01 perimeter: 56.04
Iter 239 J: 1.77E+01 perimeter: 55.94
Iter 240 J: 1.80E+01 perimeter: 59.00
Saved /home/dubin/TOMAS/output/wideZ_diffuser/design_epoch_0240.png
Iter 241 J: 1.79E+01 perimeter: 63.22
Iter 242 J: 1.78E+01 perimeter: 63.01
Iter 243 J: 1.75E+01 perimeter: 59.50
Iter 244 J: 1.74E+01 perimeter: 59.00
Iter 245 J: 1.73E+01 perimeter: 61.39
Iter 246 J: 1.73E+01 perimeter: 61.77
Iter 247 J: 1.73E+01 perimeter: 61.31
Iter 248 J: 1.73E+01 perimeter: 59.98
Iter 249 J: 1.72E+01 perimeter: 57.83
Iter 250 J: 1.73E+01 perimeter: 57.91
Iter 251 J: 1.74E+01 perimeter: 60.04
Iter 252 J: 1.73E+01 perimeter: 62.37
Iter 253 J: 1.73E+01 perimeter: 61.98
Iter 254 J: 1.72E+01 perimeter: 59.56
Iter 255 J: 1.72E+01 perimeter: 59.30
Iter 256 J: 1.72E+01 perimeter: 60.16
Iter 257 J: 1.72E+01 perimeter: 59.68
Iter 258 J: 1.71E+01 perimeter: 60.37
Iter 259 J: 1.71E+01 perimeter: 59.53
Iter 260 J: 1.71E+01 perimeter: 60.27
Saved /home/dubin/TOMAS/output/wideZ_diffuser/design_epoch_0260.png
Iter 261 J: 1.71E+01 perimeter: 59.46
Iter 262 J: 1.71E+01 perimeter: 60.33
Iter 263 J: 1.71E+01 perimeter: 59.80
Iter 264 J: 1.71E+01 perimeter: 61.17
Iter 265 J: 1.71E+01 perimeter: 60.69
Iter 266 J: 1.71E+01 perimeter: 58.65
Iter 267 J: 1.71E+01 perimeter: 58.99
Iter 268 J: 1.71E+01 perimeter: 60.24
Iter 269 J: 1.71E+01 perimeter: 60.13
Iter 270 J: 1.70E+01 perimeter: 59.11
Iter 271 J: 1.71E+01 perimeter: 59.97
Iter 272 J: 1.70E+01 perimeter: 60.09
Iter 273 J: 1.71E+01 perimeter: 59.16
Iter 274 J: 1.72E+01 perimeter: 60.28
Iter 275 J: 1.72E+01 perimeter: 59.82
Iter 276 J: 1.70E+01 perimeter: 60.86
Iter 277 J: 1.70E+01 perimeter: 60.19
Iter 278 J: 1.70E+01 perimeter: 57.30
Iter 279 J: 1.70E+01 perimeter: 57.12
Iter 280 J: 1.70E+01 perimeter: 59.56
Saved /home/dubin/TOMAS/output/wideZ_diffuser/design_epoch_0280.png
Iter 281 J: 1.71E+01 perimeter: 63.09
Iter 282 J: 1.72E+01 perimeter: 63.56
Iter 283 J: 1.72E+01 perimeter: 62.19
Iter 284 J: 1.72E+01 perimeter: 59.61
Iter 285 J: 1.71E+01 perimeter: 59.26
Iter 286 J: 1.70E+01 perimeter: 60.80
Iter 287 J: 1.70E+01 perimeter: 60.22
Iter 288 J: 1.70E+01 perimeter: 57.02
Iter 289 J: 1.70E+01 perimeter: 56.47
Iter 290 J: 1.71E+01 perimeter: 56.59
Iter 291 J: 1.72E+01 perimeter: 58.70
Iter 292 J: 1.74E+01 perimeter: 62.66
Iter 293 J: 1.73E+01 perimeter: 63.10
Iter 294 J: 1.73E+01 perimeter: 61.41
Iter 295 J: 1.72E+01 perimeter: 59.17
Iter 296 J: 1.72E+01 perimeter: 58.11
Iter 297 J: 1.72E+01 perimeter: 60.30
Iter 298 J: 1.71E+01 perimeter: 60.08
Iter 299 J: 1.70E+01 perimeter: 57.97
Iter 300 J: 1.70E+01 perimeter: 59.06
Saved /home/dubin/TOMAS/output/wideZ_diffuser/design_epoch_0300.png

Optimization done in 59.6 s
Saved /home/dubin/TOMAS/output/wideZ_diffuser/convergence.png
