/home/dubin/TOMAS/fluid_TO/fluid_fe.py:63: UserWarning: Creating a tensor from a list of numpy.ndarrays is extremely slow. Please consider converting the list to a single numpy.ndarray with numpy.array() before converting to a tensor. (Triggered internally at ../torch/csrc/utils/tensor_new.cpp:261.)
  assembled_A_matrix =  torch.sparse_coo_tensor(
/home/dubin/TOMAS/fluid_TO/plot.py:56: UserWarning: FigureCanvasAgg is non-interactive, and thus cannot be shown
  plt.show()
/home/dubin/TOMAS/fluid_TO/plot.py:57: UserWarning: FigureCanvasAgg is non-interactive, and thus cannot be shown
  plt.pause(0.01)
Loaded VAE + normalisation tensors.
Adam optimizer
Iter   0 J: 5.70E+01 perimeter: 56.59
Saved /home/dubin/TOMAS/output/wideZ_filt_diffuser/design_epoch_0000.png
Iter   1 J: 5.09E+01 perimeter: 54.27
Iter   2 J: 4.45E+01 perimeter: 56.23
Iter   3 J: 3.88E+01 perimeter: 52.35
Iter   4 J: 3.52E+01 perimeter: 51.00
Iter   5 J: 3.73E+01 perimeter: 51.42
Iter   6 J: 3.52E+01 perimeter: 51.11
Iter   7 J: 3.30E+01 perimeter: 50.99
Iter   8 J: 3.31E+01 perimeter: 48.38
Iter   9 J: 3.31E+01 perimeter: 50.14
Iter  10 J: 3.25E+01 perimeter: 50.30
Iter  11 J: 3.47E+01 perimeter: 54.40
Iter  12 J: 3.32E+01 perimeter: 54.30
Iter  13 J: 3.19E+01 perimeter: 53.96
Iter  14 J: 3.26E+01 perimeter: 54.55
Iter  15 J: 3.19E+01 perimeter: 55.38
Iter  16 J: 2.96E+01 perimeter: 54.64
Iter  17 J: 2.95E+01 perimeter: 56.07
Iter  18 J: 2.90E+01 perimeter: 53.95
Iter  19 J: 2.86E+01 perimeter: 53.96
Iter  20 J: 2.77E+01 perimeter: 54.52
Saved /home/dubin/TOMAS/output/wideZ_filt_diffuser/design_epoch_0020.png
Iter  21 J: 2.68E+01 perimeter: 52.36
Iter  22 J: 2.70E+01 perimeter: 53.59
Iter  23 J: 2.75E+01 perimeter: 55.29
Iter  24 J: 2.71E+01 perimeter: 54.62
Iter  25 J: 2.67E+01 perimeter: 53.92
Iter  26 J: 2.61E+01 perimeter: 53.52
Iter  27 J: 2.59E+01 perimeter: 53.87
Iter  28 J: 2.62E+01 perimeter: 56.22
Iter  29 J: 2.67E+01 perimeter: 58.17
Iter  30 J: 2.67E+01 perimeter: 57.45
Iter  31 J: 2.63E+01 perimeter: 57.26
Iter  32 J: 2.59E+01 perimeter: 57.72
Iter  33 J: 2.57E+01 perimeter: 57.58
Iter  34 J: 2.56E+01 perimeter: 58.15
Iter  35 J: 2.54E+01 perimeter: 56.84
Iter  36 J: 2.51E+01 perimeter: 56.41
Iter  37 J: 2.49E+01 perimeter: 56.68
Iter  38 J: 2.49E+01 perimeter: 58.01
Iter  39 J: 2.50E+01 perimeter: 59.62
Iter  40 J: 2.49E+01 perimeter: 58.38
Saved /home/dubin/TOMAS/output/wideZ_filt_diffuser/design_epoch_0040.png
Iter  41 J: 2.48E+01 perimeter: 58.87
Iter  42 J: 2.46E+01 perimeter: 58.20
Iter  43 J: 2.42E+01 perimeter: 55.70
Iter  44 J: 2.43E+01 perimeter: 57.13
Iter  45 J: 2.47E+01 perimeter: 58.81
Iter  46 J: 2.44E+01 perimeter: 58.44
Iter  47 J: 2.43E+01 perimeter: 58.08
Iter  48 J: 2.42E+01 perimeter: 57.89
Iter  49 J: 2.43E+01 perimeter: 60.16
Iter  50 J: 2.41E+01 perimeter: 59.22
Iter  51 J: 2.40E+01 perimeter: 56.76
Iter  52 J: 2.43E+01 perimeter: 58.28
Iter  53 J: 2.40E+01 perimeter: 58.07
Iter  54 J: 2.36E+01 perimeter: 57.23
Iter  55 J: 2.46E+01 perimeter: 60.06
Iter  56 J: 2.41E+01 perimeter: 59.53
Iter  57 J: 2.45E+01 perimeter: 58.72
Iter  58 J: 2.45E+01 perimeter: 57.50
Iter  59 J: 2.40E+01 perimeter: 57.27
Iter  60 J: 2.42E+01 perimeter: 59.37
Saved /home/dubin/TOMAS/output/wideZ_filt_diffuser/design_epoch_0060.png
Iter  61 J: 2.37E+01 perimeter: 59.81
Iter  62 J: 2.36E+01 perimeter: 53.69
Iter  63 J: 2.56E+01 perimeter: 57.73
Iter  64 J: 2.46E+01 perimeter: 56.77
Iter  65 J: 2.37E+01 perimeter: 55.95
Iter  66 J: 2.50E+01 perimeter: 60.88
Iter  67 J: 2.50E+01 perimeter: 59.57
Iter  68 J: 2.41E+01 perimeter: 56.10
Iter  69 J: 2.41E+01 perimeter: 57.78
Iter  70 J: 2.43E+01 perimeter: 58.49
Iter  71 J: 2.41E+01 perimeter: 58.33
Iter  72 J: 2.39E+01 perimeter: 59.41
Iter  73 J: 2.37E+01 perimeter: 58.99
Iter  74 J: 2.34E+01 perimeter: 56.91
Iter  75 J: 2.40E+01 perimeter: 59.40
Iter  76 J: 2.37E+01 perimeter: 58.76
Iter  77 J: 2.34E+01 perimeter: 57.14
Iter  78 J: 2.40E+01 perimeter: 58.32
Iter  79 J: 2.39E+01 perimeter: 58.84
Iter  80 J: 2.37E+01 perimeter: 59.35
Saved /home/dubin/TOMAS/output/wideZ_filt_diffuser/design_epoch_0080.png
Iter  81 J: 2.39E+01 perimeter: 59.86
Iter  82 J: 2.36E+01 perimeter: 54.80
Iter  83 J: 2.39E+01 perimeter: 57.50
Iter  84 J: 2.44E+01 perimeter: 61.45
Iter  85 J: 2.42E+01 perimeter: 55.93
Iter  86 J: 2.40E+01 perimeter: 56.59
Iter  87 J: 2.42E+01 perimeter: 60.77
Iter  88 J: 2.38E+01 perimeter: 56.41
Iter  89 J: 2.41E+01 perimeter: 57.66
Iter  90 J: 2.39E+01 perimeter: 60.40
Iter  91 J: 2.41E+01 perimeter: 57.92
Iter  92 J: 2.48E+01 perimeter: 59.79
Iter  93 J: 2.45E+01 perimeter: 59.75
Iter  94 J: 2.39E+01 perimeter: 59.15
Iter  95 J: 2.35E+01 perimeter: 57.88
Iter  96 J: 2.40E+01 perimeter: 58.67
Iter  97 J: 2.37E+01 perimeter: 57.73
Iter  98 J: 2.38E+01 perimeter: 59.33
Iter  99 J: 2.37E+01 perimeter: 59.21
Iter 100 J: 2.34E+01 perimeter: 59.43
Saved /home/dubin/TOMAS/output/wideZ_filt_diffuser/design_epoch_0100.png
Iter 101 J: 2.31E+01 perimeter: 57.31
Iter 102 J: 2.41E+01 perimeter: 59.72
Iter 103 J: 2.34E+01 perimeter: 57.54
Iter 104 J: 2.34E+01 perimeter: 59.60
Iter 105 J: 2.33E+01 perimeter: 59.94
Iter 106 J: 2.30E+01 perimeter: 53.60
Iter 107 J: 2.31E+01 perimeter: 54.21
Iter 108 J: 2.34E+01 perimeter: 55.69
Iter 109 J: 2.45E+01 perimeter: 59.75
Iter 110 J: 2.44E+01 perimeter: 59.81
Iter 111 J: 2.39E+01 perimeter: 55.27
Iter 112 J: 2.40E+01 perimeter: 55.93
Iter 113 J: 2.46E+01 perimeter: 61.23
Iter 114 J: 2.45E+01 perimeter: 58.45
Iter 115 J: 2.42E+01 perimeter: 60.27
Iter 116 J: 2.40E+01 perimeter: 57.07
Iter 117 J: 2.42E+01 perimeter: 58.85
Iter 118 J: 2.37E+01 perimeter: 56.35
Iter 119 J: 2.39E+01 perimeter: 57.36
Iter 120 J: 2.48E+01 perimeter: 60.38
Saved /home/dubin/TOMAS/output/wideZ_filt_diffuser/design_epoch_0120.png
Iter 121 J: 2.46E+01 perimeter: 58.51
Iter 122 J: 2.44E+01 perimeter: 60.20
Iter 123 J: 2.37E+01 perimeter: 57.93
Iter 124 J: 2.39E+01 perimeter: 59.62
Iter 125 J: 2.38E+01 perimeter: 59.07
Iter 126 J: 2.33E+01 perimeter: 58.34
Iter 127 J: 2.36E+01 perimeter: 61.33
Iter 128 J: 2.40E+01 perimeter: 58.66
Iter 129 J: 2.35E+01 perimeter: 58.19
Iter 130 J: 2.34E+01 perimeter: 59.91
Iter 131 J: 2.33E+01 perimeter: 58.99
Iter 132 J: 2.32E+01 perimeter: 59.03
Iter 133 J: 2.33E+01 perimeter: 61.21
Iter 134 J: 2.34E+01 perimeter: 59.14
Iter 135 J: 2.33E+01 perimeter: 58.91
Iter 136 J: 2.35E+01 perimeter: 60.92
Iter 137 J: 2.31E+01 perimeter: 58.56
Iter 138 J: 2.32E+01 perimeter: 60.51
Iter 139 J: 2.30E+01 perimeter: 54.64
Iter 140 J: 2.33E+01 perimeter: 55.82
Saved /home/dubin/TOMAS/output/wideZ_filt_diffuser/design_epoch_0140.png
Iter 141 J: 2.41E+01 perimeter: 62.03
Iter 142 J: 2.43E+01 perimeter: 60.81
Iter 143 J: 2.35E+01 perimeter: 57.73
Iter 144 J: 2.34E+01 perimeter: 58.63
Iter 145 J: 2.42E+01 perimeter: 61.62
Iter 146 J: 2.41E+01 perimeter: 58.00
Iter 147 J: 2.40E+01 perimeter: 58.91
Iter 148 J: 2.35E+01 perimeter: 58.89
Iter 149 J: 2.34E+01 perimeter: 60.66
Iter 150 J: 2.32E+01 perimeter: 58.39
Iter 151 J: 2.38E+01 perimeter: 61.12
Iter 152 J: 2.38E+01 perimeter: 56.52
Iter 153 J: 2.40E+01 perimeter: 56.96
Iter 154 J: 2.41E+01 perimeter: 60.39
Iter 155 J: 2.36E+01 perimeter: 57.36
Iter 156 J: 2.43E+01 perimeter: 59.39
Iter 157 J: 2.40E+01 perimeter: 62.07
Iter 158 J: 2.33E+01 perimeter: 57.67
Iter 159 J: 2.35E+01 perimeter: 60.78
Iter 160 J: 2.35E+01 perimeter: 58.22
Saved /home/dubin/TOMAS/output/wideZ_filt_diffuser/design_epoch_0160.png
Iter 161 J: 2.40E+01 perimeter: 61.63
Iter 162 J: 2.36E+01 perimeter: 59.39
Iter 163 J: 2.32E+01 perimeter: 58.24
Iter 164 J: 2.36E+01 perimeter: 61.51
Iter 165 J: 2.36E+01 perimeter: 61.09
Iter 166 J: 2.30E+01 perimeter: 57.56
Iter 167 J: 2.39E+01 perimeter: 60.07
Iter 168 J: 2.36E+01 perimeter: 58.51
Iter 169 J: 2.32E+01 perimeter: 59.06
Iter 170 J: 2.28E+01 perimeter: 58.22
Iter 171 J: 2.33E+01 perimeter: 61.34
Iter 172 J: 2.34E+01 perimeter: 59.03
Iter 173 J: 2.35E+01 perimeter: 61.04
Iter 174 J: 2.35E+01 perimeter: 59.43
Iter 175 J: 2.32E+01 perimeter: 58.88
Iter 176 J: 2.32E+01 perimeter: 60.37
Iter 177 J: 2.29E+01 perimeter: 58.22
Iter 178 J: 2.32E+01 perimeter: 59.73
Iter 179 J: 2.33E+01 perimeter: 59.48
Iter 180 J: 2.30E+01 perimeter: 59.11
Saved /home/dubin/TOMAS/output/wideZ_filt_diffuser/design_epoch_0180.png
Iter 181 J: 2.33E+01 perimeter: 60.48
Iter 182 J: 2.32E+01 perimeter: 57.72
Iter 183 J: 2.30E+01 perimeter: 58.46
Iter 184 J: 2.37E+01 perimeter: 60.04
Iter 185 J: 2.33E+01 perimeter: 57.95
Iter 186 J: 2.33E+01 perimeter: 60.65
Iter 187 J: 2.32E+01 perimeter: 58.30
Iter 188 J: 2.39E+01 perimeter: 63.16
Iter 189 J: 2.40E+01 perimeter: 60.98
Iter 190 J: 2.33E+01 perimeter: 52.61
Iter 191 J: 2.32E+01 perimeter: 53.18
Iter 192 J: 2.36E+01 perimeter: 58.14
Iter 193 J: 2.42E+01 perimeter: 61.46
Iter 194 J: 2.39E+01 perimeter: 57.39
Iter 195 J: 2.43E+01 perimeter: 57.99
Iter 196 J: 2.58E+01 perimeter: 60.98
Iter 197 J: 2.56E+01 perimeter: 60.12
Iter 198 J: 2.54E+01 perimeter: 59.75
Iter 199 J: 2.54E+01 perimeter: 59.20
Iter 200 J: 2.51E+01 perimeter: 58.18
Saved /home/dubin/TOMAS/output/wideZ_filt_diffuser/design_epoch_0200.png
Iter 201 J: 2.46E+01 perimeter: 57.75
Iter 202 J: 2.51E+01 perimeter: 57.43
Iter 203 J: 2.59E+01 perimeter: 59.74
Iter 204 J: 2.51E+01 perimeter: 60.30
Iter 205 J: 2.46E+01 perimeter: 57.78
Iter 206 J: 2.54E+01 perimeter: 60.18
Iter 207 J: 2.52E+01 perimeter: 59.91
Iter 208 J: 2.45E+01 perimeter: 57.94
Iter 209 J: 2.48E+01 perimeter: 59.48
Iter 210 J: 2.42E+01 perimeter: 58.72
Iter 211 J: 2.45E+01 perimeter: 60.31
Iter 212 J: 2.41E+01 perimeter: 57.85
Iter 213 J: 2.42E+01 perimeter: 59.25
Iter 214 J: 2.41E+01 perimeter: 60.68
Iter 215 J: 2.40E+01 perimeter: 58.26
Iter 216 J: 2.45E+01 perimeter: 58.92
Iter 217 J: 2.44E+01 perimeter: 60.07
Iter 218 J: 2.38E+01 perimeter: 57.89
Iter 219 J: 2.45E+01 perimeter: 61.33
Iter 220 J: 2.47E+01 perimeter: 59.36
Saved /home/dubin/TOMAS/output/wideZ_filt_diffuser/design_epoch_0220.png
Iter 221 J: 2.41E+01 perimeter: 58.77
Iter 222 J: 2.41E+01 perimeter: 60.29
Iter 223 J: 2.41E+01 perimeter: 57.05
Iter 224 J: 2.48E+01 perimeter: 58.30
Iter 225 J: 2.53E+01 perimeter: 61.43
Iter 226 J: 2.45E+01 perimeter: 57.62
Iter 227 J: 2.44E+01 perimeter: 58.21
Iter 228 J: 2.50E+01 perimeter: 61.24
Iter 229 J: 2.52E+01 perimeter: 60.13
Iter 230 J: 2.47E+01 perimeter: 59.68
Iter 231 J: 2.42E+01 perimeter: 59.35
Iter 232 J: 2.44E+01 perimeter: 60.19
Iter 233 J: 2.37E+01 perimeter: 58.24
Iter 234 J: 2.38E+01 perimeter: 59.11
Iter 235 J: 2.42E+01 perimeter: 61.14
Iter 236 J: 2.41E+01 perimeter: 58.90
Iter 237 J: 2.41E+01 perimeter: 59.44
Iter 238 J: 2.40E+01 perimeter: 61.59
Iter 239 J: 2.40E+01 perimeter: 58.34
Iter 240 J: 2.44E+01 perimeter: 59.34
Saved /home/dubin/TOMAS/output/wideZ_filt_diffuser/design_epoch_0240.png
Iter 241 J: 2.41E+01 perimeter: 60.66
Iter 242 J: 2.38E+01 perimeter: 59.61
Iter 243 J: 2.36E+01 perimeter: 59.58
Iter 244 J: 2.35E+01 perimeter: 61.01
Iter 245 J: 2.34E+01 perimeter: 59.48
Iter 246 J: 2.33E+01 perimeter: 59.46
Iter 247 J: 2.33E+01 perimeter: 61.15
Iter 248 J: 2.32E+01 perimeter: 59.80
Iter 249 J: 2.33E+01 perimeter: 60.41
Iter 250 J: 2.31E+01 perimeter: 58.84
Iter 251 J: 2.33E+01 perimeter: 60.53
Iter 252 J: 2.31E+01 perimeter: 59.00
Iter 253 J: 2.32E+01 perimeter: 59.31
Iter 254 J: 2.34E+01 perimeter: 61.39
Iter 255 J: 2.33E+01 perimeter: 60.72
Iter 256 J: 2.33E+01 perimeter: 58.19
Iter 257 J: 2.33E+01 perimeter: 59.54
Iter 258 J: 2.33E+01 perimeter: 60.96
Iter 259 J: 2.33E+01 perimeter: 60.13
Iter 260 J: 2.31E+01 perimeter: 57.88
Saved /home/dubin/TOMAS/output/wideZ_filt_diffuser/design_epoch_0260.png
Iter 261 J: 2.36E+01 perimeter: 59.46
Iter 262 J: 2.35E+01 perimeter: 60.74
Iter 263 J: 2.36E+01 perimeter: 61.25
Iter 264 J: 2.37E+01 perimeter: 60.10
Iter 265 J: 2.34E+01 perimeter: 59.05
Iter 266 J: 2.44E+01 perimeter: 63.00
Iter 267 J: 2.45E+01 perimeter: 63.04
Iter 268 J: 2.37E+01 perimeter: 59.52
Iter 269 J: 2.32E+01 perimeter: 57.62
Iter 270 J: 2.56E+01 perimeter: 62.09
Iter 271 J: 2.62E+01 perimeter: 61.10
Iter 272 J: 2.59E+01 perimeter: 58.40
Iter 273 J: 2.53E+01 perimeter: 59.19
Iter 274 J: 2.39E+01 perimeter: 61.63
Iter 275 J: 2.39E+01 perimeter: 62.26
Iter 276 J: 2.44E+01 perimeter: 61.47
Iter 277 J: 2.46E+01 perimeter: 59.05
Iter 278 J: 2.41E+01 perimeter: 59.80
Iter 279 J: 2.34E+01 perimeter: 58.46
Iter 280 J: 2.35E+01 perimeter: 58.90
Saved /home/dubin/TOMAS/output/wideZ_filt_diffuser/design_epoch_0280.png
Iter 281 J: 2.42E+01 perimeter: 60.86
Iter 282 J: 2.39E+01 perimeter: 59.94
Iter 283 J: 2.39E+01 perimeter: 58.68
Iter 284 J: 2.52E+01 perimeter: 63.48
Iter 285 J: 2.53E+01 perimeter: 62.89
Iter 286 J: 2.46E+01 perimeter: 59.38
Iter 287 J: 2.37E+01 perimeter: 58.94
Iter 288 J: 2.47E+01 perimeter: 62.86
Iter 289 J: 2.49E+01 perimeter: 62.68
Iter 290 J: 2.44E+01 perimeter: 59.85
Iter 291 J: 2.35E+01 perimeter: 56.76
Iter 292 J: 2.40E+01 perimeter: 59.11
Iter 293 J: 2.50E+01 perimeter: 61.71
Iter 294 J: 2.52E+01 perimeter: 60.05
Iter 295 J: 2.45E+01 perimeter: 58.42
Iter 296 J: 2.45E+01 perimeter: 59.91
Iter 297 J: 2.43E+01 perimeter: 59.47
Iter 298 J: 2.49E+01 perimeter: 60.16
Iter 299 J: 2.50E+01 perimeter: 58.65
Iter 300 J: 2.50E+01 perimeter: 59.97
Saved /home/dubin/TOMAS/output/wideZ_filt_diffuser/design_epoch_0300.png

Optimization done in 60.5 s
Saved /home/dubin/TOMAS/output/wideZ_filt_diffuser/convergence.png
