/home/dubin/TOMAS/fluid_TO/fluid_fe.py:63: UserWarning: Creating a tensor from a list of numpy.ndarrays is extremely slow. Please consider converting the list to a single numpy.ndarray with numpy.array() before converting to a tensor. (Triggered internally at ../torch/csrc/utils/tensor_new.cpp:261.)
  assembled_A_matrix =  torch.sparse_coo_tensor(
/home/dubin/TOMAS/fluid_TO/plot.py:56: UserWarning: FigureCanvasAgg is non-interactive, and thus cannot be shown
  plt.show()
/home/dubin/TOMAS/fluid_TO/plot.py:57: UserWarning: FigureCanvasAgg is non-interactive, and thus cannot be shown
  plt.pause(0.01)
Loaded VAE + normalisation tensors.
Adam optimizer
Iter   0 J: 1.84E+01 perimeter: 107.74
Saved /home/dubin/TOMAS/output/wideZ_bent_pipe/design_epoch_0000.png
Iter   1 J: 1.82E+01 perimeter: 103.81
Iter   2 J: 1.51E+01 perimeter: 95.19
Iter   3 J: 1.29E+01 perimeter: 85.69
Iter   4 J: 1.32E+01 perimeter: 83.13
Iter   5 J: 1.17E+01 perimeter: 76.38
Iter   6 J: 1.05E+01 perimeter: 72.80
Iter   7 J: 9.87E+00 perimeter: 70.68
Iter   8 J: 9.38E+00 perimeter: 70.49
Iter   9 J: 8.92E+00 perimeter: 70.14
Iter  10 J: 8.69E+00 perimeter: 68.82
Iter  11 J: 8.51E+00 perimeter: 70.61
Iter  12 J: 8.42E+00 perimeter: 70.08
Iter  13 J: 8.24E+00 perimeter: 70.55
Iter  14 J: 8.06E+00 perimeter: 71.62
Iter  15 J: 7.97E+00 perimeter: 73.61
Iter  16 J: 7.72E+00 perimeter: 73.90
Iter  17 J: 7.42E+00 perimeter: 71.98
Iter  18 J: 7.30E+00 perimeter: 72.98
Iter  19 J: 7.22E+00 perimeter: 74.64
Iter  20 J: 7.09E+00 perimeter: 72.70
Saved /home/dubin/TOMAS/output/wideZ_bent_pipe/design_epoch_0020.png
Iter  21 J: 6.96E+00 perimeter: 71.81
Iter  22 J: 6.91E+00 perimeter: 72.78
Iter  23 J: 6.94E+00 perimeter: 75.29
Iter  24 J: 6.89E+00 perimeter: 74.57
Iter  25 J: 6.80E+00 perimeter: 72.92
Iter  26 J: 6.77E+00 perimeter: 72.73
Iter  27 J: 6.71E+00 perimeter: 73.60
Iter  28 J: 6.67E+00 perimeter: 74.31
Iter  29 J: 6.64E+00 perimeter: 75.73
Iter  30 J: 6.60E+00 perimeter: 75.65
Iter  31 J: 6.57E+00 perimeter: 74.98
Iter  32 J: 6.56E+00 perimeter: 74.22
Iter  33 J: 6.55E+00 perimeter: 75.47
Iter  34 J: 6.53E+00 perimeter: 73.62
Iter  35 J: 6.52E+00 perimeter: 74.68
Iter  36 J: 6.50E+00 perimeter: 75.88
Iter  37 J: 6.48E+00 perimeter: 75.52
Iter  38 J: 6.46E+00 perimeter: 73.40
Iter  39 J: 6.46E+00 perimeter: 74.82
Iter  40 J: 6.44E+00 perimeter: 74.95
Saved /home/dubin/TOMAS/output/wideZ_bent_pipe/design_epoch_0040.png
Iter  41 J: 6.49E+00 perimeter: 76.29
Iter  42 J: 6.50E+00 perimeter: 75.70
Iter  43 J: 6.44E+00 perimeter: 73.47
Iter  44 J: 6.42E+00 perimeter: 75.05
Iter  45 J: 6.40E+00 perimeter: 73.14
Iter  46 J: 6.38E+00 perimeter: 74.55
Iter  47 J: 6.38E+00 perimeter: 76.47
Iter  48 J: 6.36E+00 perimeter: 73.15
Iter  49 J: 6.35E+00 perimeter: 74.14
Iter  50 J: 6.37E+00 perimeter: 78.28
Iter  51 J: 6.36E+00 perimeter: 75.91
Iter  52 J: 6.35E+00 perimeter: 73.65
Iter  53 J: 6.36E+00 perimeter: 75.42
Iter  54 J: 6.35E+00 perimeter: 76.52
Iter  55 J: 6.33E+00 perimeter: 74.45
Iter  56 J: 6.34E+00 perimeter: 76.37
Iter  57 J: 6.33E+00 perimeter: 74.47
Iter  58 J: 6.32E+00 perimeter: 75.71
Iter  59 J: 6.32E+00 perimeter: 75.68
Iter  60 J: 6.30E+00 perimeter: 74.33
Saved /home/dubin/TOMAS/output/wideZ_bent_pipe/design_epoch_0060.png
Iter  61 J: 6.30E+00 perimeter: 75.88
Iter  62 J: 6.29E+00 perimeter: 74.10
Iter  63 J: 6.30E+00 perimeter: 75.17
Iter  64 J: 6.29E+00 perimeter: 75.80
Iter  65 J: 6.28E+00 perimeter: 74.20
Iter  66 J: 6.27E+00 perimeter: 75.77
Iter  67 J: 6.27E+00 perimeter: 75.26
Iter  68 J: 6.26E+00 perimeter: 76.84
Iter  69 J: 6.26E+00 perimeter: 74.72
Iter  70 J: 6.27E+00 perimeter: 76.85
Iter  71 J: 6.26E+00 perimeter: 75.07
Iter  72 J: 6.26E+00 perimeter: 76.82
Iter  73 J: 6.26E+00 perimeter: 75.30
Iter  74 J: 6.25E+00 perimeter: 75.45
Iter  75 J: 6.25E+00 perimeter: 76.20
Iter  76 J: 6.25E+00 perimeter: 74.25
Iter  77 J: 6.25E+00 perimeter: 75.28
Iter  78 J: 6.25E+00 perimeter: 76.92
Iter  79 J: 6.25E+00 perimeter: 73.38
Iter  80 J: 6.25E+00 perimeter: 72.55
Saved /home/dubin/TOMAS/output/wideZ_bent_pipe/design_epoch_0080.png
Iter  81 J: 6.25E+00 perimeter: 75.29
Iter  82 J: 6.24E+00 perimeter: 79.63
Iter  83 J: 6.24E+00 perimeter: 76.84
Iter  84 J: 6.24E+00 perimeter: 68.78
Iter  85 J: 6.24E+00 perimeter: 66.61
Iter  86 J: 6.25E+00 perimeter: 68.60
Iter  87 J: 6.25E+00 perimeter: 72.62
Iter  88 J: 6.26E+00 perimeter: 76.68
Iter  89 J: 6.26E+00 perimeter: 74.93
Iter  90 J: 6.25E+00 perimeter: 75.28
Iter  91 J: 6.24E+00 perimeter: 77.77
Iter  92 J: 6.24E+00 perimeter: 76.65
Iter  93 J: 6.24E+00 perimeter: 72.33
Iter  94 J: 6.24E+00 perimeter: 72.50
Iter  95 J: 6.23E+00 perimeter: 75.34
Iter  96 J: 6.22E+00 perimeter: 79.24
Iter  97 J: 6.22E+00 perimeter: 78.45
Iter  98 J: 6.22E+00 perimeter: 74.12
Iter  99 J: 6.23E+00 perimeter: 73.28
Iter 100 J: 6.23E+00 perimeter: 76.51
Saved /home/dubin/TOMAS/output/wideZ_bent_pipe/design_epoch_0100.png
Iter 101 J: 6.23E+00 perimeter: 74.36
Iter 102 J: 6.23E+00 perimeter: 76.38
Iter 103 J: 6.23E+00 perimeter: 74.54
Iter 104 J: 6.23E+00 perimeter: 76.05
Iter 105 J: 6.23E+00 perimeter: 73.99
Iter 106 J: 6.24E+00 perimeter: 75.94
Iter 107 J: 6.23E+00 perimeter: 73.12
Iter 108 J: 6.23E+00 perimeter: 73.99
Iter 109 J: 6.23E+00 perimeter: 77.33
Iter 110 J: 6.22E+00 perimeter: 76.51
Iter 111 J: 6.22E+00 perimeter: 73.48
Iter 112 J: 6.23E+00 perimeter: 73.54
Iter 113 J: 6.23E+00 perimeter: 77.04
Iter 114 J: 6.24E+00 perimeter: 75.18
Iter 115 J: 6.23E+00 perimeter: 76.03
Iter 116 J: 6.22E+00 perimeter: 74.42
Iter 117 J: 6.21E+00 perimeter: 75.94
Iter 118 J: 6.21E+00 perimeter: 76.23
Iter 119 J: 6.21E+00 perimeter: 73.46
Iter 120 J: 6.21E+00 perimeter: 73.25
Saved /home/dubin/TOMAS/output/wideZ_bent_pipe/design_epoch_0120.png
Iter 121 J: 6.21E+00 perimeter: 74.46
Iter 122 J: 6.21E+00 perimeter: 75.87
Iter 123 J: 6.21E+00 perimeter: 71.49
Iter 124 J: 6.20E+00 perimeter: 70.28
Iter 125 J: 6.20E+00 perimeter: 74.16
Iter 126 J: 6.20E+00 perimeter: 78.21
Iter 127 J: 6.20E+00 perimeter: 75.70
Iter 128 J: 6.20E+00 perimeter: 71.45
Iter 129 J: 6.20E+00 perimeter: 70.12
Iter 130 J: 6.20E+00 perimeter: 72.53
Iter 131 J: 6.20E+00 perimeter: 75.13
Iter 132 J: 6.20E+00 perimeter: 77.18
Iter 133 J: 6.20E+00 perimeter: 72.06
Iter 134 J: 6.20E+00 perimeter: 68.99
Iter 135 J: 6.20E+00 perimeter: 71.07
Iter 136 J: 6.20E+00 perimeter: 77.45
Iter 137 J: 6.21E+00 perimeter: 78.26
Iter 138 J: 6.21E+00 perimeter: 74.18
Iter 139 J: 6.21E+00 perimeter: 74.92
Iter 140 J: 6.21E+00 perimeter: 79.78
Saved /home/dubin/TOMAS/output/wideZ_bent_pipe/design_epoch_0140.png
Iter 141 J: 6.21E+00 perimeter: 79.33
Iter 142 J: 6.21E+00 perimeter: 74.60
Iter 143 J: 6.21E+00 perimeter: 74.49
Iter 144 J: 6.21E+00 perimeter: 77.82
Iter 145 J: 6.21E+00 perimeter: 76.68
Iter 146 J: 6.21E+00 perimeter: 72.08
Iter 147 J: 6.21E+00 perimeter: 71.70
Iter 148 J: 6.21E+00 perimeter: 74.73
Iter 149 J: 6.21E+00 perimeter: 80.17
Iter 150 J: 6.21E+00 perimeter: 78.63
Iter 151 J: 6.21E+00 perimeter: 69.36
Iter 152 J: 6.21E+00 perimeter: 65.26
Iter 153 J: 6.21E+00 perimeter: 66.28
Iter 154 J: 6.21E+00 perimeter: 71.33
Iter 155 J: 6.21E+00 perimeter: 78.05
Iter 156 J: 6.21E+00 perimeter: 77.13
Iter 157 J: 6.20E+00 perimeter: 71.63
Iter 158 J: 6.20E+00 perimeter: 70.23
Iter 159 J: 6.20E+00 perimeter: 71.75
Iter 160 J: 6.20E+00 perimeter: 75.84
Saved /home/dubin/TOMAS/output/wideZ_bent_pipe/design_epoch_0160.png
Iter 161 J: 6.20E+00 perimeter: 76.73
Iter 162 J: 6.20E+00 perimeter: 74.25
Iter 163 J: 6.20E+00 perimeter: 75.34
Iter 164 J: 6.20E+00 perimeter: 79.06
Iter 165 J: 6.20E+00 perimeter: 78.97
Iter 166 J: 6.20E+00 perimeter: 76.14
Iter 167 J: 6.20E+00 perimeter: 70.28
Iter 168 J: 6.20E+00 perimeter: 68.31
Iter 169 J: 6.20E+00 perimeter: 69.55
Iter 170 J: 6.20E+00 perimeter: 72.82
Iter 171 J: 6.21E+00 perimeter: 76.91
Iter 172 J: 6.20E+00 perimeter: 76.73
Iter 173 J: 6.20E+00 perimeter: 71.60
Iter 174 J: 6.20E+00 perimeter: 68.35
Iter 175 J: 6.21E+00 perimeter: 68.50
Iter 176 J: 6.21E+00 perimeter: 72.27
Iter 177 J: 6.22E+00 perimeter: 78.15
Iter 178 J: 6.23E+00 perimeter: 79.27
Iter 179 J: 6.23E+00 perimeter: 77.69
Iter 180 J: 6.23E+00 perimeter: 73.42
Saved /home/dubin/TOMAS/output/wideZ_bent_pipe/design_epoch_0180.png
Iter 181 J: 6.23E+00 perimeter: 72.73
Iter 182 J: 6.23E+00 perimeter: 75.83
Iter 183 J: 6.22E+00 perimeter: 74.75
Iter 184 J: 6.23E+00 perimeter: 76.17
Iter 185 J: 6.23E+00 perimeter: 74.32
Iter 186 J: 6.23E+00 perimeter: 75.37
Iter 187 J: 6.23E+00 perimeter: 78.89
Iter 188 J: 6.23E+00 perimeter: 79.01
Iter 189 J: 6.22E+00 perimeter: 76.51
Iter 190 J: 6.23E+00 perimeter: 71.58
Iter 191 J: 6.23E+00 perimeter: 70.42
Iter 192 J: 6.23E+00 perimeter: 71.85
Iter 193 J: 6.22E+00 perimeter: 75.19
Iter 194 J: 6.22E+00 perimeter: 79.83
Iter 195 J: 6.22E+00 perimeter: 81.03
Iter 196 J: 6.23E+00 perimeter: 79.43
Iter 197 J: 6.23E+00 perimeter: 75.58
Iter 198 J: 6.23E+00 perimeter: 73.80
Iter 199 J: 6.22E+00 perimeter: 74.20
Iter 200 J: 6.22E+00 perimeter: 76.35
Saved /home/dubin/TOMAS/output/wideZ_bent_pipe/design_epoch_0200.png
Iter 201 J: 6.22E+00 perimeter: 75.34
Iter 202 J: 6.22E+00 perimeter: 76.51
Iter 203 J: 6.22E+00 perimeter: 74.29
Iter 204 J: 6.22E+00 perimeter: 74.11
Iter 205 J: 6.22E+00 perimeter: 75.93
Iter 206 J: 6.22E+00 perimeter: 75.20
Iter 207 J: 6.22E+00 perimeter: 76.75
Iter 208 J: 6.22E+00 perimeter: 75.27
Iter 209 J: 6.22E+00 perimeter: 76.14
Iter 210 J: 6.22E+00 perimeter: 74.34
Iter 211 J: 6.22E+00 perimeter: 74.97
Iter 212 J: 6.21E+00 perimeter: 76.94
Iter 213 J: 6.21E+00 perimeter: 76.70
Iter 214 J: 6.21E+00 perimeter: 74.94
Iter 215 J: 6.21E+00 perimeter: 75.26
Iter 216 J: 6.21E+00 perimeter: 77.41
Iter 217 J: 6.22E+00 perimeter: 77.43
Iter 218 J: 6.21E+00 perimeter: 75.46
Iter 219 J: 6.21E+00 perimeter: 75.52
Iter 220 J: 6.21E+00 perimeter: 77.19
Saved /home/dubin/TOMAS/output/wideZ_bent_pipe/design_epoch_0220.png
Iter 221 J: 6.20E+00 perimeter: 76.73
Iter 222 J: 6.20E+00 perimeter: 75.27
Iter 223 J: 6.21E+00 perimeter: 75.97
Iter 224 J: 6.21E+00 perimeter: 74.93
Iter 225 J: 6.21E+00 perimeter: 75.62
Iter 226 J: 6.20E+00 perimeter: 76.72
Iter 227 J: 6.20E+00 perimeter: 76.31
Iter 228 J: 6.20E+00 perimeter: 73.99
Iter 229 J: 6.20E+00 perimeter: 74.31
Iter 230 J: 6.20E+00 perimeter: 76.38
Iter 231 J: 6.20E+00 perimeter: 76.06
Iter 232 J: 6.20E+00 perimeter: 73.88
Iter 233 J: 6.20E+00 perimeter: 73.84
Iter 234 J: 6.20E+00 perimeter: 75.45
Iter 235 J: 6.20E+00 perimeter: 78.01
Iter 236 J: 6.20E+00 perimeter: 78.05
Iter 237 J: 6.20E+00 perimeter: 77.02
Iter 238 J: 6.20E+00 perimeter: 74.34
Iter 239 J: 6.20E+00 perimeter: 73.93
Iter 240 J: 6.21E+00 perimeter: 74.95
Saved /home/dubin/TOMAS/output/wideZ_bent_pipe/design_epoch_0240.png
Iter 241 J: 6.22E+00 perimeter: 77.57
Iter 242 J: 6.22E+00 perimeter: 77.53
Iter 243 J: 6.22E+00 perimeter: 74.50
Iter 244 J: 6.22E+00 perimeter: 73.00
Iter 245 J: 6.21E+00 perimeter: 73.97
Iter 246 J: 6.21E+00 perimeter: 77.02
Iter 247 J: 6.21E+00 perimeter: 77.16
Iter 248 J: 6.21E+00 perimeter: 75.10
Iter 249 J: 6.21E+00 perimeter: 75.44
Iter 250 J: 6.21E+00 perimeter: 78.03
Iter 251 J: 6.21E+00 perimeter: 77.91
Iter 252 J: 6.21E+00 perimeter: 75.56
Iter 253 J: 6.21E+00 perimeter: 75.96
Iter 254 J: 6.21E+00 perimeter: 74.28
Iter 255 J: 6.21E+00 perimeter: 75.02
Iter 256 J: 6.21E+00 perimeter: 77.38
Iter 257 J: 6.20E+00 perimeter: 77.40
Iter 258 J: 6.20E+00 perimeter: 75.61
Iter 259 J: 6.20E+00 perimeter: 75.18
Iter 260 J: 6.20E+00 perimeter: 76.55
Saved /home/dubin/TOMAS/output/wideZ_bent_pipe/design_epoch_0260.png
Iter 261 J: 6.20E+00 perimeter: 75.71
Iter 262 J: 6.20E+00 perimeter: 74.87
Iter 263 J: 6.20E+00 perimeter: 75.88
Iter 264 J: 6.20E+00 perimeter: 74.62
Iter 265 J: 6.20E+00 perimeter: 75.38
Iter 266 J: 6.20E+00 perimeter: 77.66
Iter 267 J: 6.19E+00 perimeter: 76.60
Iter 268 J: 6.19E+00 perimeter: 72.08
Iter 269 J: 6.19E+00 perimeter: 69.30
Iter 270 J: 6.19E+00 perimeter: 70.08
Iter 271 J: 6.19E+00 perimeter: 73.29
Iter 272 J: 6.19E+00 perimeter: 75.70
Iter 273 J: 6.19E+00 perimeter: 75.55
Iter 274 J: 6.19E+00 perimeter: 76.19
Iter 275 J: 6.18E+00 perimeter: 74.16
Iter 276 J: 6.18E+00 perimeter: 73.71
Iter 277 J: 6.18E+00 perimeter: 75.37
Iter 278 J: 6.19E+00 perimeter: 78.44
Iter 279 J: 6.19E+00 perimeter: 79.25
Iter 280 J: 6.19E+00 perimeter: 78.01
Saved /home/dubin/TOMAS/output/wideZ_bent_pipe/design_epoch_0280.png
Iter 281 J: 6.19E+00 perimeter: 74.12
Iter 282 J: 6.19E+00 perimeter: 72.43
Iter 283 J: 6.19E+00 perimeter: 73.66
Iter 284 J: 6.19E+00 perimeter: 76.68
Iter 285 J: 6.19E+00 perimeter: 76.68
Iter 286 J: 6.19E+00 perimeter: 74.52
Iter 287 J: 6.18E+00 perimeter: 74.75
Iter 288 J: 6.18E+00 perimeter: 77.13
Iter 289 J: 6.18E+00 perimeter: 76.97
Iter 290 J: 6.18E+00 perimeter: 74.64
Iter 291 J: 6.18E+00 perimeter: 75.01
Iter 292 J: 6.18E+00 perimeter: 77.31
Iter 293 J: 6.18E+00 perimeter: 77.27
Iter 294 J: 6.18E+00 perimeter: 75.36
Iter 295 J: 6.18E+00 perimeter: 75.65
Iter 296 J: 6.18E+00 perimeter: 76.27
Iter 297 J: 6.18E+00 perimeter: 75.00
Iter 298 J: 6.18E+00 perimeter: 75.55
Iter 299 J: 6.18E+00 perimeter: 77.69
Iter 300 J: 6.18E+00 perimeter: 78.02
Saved /home/dubin/TOMAS/output/wideZ_bent_pipe/design_epoch_0300.png

Optimization done in 712.6 s
Saved /home/dubin/TOMAS/output/wideZ_bent_pipe/convergence.png
