/home/dubin/TOMAS/fluid_TO/fluid_fe.py:63: UserWarning: Creating a tensor from a list of numpy.ndarrays is extremely slow. Please consider converting the list to a single numpy.ndarray with numpy.array() before converting to a tensor. (Triggered internally at ../torch/csrc/utils/tensor_new.cpp:261.)
  assembled_A_matrix =  torch.sparse_coo_tensor(
/home/dubin/TOMAS/fluid_TO/plot.py:56: UserWarning: FigureCanvasAgg is non-interactive, and thus cannot be shown
  plt.show()
/home/dubin/TOMAS/fluid_TO/plot.py:57: UserWarning: FigureCanvasAgg is non-interactive, and thus cannot be shown
  plt.pause(0.01)
Loaded VAE + normalisation tensors.
Adam optimizer
Iter   0 J: 3.33E+01 perimeter: 68.16
Saved /home/dubin/TOMAS/output/wideZ_filt_biffurcated/design_epoch_0000.png
Iter   1 J: 3.13E+01 perimeter: 66.97
Iter   2 J: 3.08E+01 perimeter: 60.10
Iter   3 J: 2.79E+01 perimeter: 57.33
Iter   4 J: 2.76E+01 perimeter: 63.63
Iter   5 J: 2.74E+01 perimeter: 65.20
Iter   6 J: 2.66E+01 perimeter: 60.45
Iter   7 J: 2.65E+01 perimeter: 60.79
Iter   8 J: 2.60E+01 perimeter: 59.08
Iter   9 J: 2.56E+01 perimeter: 61.38
Iter  10 J: 2.52E+01 perimeter: 60.62
Saved /home/dubin/TOMAS/output/wideZ_filt_biffurcated/design_epoch_0010.png
Iter  11 J: 2.53E+01 perimeter: 61.99
Iter  12 J: 2.55E+01 perimeter: 63.71
Iter  13 J: 2.49E+01 perimeter: 62.29
Iter  14 J: 2.46E+01 perimeter: 61.74
Iter  15 J: 2.48E+01 perimeter: 63.88
Iter  16 J: 2.44E+01 perimeter: 62.53
Iter  17 J: 2.46E+01 perimeter: 66.31
Iter  18 J: 2.46E+01 perimeter: 66.42
Iter  19 J: 2.45E+01 perimeter: 66.65
Iter  20 J: 2.42E+01 perimeter: 66.96
Saved /home/dubin/TOMAS/output/wideZ_filt_biffurcated/design_epoch_0020.png
Iter  21 J: 2.41E+01 perimeter: 67.08
Iter  22 J: 2.39E+01 perimeter: 65.14
Iter  23 J: 2.36E+01 perimeter: 64.91
Iter  24 J: 2.36E+01 perimeter: 65.70
Iter  25 J: 2.36E+01 perimeter: 67.48
Iter  26 J: 2.37E+01 perimeter: 71.16
Iter  27 J: 2.35E+01 perimeter: 66.57
Iter  28 J: 2.35E+01 perimeter: 70.08
Iter  29 J: 2.36E+01 perimeter: 72.10
Iter  30 J: 2.34E+01 perimeter: 70.16
Saved /home/dubin/TOMAS/output/wideZ_filt_biffurcated/design_epoch_0030.png
Iter  31 J: 2.33E+01 perimeter: 70.18
Iter  32 J: 2.32E+01 perimeter: 67.87
Iter  33 J: 2.33E+01 perimeter: 66.95
Iter  34 J: 2.32E+01 perimeter: 67.40
Iter  35 J: 2.32E+01 perimeter: 69.34
Iter  36 J: 2.31E+01 perimeter: 66.20
Iter  37 J: 2.31E+01 perimeter: 67.28
Iter  38 J: 2.31E+01 perimeter: 66.80
Iter  39 J: 2.32E+01 perimeter: 68.62
Iter  40 J: 2.31E+01 perimeter: 68.68
Saved /home/dubin/TOMAS/output/wideZ_filt_biffurcated/design_epoch_0040.png
Iter  41 J: 2.31E+01 perimeter: 65.49
Iter  42 J: 2.31E+01 perimeter: 67.58
Iter  43 J: 2.32E+01 perimeter: 68.46
Iter  44 J: 2.33E+01 perimeter: 69.37
Iter  45 J: 2.32E+01 perimeter: 70.56
Iter  46 J: 2.31E+01 perimeter: 70.12
Iter  47 J: 2.31E+01 perimeter: 69.79
Iter  48 J: 2.30E+01 perimeter: 69.14
Iter  49 J: 2.29E+01 perimeter: 67.97
Iter  50 J: 2.28E+01 perimeter: 68.13
Saved /home/dubin/TOMAS/output/wideZ_filt_biffurcated/design_epoch_0050.png
Iter  51 J: 2.29E+01 perimeter: 69.83
Iter  52 J: 2.29E+01 perimeter: 69.61
Iter  53 J: 2.31E+01 perimeter: 71.13
Iter  54 J: 2.30E+01 perimeter: 71.77
Iter  55 J: 2.30E+01 perimeter: 71.41
Iter  56 J: 2.29E+01 perimeter: 70.94
Iter  57 J: 2.29E+01 perimeter: 67.32
Iter  58 J: 2.29E+01 perimeter: 70.14
Iter  59 J: 2.29E+01 perimeter: 67.01
Iter  60 J: 2.30E+01 perimeter: 68.20
Saved /home/dubin/TOMAS/output/wideZ_filt_biffurcated/design_epoch_0060.png
Iter  61 J: 2.33E+01 perimeter: 72.45
Iter  62 J: 2.31E+01 perimeter: 71.14
Iter  63 J: 2.31E+01 perimeter: 71.40
Iter  64 J: 2.30E+01 perimeter: 71.85
Iter  65 J: 2.30E+01 perimeter: 72.02
Iter  66 J: 2.29E+01 perimeter: 68.54
Iter  67 J: 2.29E+01 perimeter: 69.78
Iter  68 J: 2.31E+01 perimeter: 69.76
Iter  69 J: 2.31E+01 perimeter: 67.27
Iter  70 J: 2.32E+01 perimeter: 69.53
Saved /home/dubin/TOMAS/output/wideZ_filt_biffurcated/design_epoch_0070.png
Iter  71 J: 2.32E+01 perimeter: 70.64
Iter  72 J: 2.32E+01 perimeter: 70.39
Iter  73 J: 2.32E+01 perimeter: 69.58
Iter  74 J: 2.34E+01 perimeter: 70.37
Iter  75 J: 2.37E+01 perimeter: 73.80
Iter  76 J: 2.36E+01 perimeter: 72.78
Iter  77 J: 2.33E+01 perimeter: 71.36
Iter  78 J: 2.33E+01 perimeter: 72.59
Iter  79 J: 2.36E+01 perimeter: 74.75
Iter  80 J: 2.35E+01 perimeter: 71.04
Saved /home/dubin/TOMAS/output/wideZ_filt_biffurcated/design_epoch_0080.png
Iter  81 J: 2.32E+01 perimeter: 73.41
Iter  82 J: 2.32E+01 perimeter: 72.35
Iter  83 J: 2.30E+01 perimeter: 70.35
Iter  84 J: 2.30E+01 perimeter: 71.12
Iter  85 J: 2.31E+01 perimeter: 71.85
Iter  86 J: 2.32E+01 perimeter: 73.97
Iter  87 J: 2.30E+01 perimeter: 72.47
Iter  88 J: 2.30E+01 perimeter: 71.41
Iter  89 J: 2.30E+01 perimeter: 71.02
Iter  90 J: 2.30E+01 perimeter: 71.84
Saved /home/dubin/TOMAS/output/wideZ_filt_biffurcated/design_epoch_0090.png
Iter  91 J: 2.30E+01 perimeter: 72.53
Iter  92 J: 2.31E+01 perimeter: 75.93
Iter  93 J: 2.31E+01 perimeter: 74.75
Iter  94 J: 2.30E+01 perimeter: 71.49
Iter  95 J: 2.29E+01 perimeter: 70.84
Iter  96 J: 2.29E+01 perimeter: 71.56
Iter  97 J: 2.29E+01 perimeter: 72.67
Iter  98 J: 2.30E+01 perimeter: 73.96
Iter  99 J: 2.29E+01 perimeter: 73.39
Iter 100 J: 2.29E+01 perimeter: 73.18
Saved /home/dubin/TOMAS/output/wideZ_filt_biffurcated/design_epoch_0100.png
Iter 101 J: 2.28E+01 perimeter: 72.12
Iter 102 J: 2.28E+01 perimeter: 72.00
Iter 103 J: 2.28E+01 perimeter: 73.58
Iter 104 J: 2.28E+01 perimeter: 72.38
Iter 105 J: 2.28E+01 perimeter: 73.34
Iter 106 J: 2.28E+01 perimeter: 73.61
Iter 107 J: 2.27E+01 perimeter: 72.66
Iter 108 J: 2.27E+01 perimeter: 72.64
Iter 109 J: 2.27E+01 perimeter: 72.49
Iter 110 J: 2.27E+01 perimeter: 74.34
Saved /home/dubin/TOMAS/output/wideZ_filt_biffurcated/design_epoch_0110.png
Iter 111 J: 2.27E+01 perimeter: 73.00
Iter 112 J: 2.27E+01 perimeter: 72.72
Iter 113 J: 2.27E+01 perimeter: 73.56
Iter 114 J: 2.26E+01 perimeter: 72.06
Iter 115 J: 2.28E+01 perimeter: 74.50
Iter 116 J: 2.27E+01 perimeter: 72.92
Iter 117 J: 2.27E+01 perimeter: 73.19
Iter 118 J: 2.27E+01 perimeter: 73.41
Iter 119 J: 2.27E+01 perimeter: 73.19
Iter 120 J: 2.27E+01 perimeter: 72.95
Saved /home/dubin/TOMAS/output/wideZ_filt_biffurcated/design_epoch_0120.png
Iter 121 J: 2.27E+01 perimeter: 73.18
Iter 122 J: 2.28E+01 perimeter: 74.34
Iter 123 J: 2.27E+01 perimeter: 72.83
Iter 124 J: 2.27E+01 perimeter: 73.27
Iter 125 J: 2.28E+01 perimeter: 75.63
Iter 126 J: 2.27E+01 perimeter: 72.59
Iter 127 J: 2.27E+01 perimeter: 72.80
Iter 128 J: 2.27E+01 perimeter: 74.99
Iter 129 J: 2.26E+01 perimeter: 73.07
Iter 130 J: 2.26E+01 perimeter: 72.49
Saved /home/dubin/TOMAS/output/wideZ_filt_biffurcated/design_epoch_0130.png
Iter 131 J: 2.27E+01 perimeter: 73.60
Iter 132 J: 2.27E+01 perimeter: 75.34
Iter 133 J: 2.26E+01 perimeter: 72.13
Iter 134 J: 2.26E+01 perimeter: 71.71
Iter 135 J: 2.26E+01 perimeter: 73.80
Iter 136 J: 2.26E+01 perimeter: 74.69
Iter 137 J: 2.25E+01 perimeter: 70.57
Iter 138 J: 2.25E+01 perimeter: 70.63
Iter 139 J: 2.26E+01 perimeter: 72.80
Iter 140 J: 2.27E+01 perimeter: 74.27
Saved /home/dubin/TOMAS/output/wideZ_filt_biffurcated/design_epoch_0140.png
Iter 141 J: 2.26E+01 perimeter: 74.11
Iter 142 J: 2.26E+01 perimeter: 71.86
Iter 143 J: 2.27E+01 perimeter: 74.00
Iter 144 J: 2.26E+01 perimeter: 72.11
Iter 145 J: 2.27E+01 perimeter: 73.24
Iter 146 J: 2.28E+01 perimeter: 75.85
Iter 147 J: 2.28E+01 perimeter: 72.35
Iter 148 J: 2.27E+01 perimeter: 74.10
Iter 149 J: 2.26E+01 perimeter: 74.10
Iter 150 J: 2.26E+01 perimeter: 72.10
Saved /home/dubin/TOMAS/output/wideZ_filt_biffurcated/design_epoch_0150.png
Iter 151 J: 2.26E+01 perimeter: 72.59
Iter 152 J: 2.27E+01 perimeter: 73.59
Iter 153 J: 2.27E+01 perimeter: 75.91
Iter 154 J: 2.26E+01 perimeter: 72.61
Iter 155 J: 2.26E+01 perimeter: 71.64
Iter 156 J: 2.26E+01 perimeter: 73.39
Iter 157 J: 2.26E+01 perimeter: 73.80
Iter 158 J: 2.26E+01 perimeter: 74.10
Iter 159 J: 2.26E+01 perimeter: 72.64
Iter 160 J: 2.26E+01 perimeter: 73.60
Saved /home/dubin/TOMAS/output/wideZ_filt_biffurcated/design_epoch_0160.png
Iter 161 J: 2.27E+01 perimeter: 74.50
Iter 162 J: 2.26E+01 perimeter: 73.40
Iter 163 J: 2.26E+01 perimeter: 74.27
Iter 164 J: 2.26E+01 perimeter: 73.16
Iter 165 J: 2.26E+01 perimeter: 74.17
Iter 166 J: 2.25E+01 perimeter: 73.10
Iter 167 J: 2.25E+01 perimeter: 73.61
Iter 168 J: 2.26E+01 perimeter: 74.77
Iter 169 J: 2.25E+01 perimeter: 72.64
Iter 170 J: 2.25E+01 perimeter: 73.92
Saved /home/dubin/TOMAS/output/wideZ_filt_biffurcated/design_epoch_0170.png
Iter 171 J: 2.26E+01 perimeter: 75.15
Iter 172 J: 2.26E+01 perimeter: 71.94
Iter 173 J: 2.26E+01 perimeter: 73.16
Iter 174 J: 2.27E+01 perimeter: 74.37
Iter 175 J: 2.26E+01 perimeter: 71.79
Iter 176 J: 2.26E+01 perimeter: 73.62
Iter 177 J: 2.27E+01 perimeter: 76.23
Iter 178 J: 2.27E+01 perimeter: 73.59
Iter 179 J: 2.26E+01 perimeter: 72.29
Iter 180 J: 2.26E+01 perimeter: 74.14
Saved /home/dubin/TOMAS/output/wideZ_filt_biffurcated/design_epoch_0180.png
Iter 181 J: 2.26E+01 perimeter: 73.87
Iter 182 J: 2.26E+01 perimeter: 73.24
Iter 183 J: 2.26E+01 perimeter: 74.73
Iter 184 J: 2.26E+01 perimeter: 73.27
Iter 185 J: 2.25E+01 perimeter: 73.92
Iter 186 J: 2.25E+01 perimeter: 72.92
Iter 187 J: 2.26E+01 perimeter: 72.04
Iter 188 J: 2.26E+01 perimeter: 74.16
Iter 189 J: 2.26E+01 perimeter: 76.75
Iter 190 J: 2.26E+01 perimeter: 72.91
Saved /home/dubin/TOMAS/output/wideZ_filt_biffurcated/design_epoch_0190.png
Iter 191 J: 2.27E+01 perimeter: 73.37
Iter 192 J: 2.26E+01 perimeter: 75.23
Iter 193 J: 2.25E+01 perimeter: 71.92
Iter 194 J: 2.27E+01 perimeter: 72.04
Iter 195 J: 2.26E+01 perimeter: 74.23
Iter 196 J: 2.26E+01 perimeter: 75.71
Iter 197 J: 2.27E+01 perimeter: 72.71
Iter 198 J: 2.27E+01 perimeter: 72.36
Iter 199 J: 2.26E+01 perimeter: 74.13
Iter 200 J: 2.26E+01 perimeter: 73.72
Saved /home/dubin/TOMAS/output/wideZ_filt_biffurcated/design_epoch_0200.png
Iter 201 J: 2.26E+01 perimeter: 74.75
Iter 202 J: 2.26E+01 perimeter: 74.80
Iter 203 J: 2.25E+01 perimeter: 73.09
Iter 204 J: 2.25E+01 perimeter: 73.39
Iter 205 J: 2.25E+01 perimeter: 73.33
Iter 206 J: 2.27E+01 perimeter: 74.78
Iter 207 J: 2.26E+01 perimeter: 72.31
Iter 208 J: 2.26E+01 perimeter: 73.78
Iter 209 J: 2.26E+01 perimeter: 74.83
Iter 210 J: 2.25E+01 perimeter: 71.75
Saved /home/dubin/TOMAS/output/wideZ_filt_biffurcated/design_epoch_0210.png
Iter 211 J: 2.25E+01 perimeter: 71.79
Iter 212 J: 2.26E+01 perimeter: 74.40
Iter 213 J: 2.26E+01 perimeter: 73.95
Iter 214 J: 2.26E+01 perimeter: 75.07
Iter 215 J: 2.26E+01 perimeter: 73.34
Iter 216 J: 2.26E+01 perimeter: 74.25
Iter 217 J: 2.25E+01 perimeter: 73.79
Iter 218 J: 2.25E+01 perimeter: 74.48
Iter 219 J: 2.25E+01 perimeter: 72.77
Iter 220 J: 2.26E+01 perimeter: 74.12
Saved /home/dubin/TOMAS/output/wideZ_filt_biffurcated/design_epoch_0220.png
Iter 221 J: 2.25E+01 perimeter: 75.43
Iter 222 J: 2.25E+01 perimeter: 74.37
Iter 223 J: 2.24E+01 perimeter: 72.44
Iter 224 J: 2.25E+01 perimeter: 73.37
Iter 225 J: 2.27E+01 perimeter: 74.75
Iter 226 J: 2.26E+01 perimeter: 73.54
Iter 227 J: 2.25E+01 perimeter: 74.71
Iter 228 J: 2.25E+01 perimeter: 73.49
Iter 229 J: 2.25E+01 perimeter: 73.75
Iter 230 J: 2.26E+01 perimeter: 75.45
Saved /home/dubin/TOMAS/output/wideZ_filt_biffurcated/design_epoch_0230.png
Iter 231 J: 2.25E+01 perimeter: 73.19
Iter 232 J: 2.25E+01 perimeter: 74.55
Iter 233 J: 2.25E+01 perimeter: 74.73
Iter 234 J: 2.24E+01 perimeter: 71.84
Iter 235 J: 2.24E+01 perimeter: 72.76
Iter 236 J: 2.26E+01 perimeter: 72.68
Iter 237 J: 2.27E+01 perimeter: 74.62
Iter 238 J: 2.26E+01 perimeter: 74.83
Iter 239 J: 2.24E+01 perimeter: 71.70
Iter 240 J: 2.25E+01 perimeter: 71.82
Saved /home/dubin/TOMAS/output/wideZ_filt_biffurcated/design_epoch_0240.png
Iter 241 J: 2.27E+01 perimeter: 74.94
Iter 242 J: 2.26E+01 perimeter: 74.28
Iter 243 J: 2.25E+01 perimeter: 72.27
Iter 244 J: 2.25E+01 perimeter: 74.46
Iter 245 J: 2.25E+01 perimeter: 75.38
Iter 246 J: 2.24E+01 perimeter: 70.01
Iter 247 J: 2.25E+01 perimeter: 68.48
Iter 248 J: 2.25E+01 perimeter: 70.26
Iter 249 J: 2.26E+01 perimeter: 72.54
Iter 250 J: 2.27E+01 perimeter: 74.57
Saved /home/dubin/TOMAS/output/wideZ_filt_biffurcated/design_epoch_0250.png
Iter 251 J: 2.27E+01 perimeter: 72.73
Iter 252 J: 2.28E+01 perimeter: 73.21
Iter 253 J: 2.28E+01 perimeter: 77.09
Iter 254 J: 2.28E+01 perimeter: 76.59
Iter 255 J: 2.26E+01 perimeter: 73.02
Iter 256 J: 2.26E+01 perimeter: 72.87
Iter 257 J: 2.26E+01 perimeter: 74.51
Iter 258 J: 2.25E+01 perimeter: 73.65
Iter 259 J: 2.25E+01 perimeter: 73.03
Iter 260 J: 2.25E+01 perimeter: 75.15
Saved /home/dubin/TOMAS/output/wideZ_filt_biffurcated/design_epoch_0260.png
Iter 261 J: 2.24E+01 perimeter: 72.91
Iter 262 J: 2.25E+01 perimeter: 72.70
Iter 263 J: 2.26E+01 perimeter: 74.92
Iter 264 J: 2.25E+01 perimeter: 73.72
Iter 265 J: 2.25E+01 perimeter: 74.79
Iter 266 J: 2.24E+01 perimeter: 72.62
Iter 267 J: 2.25E+01 perimeter: 74.26
Iter 268 J: 2.24E+01 perimeter: 74.41
Iter 269 J: 2.24E+01 perimeter: 74.98
Iter 270 J: 2.24E+01 perimeter: 71.86
Saved /home/dubin/TOMAS/output/wideZ_filt_biffurcated/design_epoch_0270.png
Iter 271 J: 2.24E+01 perimeter: 71.44
Iter 272 J: 2.26E+01 perimeter: 73.91
Iter 273 J: 2.26E+01 perimeter: 76.73
Iter 274 J: 2.26E+01 perimeter: 75.48
Iter 275 J: 2.25E+01 perimeter: 71.51
Iter 276 J: 2.25E+01 perimeter: 71.65
Iter 277 J: 2.26E+01 perimeter: 73.89
Iter 278 J: 2.26E+01 perimeter: 74.66
Iter 279 J: 2.25E+01 perimeter: 72.60
Iter 280 J: 2.27E+01 perimeter: 74.84
Saved /home/dubin/TOMAS/output/wideZ_filt_biffurcated/design_epoch_0280.png
Iter 281 J: 2.26E+01 perimeter: 73.37
Iter 282 J: 2.27E+01 perimeter: 73.73
Iter 283 J: 2.28E+01 perimeter: 75.47
Iter 284 J: 2.27E+01 perimeter: 73.72
Iter 285 J: 2.27E+01 perimeter: 75.52
Iter 286 J: 2.27E+01 perimeter: 74.14
Iter 287 J: 2.26E+01 perimeter: 74.24
Iter 288 J: 2.25E+01 perimeter: 74.43
Iter 289 J: 2.25E+01 perimeter: 74.63
Iter 290 J: 2.24E+01 perimeter: 71.25
Saved /home/dubin/TOMAS/output/wideZ_filt_biffurcated/design_epoch_0290.png
Iter 291 J: 2.24E+01 perimeter: 69.34
Iter 292 J: 2.24E+01 perimeter: 70.45
Iter 293 J: 2.26E+01 perimeter: 73.90
Iter 294 J: 2.27E+01 perimeter: 76.90
Iter 295 J: 2.27E+01 perimeter: 74.45
Iter 296 J: 2.26E+01 perimeter: 74.30
Iter 297 J: 2.26E+01 perimeter: 74.42
Iter 298 J: 2.26E+01 perimeter: 73.73
Iter 299 J: 2.25E+01 perimeter: 73.50
Iter 300 J: 2.26E+01 perimeter: 75.38
Saved /home/dubin/TOMAS/output/wideZ_filt_biffurcated/design_epoch_0300.png
Iter 301 J: 2.26E+01 perimeter: 73.70
Iter 302 J: 2.25E+01 perimeter: 74.92
Iter 303 J: 2.24E+01 perimeter: 73.31
Iter 304 J: 2.24E+01 perimeter: 73.98
Iter 305 J: 2.25E+01 perimeter: 75.81
Iter 306 J: 2.25E+01 perimeter: 73.75
Iter 307 J: 2.25E+01 perimeter: 74.19
Iter 308 J: 2.25E+01 perimeter: 74.70
Iter 309 J: 2.24E+01 perimeter: 73.47
Iter 310 J: 2.24E+01 perimeter: 73.95
Saved /home/dubin/TOMAS/output/wideZ_filt_biffurcated/design_epoch_0310.png
Iter 311 J: 2.25E+01 perimeter: 75.01
Iter 312 J: 2.24E+01 perimeter: 71.95
Iter 313 J: 2.25E+01 perimeter: 73.48
Iter 314 J: 2.26E+01 perimeter: 75.86
Iter 315 J: 2.26E+01 perimeter: 73.64
Iter 316 J: 2.26E+01 perimeter: 75.08
Iter 317 J: 2.25E+01 perimeter: 73.94
Iter 318 J: 2.24E+01 perimeter: 73.85
Iter 319 J: 2.25E+01 perimeter: 73.49
Iter 320 J: 2.25E+01 perimeter: 73.94
Saved /home/dubin/TOMAS/output/wideZ_filt_biffurcated/design_epoch_0320.png
Iter 321 J: 2.25E+01 perimeter: 75.96
Iter 322 J: 2.26E+01 perimeter: 74.73
Iter 323 J: 2.24E+01 perimeter: 72.68
Iter 324 J: 2.24E+01 perimeter: 72.67
Iter 325 J: 2.25E+01 perimeter: 73.92
Iter 326 J: 2.26E+01 perimeter: 77.89
Iter 327 J: 2.26E+01 perimeter: 77.74
Iter 328 J: 2.25E+01 perimeter: 74.78
Iter 329 J: 2.24E+01 perimeter: 71.65
Iter 330 J: 2.24E+01 perimeter: 71.66
Saved /home/dubin/TOMAS/output/wideZ_filt_biffurcated/design_epoch_0330.png
Iter 331 J: 2.24E+01 perimeter: 72.07
Iter 332 J: 2.26E+01 perimeter: 74.46
Iter 333 J: 2.26E+01 perimeter: 75.46
Iter 334 J: 2.25E+01 perimeter: 74.09
Iter 335 J: 2.25E+01 perimeter: 74.78
Iter 336 J: 2.24E+01 perimeter: 73.28
Iter 337 J: 2.26E+01 perimeter: 74.27
Iter 338 J: 2.25E+01 perimeter: 74.79
Iter 339 J: 2.25E+01 perimeter: 73.83
Iter 340 J: 2.25E+01 perimeter: 74.91
Saved /home/dubin/TOMAS/output/wideZ_filt_biffurcated/design_epoch_0340.png
Iter 341 J: 2.24E+01 perimeter: 74.21
Iter 342 J: 2.24E+01 perimeter: 74.84
Iter 343 J: 2.24E+01 perimeter: 72.36
Iter 344 J: 2.24E+01 perimeter: 73.25
Iter 345 J: 2.25E+01 perimeter: 75.49
Iter 346 J: 2.24E+01 perimeter: 72.40
Iter 347 J: 2.25E+01 perimeter: 72.72
Iter 348 J: 2.27E+01 perimeter: 75.79
Iter 349 J: 2.27E+01 perimeter: 75.37
Iter 350 J: 2.25E+01 perimeter: 72.93
Saved /home/dubin/TOMAS/output/wideZ_filt_biffurcated/design_epoch_0350.png

Optimization done in 105.2 s
Saved /home/dubin/TOMAS/output/wideZ_filt_biffurcated/convergence.png
