/home/dubin/TOMAS/fluid_TO/fluid_fe.py:63: UserWarning: Creating a tensor from a list of numpy.ndarrays is extremely slow. Please consider converting the list to a single numpy.ndarray with numpy.array() before converting to a tensor. (Triggered internally at ../torch/csrc/utils/tensor_new.cpp:261.)
  assembled_A_matrix =  torch.sparse_coo_tensor(
/home/dubin/TOMAS/fluid_TO/plot.py:56: UserWarning: FigureCanvasAgg is non-interactive, and thus cannot be shown
  plt.show()
/home/dubin/TOMAS/fluid_TO/plot.py:57: UserWarning: FigureCanvasAgg is non-interactive, and thus cannot be shown
  plt.pause(0.01)
Loaded VAE + normalisation tensors.
Adam optimizer
Iter   0 J: 1.87E+01 perimeter: 119.69
Saved /home/dubin/TOMAS/output/wideZ_filt_bent_pipe/design_epoch_0000.png
Iter   1 J: 1.98E+01 perimeter: 117.93
Iter   2 J: 2.14E+01 perimeter: 112.85
Iter   3 J: 1.78E+01 perimeter: 105.01
Iter   4 J: 1.87E+01 perimeter: 96.09
Iter   5 J: 1.66E+01 perimeter: 92.61
Iter   6 J: 1.67E+01 perimeter: 88.08
Iter   7 J: 1.68E+01 perimeter: 85.95
Iter   8 J: 1.54E+01 perimeter: 83.95
Iter   9 J: 1.45E+01 perimeter: 82.96
Iter  10 J: 1.43E+01 perimeter: 83.25
Iter  11 J: 1.43E+01 perimeter: 81.57
Iter  12 J: 1.37E+01 perimeter: 79.99
Iter  13 J: 1.33E+01 perimeter: 77.38
Iter  14 J: 1.33E+01 perimeter: 75.87
Iter  15 J: 1.30E+01 perimeter: 74.93
Iter  16 J: 1.32E+01 perimeter: 76.44
Iter  17 J: 1.31E+01 perimeter: 75.85
Iter  18 J: 1.27E+01 perimeter: 73.96
Iter  19 J: 1.28E+01 perimeter: 73.29
Iter  20 J: 1.29E+01 perimeter: 73.17
Saved /home/dubin/TOMAS/output/wideZ_filt_bent_pipe/design_epoch_0020.png
Iter  21 J: 1.23E+01 perimeter: 74.08
Iter  22 J: 1.22E+01 perimeter: 74.48
Iter  23 J: 1.21E+01 perimeter: 73.54
Iter  24 J: 1.19E+01 perimeter: 73.07
Iter  25 J: 1.17E+01 perimeter: 72.35
Iter  26 J: 1.20E+01 perimeter: 72.23
Iter  27 J: 1.19E+01 perimeter: 73.67
Iter  28 J: 1.16E+01 perimeter: 75.54
Iter  29 J: 1.13E+01 perimeter: 76.43
Iter  30 J: 1.11E+01 perimeter: 76.51
Iter  31 J: 1.09E+01 perimeter: 74.96
Iter  32 J: 1.08E+01 perimeter: 74.71
Iter  33 J: 1.07E+01 perimeter: 75.54
Iter  34 J: 1.05E+01 perimeter: 76.18
Iter  35 J: 1.05E+01 perimeter: 76.51
Iter  36 J: 1.09E+01 perimeter: 75.43
Iter  37 J: 1.04E+01 perimeter: 74.77
Iter  38 J: 1.05E+01 perimeter: 74.48
Iter  39 J: 1.08E+01 perimeter: 74.41
Iter  40 J: 1.05E+01 perimeter: 74.02
Saved /home/dubin/TOMAS/output/wideZ_filt_bent_pipe/design_epoch_0040.png
Iter  41 J: 1.05E+01 perimeter: 74.69
Iter  42 J: 1.04E+01 perimeter: 76.03
Iter  43 J: 1.02E+01 perimeter: 76.87
Iter  44 J: 9.98E+00 perimeter: 76.53
Iter  45 J: 9.87E+00 perimeter: 75.22
Iter  46 J: 9.79E+00 perimeter: 74.54
Iter  47 J: 9.62E+00 perimeter: 75.49
Iter  48 J: 9.57E+00 perimeter: 75.46
Iter  49 J: 9.57E+00 perimeter: 74.85
Iter  50 J: 9.52E+00 perimeter: 75.55
Iter  51 J: 9.49E+00 perimeter: 74.98
Iter  52 J: 9.42E+00 perimeter: 74.91
Iter  53 J: 9.50E+00 perimeter: 74.57
Iter  54 J: 9.35E+00 perimeter: 74.47
Iter  55 J: 9.51E+00 perimeter: 75.70
Iter  56 J: 9.40E+00 perimeter: 76.60
Iter  57 J: 9.42E+00 perimeter: 75.98
Iter  58 J: 9.19E+00 perimeter: 74.96
Iter  59 J: 9.47E+00 perimeter: 74.57
Iter  60 J: 9.40E+00 perimeter: 75.32
Saved /home/dubin/TOMAS/output/wideZ_filt_bent_pipe/design_epoch_0060.png
Iter  61 J: 9.44E+00 perimeter: 75.56
Iter  62 J: 9.24E+00 perimeter: 76.20
Iter  63 J: 9.25E+00 perimeter: 76.39
Iter  64 J: 9.22E+00 perimeter: 75.45
Iter  65 J: 9.03E+00 perimeter: 74.21
Iter  66 J: 9.24E+00 perimeter: 75.50
Iter  67 J: 9.01E+00 perimeter: 75.41
Iter  68 J: 8.79E+00 perimeter: 74.87
Iter  69 J: 8.80E+00 perimeter: 75.12
Iter  70 J: 8.61E+00 perimeter: 75.99
Iter  71 J: 8.63E+00 perimeter: 76.64
Iter  72 J: 8.57E+00 perimeter: 75.89
Iter  73 J: 8.59E+00 perimeter: 74.92
Iter  74 J: 8.40E+00 perimeter: 74.68
Iter  75 J: 8.37E+00 perimeter: 75.44
Iter  76 J: 8.32E+00 perimeter: 76.92
Iter  77 J: 8.35E+00 perimeter: 76.29
Iter  78 J: 8.33E+00 perimeter: 75.21
Iter  79 J: 8.18E+00 perimeter: 73.59
Iter  80 J: 8.25E+00 perimeter: 75.95
Saved /home/dubin/TOMAS/output/wideZ_filt_bent_pipe/design_epoch_0080.png
Iter  81 J: 8.20E+00 perimeter: 76.01
Iter  82 J: 8.55E+00 perimeter: 76.48
Iter  83 J: 8.42E+00 perimeter: 75.49
Iter  84 J: 8.32E+00 perimeter: 75.57
Iter  85 J: 8.43E+00 perimeter: 76.35
Iter  86 J: 8.30E+00 perimeter: 75.58
Iter  87 J: 8.12E+00 perimeter: 75.15
Iter  88 J: 8.15E+00 perimeter: 76.52
Iter  89 J: 8.15E+00 perimeter: 75.62
Iter  90 J: 8.21E+00 perimeter: 75.00
Iter  91 J: 8.16E+00 perimeter: 76.21
Iter  92 J: 8.10E+00 perimeter: 74.27
Iter  93 J: 8.36E+00 perimeter: 75.84
Iter  94 J: 8.14E+00 perimeter: 75.74
Iter  95 J: 8.28E+00 perimeter: 74.96
Iter  96 J: 8.05E+00 perimeter: 75.69
Iter  97 J: 7.99E+00 perimeter: 76.65
Iter  98 J: 7.98E+00 perimeter: 74.31
Iter  99 J: 8.00E+00 perimeter: 74.48
Iter 100 J: 8.01E+00 perimeter: 75.51
Saved /home/dubin/TOMAS/output/wideZ_filt_bent_pipe/design_epoch_0100.png
Iter 101 J: 8.02E+00 perimeter: 77.19
Iter 102 J: 8.10E+00 perimeter: 76.47
Iter 103 J: 7.97E+00 perimeter: 75.49
Iter 104 J: 7.94E+00 perimeter: 75.90
Iter 105 J: 7.98E+00 perimeter: 75.19
Iter 106 J: 7.96E+00 perimeter: 76.55
Iter 107 J: 7.94E+00 perimeter: 74.96
Iter 108 J: 7.86E+00 perimeter: 75.37
Iter 109 J: 8.01E+00 perimeter: 76.42
Iter 110 J: 7.87E+00 perimeter: 75.72
Iter 111 J: 8.02E+00 perimeter: 75.41
Iter 112 J: 7.93E+00 perimeter: 74.54
Iter 113 J: 7.82E+00 perimeter: 75.68
Iter 114 J: 7.92E+00 perimeter: 76.30
Iter 115 J: 7.84E+00 perimeter: 76.07
Iter 116 J: 7.86E+00 perimeter: 75.28
Iter 117 J: 8.03E+00 perimeter: 75.64
Iter 118 J: 8.03E+00 perimeter: 75.93
Iter 119 J: 8.07E+00 perimeter: 76.09
Iter 120 J: 7.83E+00 perimeter: 74.37
Saved /home/dubin/TOMAS/output/wideZ_filt_bent_pipe/design_epoch_0120.png
Iter 121 J: 7.81E+00 perimeter: 74.26
Iter 122 J: 7.91E+00 perimeter: 76.21
Iter 123 J: 7.73E+00 perimeter: 77.01
Iter 124 J: 7.70E+00 perimeter: 75.32
Iter 125 J: 7.69E+00 perimeter: 74.51
Iter 126 J: 7.78E+00 perimeter: 75.81
Iter 127 J: 7.66E+00 perimeter: 75.88
Iter 128 J: 7.64E+00 perimeter: 75.61
Iter 129 J: 7.76E+00 perimeter: 76.74
Iter 130 J: 7.62E+00 perimeter: 76.22
Iter 131 J: 7.78E+00 perimeter: 73.58
Iter 132 J: 7.76E+00 perimeter: 74.27
Iter 133 J: 7.72E+00 perimeter: 75.34
Iter 134 J: 7.61E+00 perimeter: 77.37
Iter 135 J: 7.64E+00 perimeter: 74.51
Iter 136 J: 7.67E+00 perimeter: 75.79
Iter 137 J: 7.78E+00 perimeter: 77.29
Iter 138 J: 7.71E+00 perimeter: 75.75
Iter 139 J: 7.71E+00 perimeter: 74.49
Iter 140 J: 7.74E+00 perimeter: 74.86
Saved /home/dubin/TOMAS/output/wideZ_filt_bent_pipe/design_epoch_0140.png
Iter 141 J: 7.74E+00 perimeter: 76.43
Iter 142 J: 7.65E+00 perimeter: 76.82
Iter 143 J: 7.66E+00 perimeter: 74.72
Iter 144 J: 7.62E+00 perimeter: 75.29
Iter 145 J: 7.56E+00 perimeter: 75.91
Iter 146 J: 7.54E+00 perimeter: 74.88
Iter 147 J: 7.54E+00 perimeter: 76.27
Iter 148 J: 7.51E+00 perimeter: 75.09
Iter 149 J: 7.50E+00 perimeter: 75.72
Iter 150 J: 7.54E+00 perimeter: 76.88
Iter 151 J: 7.51E+00 perimeter: 75.64
Iter 152 J: 7.54E+00 perimeter: 74.66
Iter 153 J: 7.66E+00 perimeter: 75.91
Iter 154 J: 7.54E+00 perimeter: 76.17
Iter 155 J: 7.51E+00 perimeter: 75.29
Iter 156 J: 7.70E+00 perimeter: 75.23
Iter 157 J: 7.73E+00 perimeter: 75.43
Iter 158 J: 7.50E+00 perimeter: 75.31
Iter 159 J: 7.47E+00 perimeter: 75.29
Iter 160 J: 7.73E+00 perimeter: 76.36
Saved /home/dubin/TOMAS/output/wideZ_filt_bent_pipe/design_epoch_0160.png
Iter 161 J: 7.84E+00 perimeter: 77.04
Iter 162 J: 7.75E+00 perimeter: 75.42
Iter 163 J: 7.56E+00 perimeter: 76.13
Iter 164 J: 7.48E+00 perimeter: 75.93
Iter 165 J: 7.48E+00 perimeter: 74.67
Iter 166 J: 7.61E+00 perimeter: 76.35
Iter 167 J: 7.51E+00 perimeter: 75.87
Iter 168 J: 7.49E+00 perimeter: 74.70
Iter 169 J: 7.59E+00 perimeter: 76.92
Iter 170 J: 7.61E+00 perimeter: 75.44
Iter 171 J: 7.52E+00 perimeter: 75.31
Iter 172 J: 7.53E+00 perimeter: 76.58
Iter 173 J: 7.58E+00 perimeter: 74.82
Iter 174 J: 7.40E+00 perimeter: 75.31
Iter 175 J: 7.45E+00 perimeter: 76.85
Iter 176 J: 7.53E+00 perimeter: 77.91
Iter 177 J: 7.72E+00 perimeter: 76.91
Iter 178 J: 7.73E+00 perimeter: 75.14
Iter 179 J: 7.57E+00 perimeter: 75.29
Iter 180 J: 7.71E+00 perimeter: 75.95
Saved /home/dubin/TOMAS/output/wideZ_filt_bent_pipe/design_epoch_0180.png
Iter 181 J: 7.52E+00 perimeter: 76.23
Iter 182 J: 7.52E+00 perimeter: 76.22
Iter 183 J: 7.47E+00 perimeter: 74.18
Iter 184 J: 7.44E+00 perimeter: 75.92
Iter 185 J: 7.44E+00 perimeter: 75.49
Iter 186 J: 7.45E+00 perimeter: 75.50
Iter 187 J: 7.38E+00 perimeter: 75.26
Iter 188 J: 7.44E+00 perimeter: 77.00
Iter 189 J: 7.43E+00 perimeter: 74.60
Iter 190 J: 7.45E+00 perimeter: 75.62
Iter 191 J: 7.34E+00 perimeter: 76.69
Iter 192 J: 7.40E+00 perimeter: 75.61
Iter 193 J: 7.37E+00 perimeter: 74.85
Iter 194 J: 7.50E+00 perimeter: 76.52
Iter 195 J: 7.50E+00 perimeter: 76.21
Iter 196 J: 7.37E+00 perimeter: 75.41
Iter 197 J: 7.46E+00 perimeter: 75.80
Iter 198 J: 7.42E+00 perimeter: 75.04
Iter 199 J: 7.38E+00 perimeter: 75.05
Iter 200 J: 7.40E+00 perimeter: 76.69
Saved /home/dubin/TOMAS/output/wideZ_filt_bent_pipe/design_epoch_0200.png
Iter 201 J: 7.37E+00 perimeter: 75.29
Iter 202 J: 7.36E+00 perimeter: 76.31
Iter 203 J: 7.34E+00 perimeter: 74.81
Iter 204 J: 7.37E+00 perimeter: 75.99
Iter 205 J: 7.35E+00 perimeter: 75.68
Iter 206 J: 7.33E+00 perimeter: 76.32
Iter 207 J: 7.33E+00 perimeter: 75.35
Iter 208 J: 7.34E+00 perimeter: 75.44
Iter 209 J: 7.30E+00 perimeter: 76.19
Iter 210 J: 7.28E+00 perimeter: 74.65
Iter 211 J: 7.37E+00 perimeter: 76.87
Iter 212 J: 7.36E+00 perimeter: 75.52
Iter 213 J: 7.27E+00 perimeter: 75.45
Iter 214 J: 7.30E+00 perimeter: 76.12
Iter 215 J: 7.23E+00 perimeter: 74.65
Iter 216 J: 7.30E+00 perimeter: 77.12
Iter 217 J: 7.28E+00 perimeter: 76.09
Iter 218 J: 7.20E+00 perimeter: 74.50
Iter 219 J: 7.33E+00 perimeter: 76.71
Iter 220 J: 7.38E+00 perimeter: 77.45
Saved /home/dubin/TOMAS/output/wideZ_filt_bent_pipe/design_epoch_0220.png
Iter 221 J: 7.34E+00 perimeter: 75.28
Iter 222 J: 7.36E+00 perimeter: 75.26
Iter 223 J: 7.34E+00 perimeter: 76.27
Iter 224 J: 7.31E+00 perimeter: 76.10
Iter 225 J: 7.31E+00 perimeter: 74.78
Iter 226 J: 7.31E+00 perimeter: 75.50
Iter 227 J: 7.26E+00 perimeter: 76.04
Iter 228 J: 7.26E+00 perimeter: 75.46
Iter 229 J: 7.32E+00 perimeter: 76.54
Iter 230 J: 7.29E+00 perimeter: 76.25
Iter 231 J: 7.32E+00 perimeter: 75.14
Iter 232 J: 7.28E+00 perimeter: 75.28
Iter 233 J: 7.19E+00 perimeter: 75.86
Iter 234 J: 7.29E+00 perimeter: 75.68
Iter 235 J: 7.26E+00 perimeter: 75.60
Iter 236 J: 7.21E+00 perimeter: 75.11
Iter 237 J: 7.21E+00 perimeter: 77.04
Iter 238 J: 7.21E+00 perimeter: 75.47
Iter 239 J: 7.18E+00 perimeter: 74.69
Iter 240 J: 7.14E+00 perimeter: 75.63
Saved /home/dubin/TOMAS/output/wideZ_filt_bent_pipe/design_epoch_0240.png
Iter 241 J: 7.22E+00 perimeter: 76.51
Iter 242 J: 7.21E+00 perimeter: 76.03
Iter 243 J: 7.13E+00 perimeter: 76.15
Iter 244 J: 7.18E+00 perimeter: 75.42
Iter 245 J: 7.09E+00 perimeter: 75.11
Iter 246 J: 7.11E+00 perimeter: 77.03
Iter 247 J: 7.38E+00 perimeter: 76.38
Iter 248 J: 7.22E+00 perimeter: 75.70
Iter 249 J: 7.09E+00 perimeter: 75.17
Iter 250 J: 7.12E+00 perimeter: 75.57
Iter 251 J: 7.19E+00 perimeter: 76.89
Iter 252 J: 7.11E+00 perimeter: 75.98
Iter 253 J: 7.13E+00 perimeter: 75.83
Iter 254 J: 7.28E+00 perimeter: 75.23
Iter 255 J: 7.31E+00 perimeter: 75.63
Iter 256 J: 7.15E+00 perimeter: 75.60
Iter 257 J: 7.23E+00 perimeter: 76.54
Iter 258 J: 7.22E+00 perimeter: 75.64
Iter 259 J: 7.22E+00 perimeter: 74.74
Iter 260 J: 7.17E+00 perimeter: 75.63
Saved /home/dubin/TOMAS/output/wideZ_filt_bent_pipe/design_epoch_0260.png
Iter 261 J: 7.14E+00 perimeter: 76.40
Iter 262 J: 7.09E+00 perimeter: 75.13
Iter 263 J: 7.13E+00 perimeter: 76.63
Iter 264 J: 7.07E+00 perimeter: 75.50
Iter 265 J: 7.14E+00 perimeter: 76.19
Iter 266 J: 7.16E+00 perimeter: 75.82
Iter 267 J: 7.15E+00 perimeter: 75.58
Iter 268 J: 7.08E+00 perimeter: 76.34
Iter 269 J: 7.18E+00 perimeter: 73.72
Iter 270 J: 7.24E+00 perimeter: 74.78
Iter 271 J: 7.21E+00 perimeter: 77.57
Iter 272 J: 7.24E+00 perimeter: 77.01
Iter 273 J: 7.17E+00 perimeter: 74.73
Iter 274 J: 7.16E+00 perimeter: 74.86
Iter 275 J: 7.16E+00 perimeter: 76.79
Iter 276 J: 7.12E+00 perimeter: 76.67
Iter 277 J: 7.09E+00 perimeter: 75.20
Iter 278 J: 7.08E+00 perimeter: 75.48
Iter 279 J: 7.05E+00 perimeter: 76.70
Iter 280 J: 7.06E+00 perimeter: 74.98
Saved /home/dubin/TOMAS/output/wideZ_filt_bent_pipe/design_epoch_0280.png
Iter 281 J: 7.09E+00 perimeter: 76.56
Iter 282 J: 7.10E+00 perimeter: 76.72
Iter 283 J: 7.03E+00 perimeter: 74.30
Iter 284 J: 7.06E+00 perimeter: 74.70
Iter 285 J: 7.06E+00 perimeter: 77.06
Iter 286 J: 7.06E+00 perimeter: 77.00
Iter 287 J: 7.03E+00 perimeter: 75.97
Iter 288 J: 6.96E+00 perimeter: 74.53
Iter 289 J: 7.03E+00 perimeter: 75.54
Iter 290 J: 7.17E+00 perimeter: 76.67
Iter 291 J: 7.09E+00 perimeter: 76.47
Iter 292 J: 7.12E+00 perimeter: 75.89
Iter 293 J: 7.10E+00 perimeter: 75.34
Iter 294 J: 7.01E+00 perimeter: 75.66
Iter 295 J: 7.18E+00 perimeter: 76.35
Iter 296 J: 7.22E+00 perimeter: 76.47
Iter 297 J: 7.04E+00 perimeter: 74.90
Iter 298 J: 7.10E+00 perimeter: 76.43
Iter 299 J: 7.09E+00 perimeter: 76.14
Iter 300 J: 7.03E+00 perimeter: 75.15
Saved /home/dubin/TOMAS/output/wideZ_filt_bent_pipe/design_epoch_0300.png

Optimization done in 740.4 s
Saved /home/dubin/TOMAS/output/wideZ_filt_bent_pipe/convergence.png
