/workspace/fluid_TO/fluid_fe.py:29: UserWarning: Sparse invariant checks are implicitly disabled. Memory errors (e.g. SEGFAULT) will occur when operating on a sparse tensor which violates the invariants, but checks incur performance overhead. To silence this warning, explicitly opt in or out. See `torch.sparse.check_sparse_tensor_invariants.__doc__` for guidance.  (Triggered internally at /pytorch/aten/src/ATen/Context.cpp:760.)
  fixture_const*torch.sparse_coo_tensor(indices, values, V.size())
/workspace/fluid_TO/fluid_fe.py:63: UserWarning: Creating a tensor from a list of numpy.ndarrays is extremely slow. Please consider converting the list to a single numpy.ndarray with numpy.array() before converting to a tensor. (Triggered internally at /pytorch/torch/csrc/utils/tensor_new.cpp:253.)
  assembled_A_matrix =  torch.sparse_coo_tensor(
/workspace/fluid_TO/plot.py:56: UserWarning: FigureCanvasAgg is non-interactive, and thus cannot be shown
  plt.show()
/workspace/fluid_TO/plot.py:57: UserWarning: FigureCanvasAgg is non-interactive, and thus cannot be shown
  plt.pause(0.01)
Loaded VAE + normalisation tensors.
Adam optimizer
Iter   0 J: 1.51E+02 perimeter: 79.73
Saved /workspace/output/config_diffuser/design_epoch_0000.png
Iter   1 J: 1.19E+02 perimeter: 69.41
Iter   2 J: 9.96E+01 perimeter: 62.29
Iter   3 J: 9.03E+01 perimeter: 55.48
Iter   4 J: 8.03E+01 perimeter: 54.39
Iter   5 J: 7.22E+01 perimeter: 56.36
Iter   6 J: 6.67E+01 perimeter: 59.91
Iter   7 J: 6.18E+01 perimeter: 61.04
Iter   8 J: 5.84E+01 perimeter: 60.55
Iter   9 J: 5.48E+01 perimeter: 59.36
Iter  10 J: 5.29E+01 perimeter: 59.93
Iter  11 J: 5.15E+01 perimeter: 59.47
Iter  12 J: 4.91E+01 perimeter: 59.43
Iter  13 J: 4.74E+01 perimeter: 59.23
Iter  14 J: 4.58E+01 perimeter: 60.13
Iter  15 J: 4.38E+01 perimeter: 59.69
Iter  16 J: 4.31E+01 perimeter: 60.06
Iter  17 J: 4.22E+01 perimeter: 58.80
Iter  18 J: 4.15E+01 perimeter: 59.23
Iter  19 J: 4.06E+01 perimeter: 58.82
Iter  20 J: 3.98E+01 perimeter: 58.63
Saved /workspace/output/config_diffuser/design_epoch_0020.png
Iter  21 J: 3.93E+01 perimeter: 57.95
Iter  22 J: 3.85E+01 perimeter: 57.13
Iter  23 J: 3.94E+01 perimeter: 57.81
Iter  24 J: 3.86E+01 perimeter: 58.15
Iter  25 J: 3.83E+01 perimeter: 57.65
Iter  26 J: 3.80E+01 perimeter: 57.08
Iter  27 J: 3.74E+01 perimeter: 56.28
Iter  28 J: 3.94E+01 perimeter: 55.79
Iter  29 J: 3.96E+01 perimeter: 55.44
Iter  30 J: 3.80E+01 perimeter: 57.42
Iter  31 J: 3.72E+01 perimeter: 57.74
Iter  32 J: 3.78E+01 perimeter: 58.33
Iter  33 J: 3.78E+01 perimeter: 58.76
Iter  34 J: 3.68E+01 perimeter: 58.57
Iter  35 J: 3.62E+01 perimeter: 58.08
Iter  36 J: 3.60E+01 perimeter: 57.63
Iter  37 J: 3.71E+01 perimeter: 57.59
Iter  38 J: 3.54E+01 perimeter: 57.59
Iter  39 J: 3.55E+01 perimeter: 58.02
Iter  40 J: 3.55E+01 perimeter: 57.96
Saved /workspace/output/config_diffuser/design_epoch_0040.png
Iter  41 J: 3.52E+01 perimeter: 57.95
Iter  42 J: 3.55E+01 perimeter: 57.80
Iter  43 J: 3.49E+01 perimeter: 57.45
Iter  44 J: 3.45E+01 perimeter: 57.47
Iter  45 J: 3.47E+01 perimeter: 58.16
Iter  46 J: 3.45E+01 perimeter: 58.59
Iter  47 J: 3.46E+01 perimeter: 59.34
Iter  48 J: 3.43E+01 perimeter: 59.61
Iter  49 J: 3.42E+01 perimeter: 59.40
Iter  50 J: 3.39E+01 perimeter: 59.05
Iter  51 J: 3.40E+01 perimeter: 58.36
Iter  52 J: 3.34E+01 perimeter: 57.37
Iter  53 J: 3.54E+01 perimeter: 58.22
Iter  54 J: 3.45E+01 perimeter: 58.23
Iter  55 J: 3.39E+01 perimeter: 57.91
Iter  56 J: 3.38E+01 perimeter: 58.57
Iter  57 J: 3.43E+01 perimeter: 59.77
Iter  58 J: 3.40E+01 perimeter: 60.63
Iter  59 J: 3.32E+01 perimeter: 60.66
Iter  60 J: 3.48E+01 perimeter: 60.98
Saved /workspace/output/config_diffuser/design_epoch_0060.png
Iter  61 J: 3.45E+01 perimeter: 60.04
Iter  62 J: 3.44E+01 perimeter: 58.04
Iter  63 J: 3.43E+01 perimeter: 57.61
Iter  64 J: 3.39E+01 perimeter: 58.04
Iter  65 J: 3.31E+01 perimeter: 59.06
Iter  66 J: 3.30E+01 perimeter: 60.57
Iter  67 J: 3.67E+01 perimeter: 61.90
Iter  68 J: 3.68E+01 perimeter: 61.81
Iter  69 J: 3.41E+01 perimeter: 60.73
Iter  70 J: 3.31E+01 perimeter: 59.80
Iter  71 J: 3.25E+01 perimeter: 58.81
Iter  72 J: 3.19E+01 perimeter: 58.76
Iter  73 J: 3.16E+01 perimeter: 59.08
Iter  74 J: 3.19E+01 perimeter: 58.72
Iter  75 J: 3.17E+01 perimeter: 58.06
Iter  76 J: 3.10E+01 perimeter: 58.12
Iter  77 J: 2.98E+01 perimeter: 58.47
Iter  78 J: 2.94E+01 perimeter: 59.91
Iter  79 J: 2.87E+01 perimeter: 62.36
Iter  80 J: 2.90E+01 perimeter: 62.86
Saved /workspace/output/config_diffuser/design_epoch_0080.png
Iter  81 J: 2.64E+01 perimeter: 61.22
Iter  82 J: 2.62E+01 perimeter: 60.68
Iter  83 J: 2.39E+01 perimeter: 58.69
Iter  84 J: 2.29E+01 perimeter: 58.16
Iter  85 J: 2.21E+01 perimeter: 57.71
Iter  86 J: 2.15E+01 perimeter: 59.12
Iter  87 J: 2.06E+01 perimeter: 61.19
Iter  88 J: 2.02E+01 perimeter: 59.81
Iter  89 J: 1.96E+01 perimeter: 59.32
Iter  90 J: 1.88E+01 perimeter: 59.72
Iter  91 J: 1.81E+01 perimeter: 59.35
Iter  92 J: 1.78E+01 perimeter: 60.22
Iter  93 J: 1.77E+01 perimeter: 60.12
Iter  94 J: 1.75E+01 perimeter: 58.93
Iter  95 J: 1.76E+01 perimeter: 59.28
Iter  96 J: 1.76E+01 perimeter: 60.18
Iter  97 J: 1.74E+01 perimeter: 58.92
Iter  98 J: 1.75E+01 perimeter: 59.40
Iter  99 J: 1.76E+01 perimeter: 61.43
Iter 100 J: 1.76E+01 perimeter: 61.62
Saved /workspace/output/config_diffuser/design_epoch_0100.png
Iter 101 J: 1.75E+01 perimeter: 60.30
Iter 102 J: 1.73E+01 perimeter: 57.18
Iter 103 J: 1.73E+01 perimeter: 56.27
Iter 104 J: 1.73E+01 perimeter: 57.21
Iter 105 J: 1.74E+01 perimeter: 59.70
Iter 106 J: 1.76E+01 perimeter: 62.84
Iter 107 J: 1.76E+01 perimeter: 63.81
Iter 108 J: 1.76E+01 perimeter: 63.36
Iter 109 J: 1.75E+01 perimeter: 61.75
Iter 110 J: 1.73E+01 perimeter: 58.90
Iter 111 J: 1.73E+01 perimeter: 57.52
Iter 112 J: 1.73E+01 perimeter: 57.67
Iter 113 J: 1.73E+01 perimeter: 59.01
Iter 114 J: 1.74E+01 perimeter: 60.81
Iter 115 J: 1.74E+01 perimeter: 60.96
Iter 116 J: 1.74E+01 perimeter: 60.11
Iter 117 J: 1.73E+01 perimeter: 58.55
Iter 118 J: 1.73E+01 perimeter: 58.17
Iter 119 J: 1.73E+01 perimeter: 58.87
Iter 120 J: 1.74E+01 perimeter: 60.24
Saved /workspace/output/config_diffuser/design_epoch_0120.png
Iter 121 J: 1.74E+01 perimeter: 60.64
Iter 122 J: 1.73E+01 perimeter: 60.24
Iter 123 J: 1.73E+01 perimeter: 59.10
Iter 124 J: 1.72E+01 perimeter: 58.87
Iter 125 J: 1.73E+01 perimeter: 59.42
Iter 126 J: 1.73E+01 perimeter: 60.64
Iter 127 J: 1.73E+01 perimeter: 60.87
Iter 128 J: 1.73E+01 perimeter: 60.09
Iter 129 J: 1.72E+01 perimeter: 58.18
Iter 130 J: 1.72E+01 perimeter: 57.34
Iter 131 J: 1.72E+01 perimeter: 57.81
Iter 132 J: 1.72E+01 perimeter: 59.02
Iter 133 J: 1.73E+01 perimeter: 60.43
Iter 134 J: 1.73E+01 perimeter: 60.46
Iter 135 J: 1.73E+01 perimeter: 59.63
Iter 136 J: 1.73E+01 perimeter: 59.47
Iter 137 J: 1.73E+01 perimeter: 59.96
Iter 138 J: 1.73E+01 perimeter: 59.92
Iter 139 J: 1.73E+01 perimeter: 59.62
Iter 140 J: 1.73E+01 perimeter: 60.04
Saved /workspace/output/config_diffuser/design_epoch_0140.png
Iter 141 J: 1.72E+01 perimeter: 59.63
Iter 142 J: 1.72E+01 perimeter: 59.91
Iter 143 J: 1.72E+01 perimeter: 59.49
Iter 144 J: 1.72E+01 perimeter: 59.84
Iter 145 J: 1.72E+01 perimeter: 60.19
Iter 146 J: 1.72E+01 perimeter: 59.61
Iter 147 J: 1.72E+01 perimeter: 59.80
Iter 148 J: 1.72E+01 perimeter: 60.17
Iter 149 J: 1.72E+01 perimeter: 59.50
Iter 150 J: 1.72E+01 perimeter: 59.69
Iter 151 J: 1.72E+01 perimeter: 60.52
Iter 152 J: 1.72E+01 perimeter: 60.37
Iter 153 J: 1.72E+01 perimeter: 59.39
Iter 154 J: 1.72E+01 perimeter: 59.38
Iter 155 J: 1.72E+01 perimeter: 60.22
Iter 156 J: 1.72E+01 perimeter: 60.13
Iter 157 J: 1.71E+01 perimeter: 59.20
Iter 158 J: 1.71E+01 perimeter: 59.25
Iter 159 J: 1.72E+01 perimeter: 60.14
Iter 160 J: 1.72E+01 perimeter: 60.10
Saved /workspace/output/config_diffuser/design_epoch_0160.png
Iter 161 J: 1.71E+01 perimeter: 59.17
Iter 162 J: 1.71E+01 perimeter: 59.14
Iter 163 J: 1.72E+01 perimeter: 59.91
Iter 164 J: 1.72E+01 perimeter: 60.26
Iter 165 J: 1.71E+01 perimeter: 59.77
Iter 166 J: 1.71E+01 perimeter: 59.67
Iter 167 J: 1.72E+01 perimeter: 60.41
Iter 168 J: 1.72E+01 perimeter: 60.24
Iter 169 J: 1.71E+01 perimeter: 59.22
Iter 170 J: 1.71E+01 perimeter: 59.18
Iter 171 J: 1.72E+01 perimeter: 60.06
Iter 172 J: 1.71E+01 perimeter: 59.97
Iter 173 J: 1.71E+01 perimeter: 59.24
Iter 174 J: 1.71E+01 perimeter: 59.47
Iter 175 J: 1.72E+01 perimeter: 60.52
Iter 176 J: 1.72E+01 perimeter: 60.59
Iter 177 J: 1.71E+01 perimeter: 59.83
Iter 178 J: 1.71E+01 perimeter: 59.30
Iter 179 J: 1.71E+01 perimeter: 59.68
Iter 180 J: 1.72E+01 perimeter: 60.75
Saved /workspace/output/config_diffuser/design_epoch_0180.png
Iter 181 J: 1.72E+01 perimeter: 60.95
Iter 182 J: 1.72E+01 perimeter: 60.34
Iter 183 J: 1.71E+01 perimeter: 58.96
Iter 184 J: 1.71E+01 perimeter: 58.49
Iter 185 J: 1.71E+01 perimeter: 59.00
Iter 186 J: 1.71E+01 perimeter: 60.12
Iter 187 J: 1.72E+01 perimeter: 60.37
Iter 188 J: 1.71E+01 perimeter: 59.83
Iter 189 J: 1.71E+01 perimeter: 59.47
Iter 190 J: 1.71E+01 perimeter: 59.91
Iter 191 J: 1.71E+01 perimeter: 60.03
Iter 192 J: 1.71E+01 perimeter: 59.36
Iter 193 J: 1.71E+01 perimeter: 59.53
Iter 194 J: 1.72E+01 perimeter: 60.37
Iter 195 J: 1.72E+01 perimeter: 60.37
Iter 196 J: 1.71E+01 perimeter: 59.57
Iter 197 J: 1.71E+01 perimeter: 59.69
Iter 198 J: 1.72E+01 perimeter: 60.56
Iter 199 J: 1.72E+01 perimeter: 60.48
Iter 200 J: 1.71E+01 perimeter: 59.60
Saved /workspace/output/config_diffuser/design_epoch_0200.png
Iter 201 J: 1.71E+01 perimeter: 59.55
Iter 202 J: 1.71E+01 perimeter: 60.23
Iter 203 J: 1.71E+01 perimeter: 60.08
Iter 204 J: 1.71E+01 perimeter: 59.16
Iter 205 J: 1.71E+01 perimeter: 59.06
Iter 206 J: 1.71E+01 perimeter: 59.69
Iter 207 J: 1.72E+01 perimeter: 60.96
Iter 208 J: 1.72E+01 perimeter: 61.34
Iter 209 J: 1.72E+01 perimeter: 60.90
Iter 210 J: 1.71E+01 perimeter: 59.85
Iter 211 J: 1.71E+01 perimeter: 59.02
Iter 212 J: 1.71E+01 perimeter: 58.93
Iter 213 J: 1.71E+01 perimeter: 59.47
Iter 214 J: 1.72E+01 perimeter: 60.56
Iter 215 J: 1.72E+01 perimeter: 60.95
Iter 216 J: 1.72E+01 perimeter: 60.56
Iter 217 J: 1.71E+01 perimeter: 59.51
Iter 218 J: 1.71E+01 perimeter: 59.22
Iter 219 J: 1.71E+01 perimeter: 59.61
Iter 220 J: 1.72E+01 perimeter: 60.49
Saved /workspace/output/config_diffuser/design_epoch_0220.png
Iter 221 J: 1.72E+01 perimeter: 60.57
Iter 222 J: 1.71E+01 perimeter: 60.04
Iter 223 J: 1.71E+01 perimeter: 58.93
Iter 224 J: 1.71E+01 perimeter: 58.61
Iter 225 J: 1.71E+01 perimeter: 59.02
Iter 226 J: 1.71E+01 perimeter: 59.92
Iter 227 J: 1.72E+01 perimeter: 60.59
Iter 228 J: 1.72E+01 perimeter: 60.57
Iter 229 J: 1.71E+01 perimeter: 59.82
Iter 230 J: 1.71E+01 perimeter: 59.50
Iter 231 J: 1.71E+01 perimeter: 59.87
Iter 232 J: 1.71E+01 perimeter: 60.22
Iter 233 J: 1.71E+01 perimeter: 59.91
Iter 234 J: 1.71E+01 perimeter: 59.45
Iter 235 J: 1.71E+01 perimeter: 59.72
Iter 236 J: 1.71E+01 perimeter: 60.56
Iter 237 J: 1.72E+01 perimeter: 60.59
Iter 238 J: 1.71E+01 perimeter: 59.98
Iter 239 J: 1.71E+01 perimeter: 58.95
Iter 240 J: 1.71E+01 perimeter: 58.78
Saved /workspace/output/config_diffuser/design_epoch_0240.png
Iter 241 J: 1.71E+01 perimeter: 59.40
Iter 242 J: 1.71E+01 perimeter: 60.48
Iter 243 J: 1.72E+01 perimeter: 60.79
Iter 244 J: 1.72E+01 perimeter: 60.41
Iter 245 J: 1.71E+01 perimeter: 59.38
Iter 246 J: 1.71E+01 perimeter: 59.09
Iter 247 J: 1.71E+01 perimeter: 59.48
Iter 248 J: 1.72E+01 perimeter: 60.36
Iter 249 J: 1.72E+01 perimeter: 60.56
Iter 250 J: 1.71E+01 perimeter: 60.17
Iter 251 J: 1.71E+01 perimeter: 59.20
Iter 252 J: 1.71E+01 perimeter: 58.94
Iter 253 J: 1.71E+01 perimeter: 59.28
Iter 254 J: 1.71E+01 perimeter: 60.12
Iter 255 J: 1.71E+01 perimeter: 60.29
Iter 256 J: 1.71E+01 perimeter: 59.89
Iter 257 J: 1.71E+01 perimeter: 59.49
Iter 258 J: 1.71E+01 perimeter: 59.70
Iter 259 J: 1.71E+01 perimeter: 60.42
Iter 260 J: 1.71E+01 perimeter: 60.52
Saved /workspace/output/config_diffuser/design_epoch_0260.png
Iter 261 J: 1.71E+01 perimeter: 60.05
Iter 262 J: 1.71E+01 perimeter: 59.03
Iter 263 J: 1.71E+01 perimeter: 58.74
Iter 264 J: 1.71E+01 perimeter: 59.16
Iter 265 J: 1.71E+01 perimeter: 59.95
Iter 266 J: 1.71E+01 perimeter: 60.49
Iter 267 J: 1.71E+01 perimeter: 60.42
Iter 268 J: 1.71E+01 perimeter: 59.78
Iter 269 J: 1.71E+01 perimeter: 59.75
Iter 270 J: 1.71E+01 perimeter: 60.31
Iter 271 J: 1.71E+01 perimeter: 60.13
Iter 272 J: 1.71E+01 perimeter: 59.43
Iter 273 J: 1.71E+01 perimeter: 59.36
Iter 274 J: 1.71E+01 perimeter: 59.82
Iter 275 J: 1.71E+01 perimeter: 60.56
Iter 276 J: 1.71E+01 perimeter: 60.64
Iter 277 J: 1.71E+01 perimeter: 60.07
Iter 278 J: 1.71E+01 perimeter: 58.87
Iter 279 J: 1.70E+01 perimeter: 58.49
Iter 280 J: 1.71E+01 perimeter: 58.98
Saved /workspace/output/config_diffuser/design_epoch_0280.png
Iter 281 J: 1.71E+01 perimeter: 59.86
Iter 282 J: 1.72E+01 perimeter: 60.78
Iter 283 J: 1.72E+01 perimeter: 60.97
Iter 284 J: 1.72E+01 perimeter: 60.56
Iter 285 J: 1.71E+01 perimeter: 59.53
Iter 286 J: 1.71E+01 perimeter: 59.12
Iter 287 J: 1.71E+01 perimeter: 59.43
Iter 288 J: 1.71E+01 perimeter: 60.28
Iter 289 J: 1.71E+01 perimeter: 60.30
Iter 290 J: 1.71E+01 perimeter: 59.68
Iter 291 J: 1.71E+01 perimeter: 59.73
Iter 292 J: 1.71E+01 perimeter: 60.28
Iter 293 J: 1.71E+01 perimeter: 60.16
Iter 294 J: 1.71E+01 perimeter: 59.43
Iter 295 J: 1.71E+01 perimeter: 59.47
Iter 296 J: 1.71E+01 perimeter: 60.06
Iter 297 J: 1.71E+01 perimeter: 59.99
Iter 298 J: 1.71E+01 perimeter: 59.53
Iter 299 J: 1.71E+01 perimeter: 59.78
Iter 300 J: 1.71E+01 perimeter: 60.66
Saved /workspace/output/config_diffuser/design_epoch_0300.png

Optimization done in 72.5 s
Saved /workspace/output/config_diffuser/convergence.png
